Quiet-host audit passed: /home/cosmo/Git/softgl/build/diagnostics/bulk-prepared-bins/timings/bulk-prepared-bins-ms0-audit-1-pair-1.json attempt 1
bulk-prepared-bins-ms0: audit 1, pair 1 verified
Quiet-host audit passed: /home/cosmo/Git/softgl/build/diagnostics/bulk-prepared-bins/timings/bulk-prepared-bins-ms0-audit-1-pair-2.json attempt 1
bulk-prepared-bins-ms0: audit 1, pair 2 verified
Quiet-host audit passed: /home/cosmo/Git/softgl/build/diagnostics/bulk-prepared-bins/timings/bulk-prepared-bins-ms0-audit-1-pair-3.json attempt 1
bulk-prepared-bins-ms0: audit 1, pair 3 verified
Quiet-host audit passed: /home/cosmo/Git/softgl/build/diagnostics/bulk-prepared-bins/timings/bulk-prepared-bins-ms0-audit-2-pair-1.json attempt 1
bulk-prepared-bins-ms0: audit 2, pair 1 verified
Quiet-host audit passed: /home/cosmo/Git/softgl/build/diagnostics/bulk-prepared-bins/timings/bulk-prepared-bins-ms0-audit-2-pair-2.json attempt 1
bulk-prepared-bins-ms0: audit 2, pair 2 verified
Quiet-host audit passed: /home/cosmo/Git/softgl/build/diagnostics/bulk-prepared-bins/timings/bulk-prepared-bins-ms0-audit-2-pair-3.json attempt 1
bulk-prepared-bins-ms0: audit 2, pair 3 verified
Quiet-host audit passed: /home/cosmo/Git/softgl/build/diagnostics/bulk-prepared-bins/timings/bulk-prepared-bins-ms2-audit-1-pair-1.json attempt 1
bulk-prepared-bins-ms2: audit 1, pair 1 verified
Quiet-host audit passed: /home/cosmo/Git/softgl/build/diagnostics/bulk-prepared-bins/timings/bulk-prepared-bins-ms2-audit-1-pair-2.json attempt 1
bulk-prepared-bins-ms2: audit 1, pair 2 verified
Quiet-host audit passed: /home/cosmo/Git/softgl/build/diagnostics/bulk-prepared-bins/timings/bulk-prepared-bins-ms2-audit-1-pair-3.json attempt 1
bulk-prepared-bins-ms2: audit 1, pair 3 verified
Quiet-host audit passed: /home/cosmo/Git/softgl/build/diagnostics/bulk-prepared-bins/timings/bulk-prepared-bins-ms2-audit-2-pair-1.json attempt 1
bulk-prepared-bins-ms2: audit 2, pair 1 verified
Quiet-host audit passed: /home/cosmo/Git/softgl/build/diagnostics/bulk-prepared-bins/timings/bulk-prepared-bins-ms2-audit-2-pair-2.json attempt 1
bulk-prepared-bins-ms2: audit 2, pair 2 verified
Quiet-host audit passed: /home/cosmo/Git/softgl/build/diagnostics/bulk-prepared-bins/timings/bulk-prepared-bins-ms2-audit-2-pair-3.json attempt 1
bulk-prepared-bins-ms2: audit 2, pair 3 verified
Quiet-host audit passed: /home/cosmo/Git/softgl/build/diagnostics/bulk-prepared-bins/timings/bulk-prepared-bins-audit-1-pair-1.json attempt 1
bulk-prepared-bins: audit 1, pair 1 verified
Quiet-host audit passed: /home/cosmo/Git/softgl/build/diagnostics/bulk-prepared-bins/timings/bulk-prepared-bins-audit-1-pair-2.json attempt 1
bulk-prepared-bins: audit 1, pair 2 verified
Quiet-host audit passed: /home/cosmo/Git/softgl/build/diagnostics/bulk-prepared-bins/timings/bulk-prepared-bins-audit-1-pair-3.json attempt 1
bulk-prepared-bins: audit 1, pair 3 verified
Quiet-host audit passed: /home/cosmo/Git/softgl/build/diagnostics/bulk-prepared-bins/timings/bulk-prepared-bins-audit-2-pair-1.json attempt 1
bulk-prepared-bins: audit 2, pair 1 verified
Quiet-host audit passed: /home/cosmo/Git/softgl/build/diagnostics/bulk-prepared-bins/timings/bulk-prepared-bins-audit-2-pair-2.json attempt 1
bulk-prepared-bins: audit 2, pair 2 verified
Quiet-host audit passed: /home/cosmo/Git/softgl/build/diagnostics/bulk-prepared-bins/timings/bulk-prepared-bins-audit-2-pair-3.json attempt 1
bulk-prepared-bins: audit 2, pair 3 verified
/home/cosmo/Git/softgl/build/diagnostics/bulk-prepared-bins/timings/bulk-prepared-bins-results.json
All eighteen predeclared paired comparisons complete
