off capture: 4608 cases against actual packet/scalar/quad LEQUAL/ALWAYS renders safe; visible/empty/hidden=3376/816/416, 232 LESS ties and 416 conservative hidden references retained
depth capture: 8192 actual LEQUAL/ALWAYS classification cases exact; 2x visible/empty/hidden=2496/768/832 4x=2496/768/832, 416 LESS ties preserved
depth replay: 47x31 samples=0 workers=1, 22 actual queued state/sample-plane cases exact
depth replay: 47x31 samples=0 workers=3, 22 actual queued state/sample-plane cases exact
depth replay: 47x31 samples=0 workers=8, 22 actual queued state/sample-plane cases exact
depth replay: 47x31 samples=2 workers=1, 18 actual queued state/sample-plane cases exact
depth replay: 47x31 samples=2 workers=3, 18 actual queued state/sample-plane cases exact
depth replay: 47x31 samples=2 workers=8, 18 actual queued state/sample-plane cases exact
depth replay: 47x31 samples=4 workers=1, 18 actual queued state/sample-plane cases exact
depth replay: 47x31 samples=4 workers=3, 18 actual queued state/sample-plane cases exact
depth replay: 47x31 samples=4 workers=8, 18 actual queued state/sample-plane cases exact
depth replay: 128x32 samples=0 workers=1, 22 actual queued state/sample-plane cases exact
depth replay: 128x32 samples=0 workers=3, 22 actual queued state/sample-plane cases exact
depth replay: 128x32 samples=0 workers=8, 22 actual queued state/sample-plane cases exact
depth replay: 128x32 samples=2 workers=1, 18 actual queued state/sample-plane cases exact
depth replay: 128x32 samples=2 workers=3, 18 actual queued state/sample-plane cases exact
depth replay: 128x32 samples=2 workers=8, 18 actual queued state/sample-plane cases exact
depth replay: 128x32 samples=4 workers=1, 18 actual queued state/sample-plane cases exact
depth replay: 128x32 samples=4 workers=3, 18 actual queued state/sample-plane cases exact
depth replay: 128x32 samples=4 workers=8, 18 actual queued state/sample-plane cases exact

0x: 98304 exact post-Z stores, 640 DOT3 query-oracle frames and fallback states passed
2x: 98304 exact post-Z stores, 640 DOT3 query-oracle frames and fallback states passed
4x: 98304 exact post-Z stores, 640 DOT3 query-oracle frames and fallback states passed
262144 exact RGBA quantizations passed
bin state: samples=0 width=47 workers=1, 72 queued state-transition draws, 12 complete plane snapshots exact to query oracle
bin state: samples=0 width=47 workers=3, 72 queued state-transition draws, 12 complete plane snapshots exact to query oracle
bin state: samples=0 width=47 workers=8, 72 queued state-transition draws, 12 complete plane snapshots exact to query oracle
bin state: samples=0 width=128 workers=1, 72 queued state-transition draws, 12 complete plane snapshots exact to query oracle
bin state: samples=0 width=128 workers=3, 72 queued state-transition draws, 12 complete plane snapshots exact to query oracle
bin state: samples=0 width=128 workers=8, 72 queued state-transition draws, 12 complete plane snapshots exact to query oracle
bin state: samples=2 width=47 workers=1, 72 queued state-transition draws, 12 complete plane snapshots exact to query oracle
bin state: samples=2 width=47 workers=3, 72 queued state-transition draws, 12 complete plane snapshots exact to query oracle
bin state: samples=2 width=47 workers=8, 72 queued state-transition draws, 12 complete plane snapshots exact to query oracle
bin state: samples=2 width=128 workers=1, 72 queued state-transition draws, 12 complete plane snapshots exact to query oracle
bin state: samples=2 width=128 workers=3, 72 queued state-transition draws, 12 complete plane snapshots exact to query oracle
bin state: samples=2 width=128 workers=8, 72 queued state-transition draws, 12 complete plane snapshots exact to query oracle
bin state: samples=4 width=47 workers=1, 72 queued state-transition draws, 12 complete plane snapshots exact to query oracle
bin state: samples=4 width=47 workers=3, 72 queued state-transition draws, 12 complete plane snapshots exact to query oracle
bin state: samples=4 width=47 workers=8, 72 queued state-transition draws, 12 complete plane snapshots exact to query oracle
bin state: samples=4 width=128 workers=1, 72 queued state-transition draws, 12 complete plane snapshots exact to query oracle
bin state: samples=4 width=128 workers=3, 72 queued state-transition draws, 12 complete plane snapshots exact to query oracle
bin state: samples=4 width=128 workers=8, 72 queued state-transition draws, 12 complete plane snapshots exact to query oracle

