Starting full-regressions.py
Traceback (most recent call last):
  File "/home/cosmo/Git/softgl/build/diagnostics/slice-vertex-packing/full-regressions.py", line 24, in <module>
    run(['node',str(r/'model-equivalence.cjs'),str(base/'build/controls'/(name+'-candidate')),str(mode)],r/f'model-{mode}.log')
    ~~~^^^^^^^^^^^^^^^^^^^^^^^^^^^^^^^^^^^^^^^^^^^^^^^^^^^^^^^^^^^^^^^^^^^^^^^^^^^^^^^^^^^^^^^^^^^^^^^^^^^^^^^^^^^^^^^^^^^^^^^^
  File "/home/cosmo/Git/softgl/build/diagnostics/slice-vertex-packing/full-regressions.py", line 6, in run
    with log.open('w') as f:subprocess.run(cmd,env=env,stdout=f,stderr=subprocess.STDOUT,check=True)
                            ~~~~~~~~~~~~~~^^^^^^^^^^^^^^^^^^^^^^^^^^^^^^^^^^^^^^^^^^^^^^^^^^^^^^^^^^
  File "/usr/lib/python3.13/subprocess.py", line 577, in run
    raise CalledProcessError(retcode, process.args,
                             output=stdout, stderr=stderr)
subprocess.CalledProcessError: Command '['node', '/home/cosmo/Git/softgl/build/diagnostics/slice-vertex-packing/model-equivalence.cjs', '/home/cosmo/Git/softgl/build/controls/asan-full/tests/CMakeFiles/slice_prepack_contract.dir/slice_prepack.c.o-candidate', '0']' returned non-zero exit status 1.
Traceback (most recent call last):
  File "/home/cosmo/Git/softgl/build/diagnostics/slice-vertex-packing/run-gates.py", line 12, in <module>
    subprocess.run(['python3', str(root / name)]+(['--resume-wasm'] if name=='full-regressions.py' and '--resume-wasm' in sys.argv else []), env=env, check=True)
    ~~~~~~~~~~~~~~^^^^^^^^^^^^^^^^^^^^^^^^^^^^^^^^^^^^^^^^^^^^^^^^^^^^^^^^^^^^^^^^^^^^^^^^^^^^^^^^^^^^^^^^^^^^^^^^^^^^^^^^^^^^^^^^^^^^^^^^^^^^^^^^^^^^^^^^^^^^^^^
  File "/usr/lib/python3.13/subprocess.py", line 577, in run
    raise CalledProcessError(retcode, process.args,
                             output=stdout, stderr=stderr)
subprocess.CalledProcessError: Command '['python3', '/home/cosmo/Git/softgl/build/diagnostics/slice-vertex-packing/full-regressions.py', '--resume-wasm']' returned non-zero exit status 1.
