Starting full-regressions.py
Traceback (most recent call last):
  File "/home/cosmo/Git/softgl/build/diagnostics/slice-vertex-packing/full-regressions.py", line 19, in <module>
    run(['node',str(r/('all-tests-ms0.cjs' if mode==0 else ('all-tests-msaa.cjs' if mode==2 else 'all-tests-msaa4.cjs')))],r/f'ms{mode}-images.log')
    ~~~^^^^^^^^^^^^^^^^^^^^^^^^^^^^^^^^^^^^^^^^^^^^^^^^^^^^^^^^^^^^^^^^^^^^^^^^^^^^^^^^^^^^^^^^^^^^^^^^^^^^^^^^^^^^^^^^^^^^^^^^^^^^^^^^^^^^^^^^^^^^^
  File "/home/cosmo/Git/softgl/build/diagnostics/slice-vertex-packing/full-regressions.py", line 6, in run
    with log.open('w') as f:subprocess.run(cmd,env=env,stdout=f,stderr=subprocess.STDOUT,check=True)
                            ~~~~~~~~~~~~~~^^^^^^^^^^^^^^^^^^^^^^^^^^^^^^^^^^^^^^^^^^^^^^^^^^^^^^^^^^
  File "/usr/lib/python3.13/subprocess.py", line 577, in run
    raise CalledProcessError(retcode, process.args,
                             output=stdout, stderr=stderr)
subprocess.CalledProcessError: Command '['node', '/home/cosmo/Git/softgl/build/diagnostics/slice-vertex-packing/all-tests-ms0.cjs']' returned non-zero exit status 1.
Traceback (most recent call last):
  File "/home/cosmo/Git/softgl/build/diagnostics/slice-vertex-packing/run-gates.py", line 11, in <module>
    subprocess.run(['python3', str(root / name)], env=env, check=True)
    ~~~~~~~~~~~~~~^^^^^^^^^^^^^^^^^^^^^^^^^^^^^^^^^^^^^^^^^^^^^^^^^^^^
  File "/usr/lib/python3.13/subprocess.py", line 577, in run
    raise CalledProcessError(retcode, process.args,
                             output=stdout, stderr=stderr)
subprocess.CalledProcessError: Command '['python3', '/home/cosmo/Git/softgl/build/diagnostics/slice-vertex-packing/full-regressions.py']' returned non-zero exit status 1.
