Quiet-host audit passed: /home/cosmo/Git/softgl/build/perf/tigerlake-20261005/off-pixel-bound-ms0-audit-1-pair-1.json attempt 1
off-pixel-bound-ms0: audit 1, pair 1 verified
Quiet-host audit passed: /home/cosmo/Git/softgl/build/perf/tigerlake-20261005/off-pixel-bound-ms0-audit-1-pair-2.json attempt 1
off-pixel-bound-ms0: audit 1, pair 2 verified
Quiet-host audit passed: /home/cosmo/Git/softgl/build/perf/tigerlake-20261005/off-pixel-bound-ms0-audit-1-pair-3.json attempt 1
off-pixel-bound-ms0: audit 1, pair 3 verified
Quiet-host audit passed: /home/cosmo/Git/softgl/build/perf/tigerlake-20261005/off-pixel-bound-ms0-audit-2-pair-1.json attempt 1
off-pixel-bound-ms0: audit 2, pair 1 verified
Quiet-host audit passed: /home/cosmo/Git/softgl/build/perf/tigerlake-20261005/off-pixel-bound-ms0-audit-2-pair-2.json attempt 1
off-pixel-bound-ms0: audit 2, pair 2 verified
Quiet-host audit passed: /home/cosmo/Git/softgl/build/perf/tigerlake-20261005/off-pixel-bound-ms0-audit-2-pair-3.json attempt 1
off-pixel-bound-ms0: audit 2, pair 3 verified
Quiet-host audit passed: /home/cosmo/Git/softgl/build/perf/tigerlake-20261005/off-pixel-bound-ms2-audit-1-pair-1.json attempt 1
off-pixel-bound-ms2: audit 1, pair 1 verified
Quiet-host audit passed: /home/cosmo/Git/softgl/build/perf/tigerlake-20261005/off-pixel-bound-ms2-audit-1-pair-2.json attempt 1
off-pixel-bound-ms2: audit 1, pair 2 verified
Quiet-host audit passed: /home/cosmo/Git/softgl/build/perf/tigerlake-20261005/off-pixel-bound-ms2-audit-1-pair-3.json attempt 1
off-pixel-bound-ms2: audit 1, pair 3 verified
Quiet-host audit passed: /home/cosmo/Git/softgl/build/perf/tigerlake-20261005/off-pixel-bound-ms2-audit-2-pair-1.json attempt 1
off-pixel-bound-ms2: audit 2, pair 1 verified
Quiet-host audit passed: /home/cosmo/Git/softgl/build/perf/tigerlake-20261005/off-pixel-bound-ms2-audit-2-pair-2.json attempt 1
off-pixel-bound-ms2: audit 2, pair 2 verified
Quiet-host audit passed: /home/cosmo/Git/softgl/build/perf/tigerlake-20261005/off-pixel-bound-ms2-audit-2-pair-3.json attempt 1
off-pixel-bound-ms2: audit 2, pair 3 verified
Quiet-host audit passed: /home/cosmo/Git/softgl/build/perf/tigerlake-20261005/off-pixel-bound-audit-1-pair-1.json attempt 1
off-pixel-bound: audit 1, pair 1 verified
Quiet-host audit passed: /home/cosmo/Git/softgl/build/perf/tigerlake-20261005/off-pixel-bound-audit-1-pair-2.json attempt 1
off-pixel-bound: audit 1, pair 2 verified
Quiet-host audit passed: /home/cosmo/Git/softgl/build/perf/tigerlake-20261005/off-pixel-bound-audit-1-pair-3.json attempt 1
off-pixel-bound: audit 1, pair 3 verified
Quiet-host audit passed: /home/cosmo/Git/softgl/build/perf/tigerlake-20261005/off-pixel-bound-audit-2-pair-1.json attempt 1
off-pixel-bound: audit 2, pair 1 verified
Quiet-host audit passed: /home/cosmo/Git/softgl/build/perf/tigerlake-20261005/off-pixel-bound-audit-2-pair-2.json attempt 1
off-pixel-bound: audit 2, pair 2 verified
Quiet-host audit passed: /home/cosmo/Git/softgl/build/perf/tigerlake-20261005/off-pixel-bound-audit-2-pair-3.json attempt 1
off-pixel-bound: audit 2, pair 3 verified
/home/cosmo/Git/softgl/build/perf/tigerlake-20261005/off-pixel-bound-results.json
