[100%] Built target softgl
[100%] Building C object tests/CMakeFiles/visibility_copy_contract.dir/visibility_copy.c.o
[100%] Linking C executable visibility_copy_contract
[100%] Built target visibility_copy_contract
[100%] Built target softgl
[100%] Built target index_range_contract
[  0%] Built target msaa_edge_instrumented
[100%] Built target softgl
[100%] Built target msaa_edge_contract
[ 66%] Built target softgl
[100%] Built target cube_packet_contract
[ 66%] Built target softgl
[100%] Built target worker_pool
[ 66%] Built target softgl
[100%] Built target multisample_contract
[100%] Built target softgl
[100%] Built target msaa_store_contract
[100%] Built target softgl
[100%] Built target hierarchical_depth_contract
[100%] Built target softgl
[100%] Built target dot3_chain_contract
[100%] Built target softgl
[100%] Built target constant_texture_contract
[100%] Built target softgl
[100%] Built target pixel_packet_contract
[ 66%] Built target softgl
[100%] Built target geometry_cache_contract
[100%] Built target softgl
[100%] Built target async_raster_contract
[100%] Built target softgl
[100%] Built target raster_vertex_pack_contract
[100%] Built target softgl
[100%] Built target packed_stream_contract
[ 66%] Built target softgl
[100%] Built target simd_clamp_contract
[100%] Built target softgl
[100%] Built target ordered_draw_queue_contract
[100%] Built target softgl
[100%] Built target msaa_additive_contract
[100%] Built target softgl
[100%] Built target triangle_stage_contract
[100%] Built target softgl
[100%] Built target msaa_scanline_contract
[100%] Built target softgl
[100%] Built target cube_filter_contract
[100%] Built target softgl
[100%] Built target cache_coverage_contract
[100%] Built target softgl
[100%] Built target depth_replay_contract
[ 66%] Built target softgl
[100%] Built target position_cache_contract
[100%] Built target softgl
[100%] Built target vertex_inputs_contract
