Quiet-host audit passed: /home/cosmo/Git/softgl/build/diagnostics/visibility-byte-select/timings/visibility-byte-select-ms0-audit-1-pair-1.json attempt 1
visibility-byte-select-ms0: audit 1, pair 1 verified
Quiet-host audit passed: /home/cosmo/Git/softgl/build/diagnostics/visibility-byte-select/timings/visibility-byte-select-ms0-audit-1-pair-2.json attempt 1
visibility-byte-select-ms0: audit 1, pair 2 verified
Quiet-host audit passed: /home/cosmo/Git/softgl/build/diagnostics/visibility-byte-select/timings/visibility-byte-select-ms0-audit-1-pair-3.json attempt 1
visibility-byte-select-ms0: audit 1, pair 3 verified
Quiet-host audit passed: /home/cosmo/Git/softgl/build/diagnostics/visibility-byte-select/timings/visibility-byte-select-ms0-audit-2-pair-1.json attempt 1
visibility-byte-select-ms0: audit 2, pair 1 verified
Quiet-host audit passed: /home/cosmo/Git/softgl/build/diagnostics/visibility-byte-select/timings/visibility-byte-select-ms0-audit-2-pair-2.json attempt 1
visibility-byte-select-ms0: audit 2, pair 2 verified
Quiet-host audit passed: /home/cosmo/Git/softgl/build/diagnostics/visibility-byte-select/timings/visibility-byte-select-ms0-audit-2-pair-3.json attempt 1
visibility-byte-select-ms0: audit 2, pair 3 verified
Quiet-host audit passed: /home/cosmo/Git/softgl/build/diagnostics/visibility-byte-select/timings/visibility-byte-select-ms2-audit-1-pair-1.json attempt 1
visibility-byte-select-ms2: audit 1, pair 1 verified
Quiet-host audit passed: /home/cosmo/Git/softgl/build/diagnostics/visibility-byte-select/timings/visibility-byte-select-ms2-audit-1-pair-2.json attempt 1
visibility-byte-select-ms2: audit 1, pair 2 verified
Quiet-host audit passed: /home/cosmo/Git/softgl/build/diagnostics/visibility-byte-select/timings/visibility-byte-select-ms2-audit-1-pair-3.json attempt 1
visibility-byte-select-ms2: audit 1, pair 3 verified
Quiet-host audit passed: /home/cosmo/Git/softgl/build/diagnostics/visibility-byte-select/timings/visibility-byte-select-ms2-audit-2-pair-1.json attempt 1
visibility-byte-select-ms2: audit 2, pair 1 verified
Quiet-host audit passed: /home/cosmo/Git/softgl/build/diagnostics/visibility-byte-select/timings/visibility-byte-select-ms2-audit-2-pair-2.json attempt 1
visibility-byte-select-ms2: audit 2, pair 2 verified
Quiet-host audit passed: /home/cosmo/Git/softgl/build/diagnostics/visibility-byte-select/timings/visibility-byte-select-ms2-audit-2-pair-3.json attempt 1
visibility-byte-select-ms2: audit 2, pair 3 verified
Quiet-host audit passed: /home/cosmo/Git/softgl/build/diagnostics/visibility-byte-select/timings/visibility-byte-select-audit-1-pair-1.json attempt 1
visibility-byte-select: audit 1, pair 1 verified
Quiet-host audit passed: /home/cosmo/Git/softgl/build/diagnostics/visibility-byte-select/timings/visibility-byte-select-audit-1-pair-2.json attempt 1
visibility-byte-select: audit 1, pair 2 verified
Quiet-host audit passed: /home/cosmo/Git/softgl/build/diagnostics/visibility-byte-select/timings/visibility-byte-select-audit-1-pair-3.json attempt 1
visibility-byte-select: audit 1, pair 3 verified
Quiet-host audit passed: /home/cosmo/Git/softgl/build/diagnostics/visibility-byte-select/timings/visibility-byte-select-audit-2-pair-1.json attempt 1
visibility-byte-select: audit 2, pair 1 verified
Quiet-host audit passed: /home/cosmo/Git/softgl/build/diagnostics/visibility-byte-select/timings/visibility-byte-select-audit-2-pair-2.json attempt 1
visibility-byte-select: audit 2, pair 2 verified
Quiet-host audit passed: /home/cosmo/Git/softgl/build/diagnostics/visibility-byte-select/timings/visibility-byte-select-audit-2-pair-3.json attempt 1
visibility-byte-select: audit 2, pair 3 verified
/home/cosmo/Git/softgl/build/diagnostics/visibility-byte-select/timings/visibility-byte-select-results.json
All eighteen predeclared paired comparisons complete
