0000000000000000 0000000000000004 b sg_cross_disabled
000000000003cbf0 0000000000000008 T sg_raster_triangle
0000000000000ca0 0000000000000009 T sg_cross_packet_pending
0000000000000000 0000000000000009 t sg_raster_triangle_depth_capture.cold
0000000000000019 0000000000000009 t sg_raster_triangle_tile_prepared.cold
0000000000000cb0 000000000000000e T sg_cross_packet_test_enable
0000000000000009 0000000000000010 t sg_raster_triangle_msaa4_capture.cold
00000000000074a0 0000000000000027 T sg_cross_packet_end
000000000003cb80 0000000000000062 T sg_raster_triangle_tile
00000000000072f0 00000000000001a5 T sg_cross_packet_begin
0000000000000000 00000000000001fa t sg_multisample_primitive_color
0000000000003270 0000000000000253 T sg_packet_sample_cube_target
0000000000000000 0000000000000410 b sg_cross_storage
0000000000001810 0000000000000804 T sg_raster_point_impl
0000000000000200 0000000000000a9a t sg_raster_line_multisample
0000000000000cc0 0000000000000b4e T sg_raster_line_impl
0000000000002020 0000000000001250 T sg_packet_sample_cube_coherent
00000000000034d0 0000000000003e14 t sg_cross_flush
000000000002b3d0 00000000000072af t sg_raster_triangle_msaa2
0000000000024060 0000000000007363 t sg_raster_triangle_msaa2_capture
0000000000011cc0 00000000000091cd t sg_raster_triangle_msaa4_capture
000000000001ae90 00000000000091cf t sg_raster_triangle_msaa4
0000000000032680 000000000000a4ff T sg_raster_triangle_tile_prepared
00000000000074d0 000000000000a7ed t sg_raster_triangle_depth_capture
