[  0%] Built target test_test_01_clear_black
[  0%] Built target test_test_02_clear_red
[  0%] Building C object CMakeFiles/softgl_objs.dir/home/cosmo/Git/softgl/libsoftgl/src/rasterizer.c.o
[  1%] Built target test_test_03_scissor_clear
[  2%] Building C object CMakeFiles/softgl_objs.dir/home/cosmo/Git/softgl/libsoftgl/src/workers.c.o
[  2%] Built target test_test_04_partial_viewport_clear
[  2%] Built target test_test_05_multi_clear_stripes
[  3%] Built target test_test_06_get_viewport
[  3%] Built target test_test_07_matrix_identity
[  3%] Built target test_test_09_matrix_stack
[  4%] Built target test_test_08_matrix_translate
[  5%] Built target test_test_101_begin_triangles
[  5%] Built target test_test_100_showcase
[  5%] Built target test_test_102_vertex_variants
[  6%] Built target test_test_103_triangle_strip
[  6%] Built target test_test_104_triangle_fan
[  6%] Built target test_test_105_quads_one
[  7%] Built target test_test_106_quads_two
[  7%] Built target test_test_107_quad_strip
[  7%] Built target test_test_108_polygon_hexagon
[  8%] Built target test_test_109_lit_triangle
[  9%] Built target test_test_110_textured_quad
[  9%] Built target test_test_10_ortho_projection
[  9%] Built target test_test_111_multitexture_imm
[  9%] Built target test_test_112_rectf
[  9%] Built target test_test_114_array_element
[ 10%] Built target test_test_113_type_conversion
[ 10%] Built target test_test_116_dlist_empty
[ 11%] Built target test_test_115_lit_polygon
[ 11%] Built target test_test_117_dlist_triangle
[ 12%] Built target test_test_118_dlist_transform
[ 12%] Built target test_test_119_dlist_compile_and_execute
[ 12%] Built target test_test_11_triangle_ccw
[ 13%] Built target test_test_120_call_lists_byte
[ 13%] Built target test_test_121_nested_lists
[ 14%] Built target test_test_122_dlist_lit
[ 14%] Built target test_test_123_dlist_texture
[ 14%] Built target test_test_124_dlist_vbo_draw
[ 15%] Built target test_test_125_dlist_vbo_alloc
[ 16%] Built target test_test_127_dlist_matrix_stack
[ 16%] Built target test_test_126_dlist_color_order
[ 16%] Built target test_test_128_dlist_repeat_outer_mv
[ 16%] Built target test_test_129_dlist_id_recycle
[ 16%] Built target test_test_130_call_lists_2bytes
[ 17%] Built target test_test_12_triangle_cw_culled
[ 17%] Built target test_test_131_lines_basic
[ 18%] Built target test_test_132_line_strip
[ 18%] Built target test_test_133_line_loop
[ 19%] Built target test_test_134_line_width
[ 19%] Built target test_test_135_points_grid
[ 19%] Built target test_test_136_point_size
[ 20%] Built target test_test_137_polygon_mode_line
[ 20%] Built target test_test_138_polygon_mode_point
[ 21%] Built target test_test_139_polygon_mode_two_faces
[ 21%] Built target test_test_13_triangle_depth
[ 21%] Built target test_test_140_polygon_offset
[ 22%] Built target test_test_141_line_color_gradient
[ 22%] Built target test_test_142_line_perspective_depth
[ 22%] Built target test_test_143_line_clip
[ 23%] Built target test_test_144_edge_flag_polygon
[ 23%] Built target test_test_145_mixed_primitives
[ 24%] Built target test_test_146_stencil_clear
[ 24%] Built target test_test_147_stencil_mask_basic
[ 24%] Built target test_test_148_stencil_incr_overlap
[ 25%] Built target test_test_149_stencil_invert_xor
[ 25%] Built target test_test_14_triangle_frustum
[ 26%] Built target test_test_150_stencil_zfail_shadow
[ 26%] Built target test_test_151_stencil_write_mask
[ 26%] Built target test_test_152_stencil_value_mask
[ 26%] Built target test_test_154_stencil_portal
[ 27%] Built target test_test_153_stencil_dpfail_incr
[ 27%] Built target test_test_155_stencil_mirror
[ 28%] Built target test_test_156_tex1d_gradient
[ 28%] Built target test_test_157_tex1d_lookup
[ 29%] Built target test_test_158_tex3d_corners
[ 29%] Built target test_test_159_tex3d_slices
[ 29%] Built target test_test_15_two_tris_depth
[ 30%] Built target test_test_160_cubemap_skybox
[ 30%] Built target test_test_161_cubemap_reflect
[ 31%] Built target test_test_162_cubemap_faces
[ 32%] Built target test_test_165_tex_sub_image_2d
[ 32%] Built target test_test_163_copy_tex_image_2d
[ 32%] Built target test_test_164_copy_tex_sub_image_2d
[ 32%] Built target test_test_166_tex_sub_image_3d
[ 32%] Built target test_test_167_cubemap_lit
[ 33%] Built target test_test_168_tex3d_trilinear
[ 34%] Built target test_test_16_flat_shaded
[ 34%] Built target test_test_169_cube_and_2d
[ 34%] Built target test_test_170_all_targets
[ 34%] Built target test_test_171_clip_plane_y
[ 35%] Built target test_test_172_clip_plane_diagonal
[ 35%] Built target test_test_173_clip_plane_two
[ 36%] Built target test_test_174_color_material_diffuse
[ 36%] Built target test_test_175_light_model_local_viewer
[ 36%] Built target test_test_176_light_model_two_side
[ 37%] Built target test_test_177_color_mask
[ 37%] Built target test_test_178_logic_op_xor
[ 37%] Built target test_test_179_logic_op_invert
[ 38%] Built target test_test_17_gouraud_rgb
[ 38%] Built target test_test_180_hint_and_index_mask
[ 39%] Built target test_test_181_drawpixels_rgba
[ 39%] Built target test_test_182_drawpixels_luminance
[ 40%] Built target test_test_184_readpixels_echo
[ 40%] Built target test_test_183_drawpixels_rgb_float
[ 40%] Built target test_test_185_copypixels
[ 41%] Built target test_test_186_pixelzoom_2x
[ 41%] Built target test_test_187_pixelzoom_flip
[ 41%] Built target test_test_188_unpack_alignment
[ 42%] Built target test_test_189_unpack_rowlength_skip
[ 42%] Built target test_test_18_fullscreen_quad
[ 42%] Built target test_test_190_rasterpos_clipped
[ 43%] Built target test_test_191_combine_interpolate
[ 43%] Built target test_test_192_combine_subtract
[ 44%] Built target test_test_193_combine_add_signed_scale
[ 44%] Built target test_test_194_combine_split_alpha
[ 45%] Built target test_test_196_occlusion_samples
[ 45%] Built target test_test_195_combine_dot3_rgba
[ 45%] Built target test_test_197_occlusion_any
[ 46%] Built target test_test_198_map_buffer
[ 46%] Built target test_test_199_evaluators_patch
[ 46%] Built target test_test_19_degenerate_triangle
[ 47%] Built target test_test_200_accum_jitter
[ 47%] Built target test_test_201_stipple
[ 48%] Built target test_test_203_bump_brick
[ 48%] Built target test_test_202_shadow_volume
[ 48%] Built target test_test_204_lightmap_corridor
[ 49%] Built target test_test_206_spot_projector
[ 49%] Built target test_test_205_chrome_sphere
[ 49%] Built target test_test_207_glass_window
[ 49%] Built target test_test_209_particles_additive
[ 50%] Built target test_test_208_terrain_blend
[ 51%] Built target test_test_20_triangle_at_edges
[ 51%] Built target test_test_210_portal_rooms
[ 51%] Built target test_test_211_billboard_trees
[ 52%] Built target test_test_212_skybox_sun
[ 52%] Built target test_test_213_lens_flare
[ 52%] Built target test_test_214_decal_stencil
[ 53%] Built target test_test_215_crt_emissive
[ 53%] Built target test_test_216_water_surface
[ 54%] Built target test_test_217_dot3_multipass_fog
[ 54%] Built target test_test_218_worker_single_triangle
[ 54%] Built target test_test_219_normal_matrix_batches
[ 55%] Built target test_test_220_texture_linear_fog
[ 55%] Built target test_test_21_clip_left
[ 56%] Built target test_test_221_texture_state_batches
[ 56%] Built target test_test_222_worker_quad_boundaries
[ 57%] Built target test_test_224_parallel_occlusion_queries
[ 57%] Built target test_test_223_parallel_vertex_projection
[ 57%] Built target test_test_225_transformed_bin_lifetime
[ 57%] Built target test_test_226_parallel_pool_queries
[ 58%] Built target test_test_227_simd_color_rounding
[ 58%] Built target test_test_228_texture_repeat_coordinates
[ 59%] Built target test_test_229_scalar_early_depth
[ 59%] Built target test_test_22_clip_right
[ 59%] Built target test_test_230_combiner_sampling_dependencies
[ 60%] Built target test_test_231_order_sensitive_sorting
[ 60%] Built target test_test_232_combiner_operand_channels
[ 61%] Built target test_test_233_large_query_handoffs
[ 61%] Built target test_test_234_multisample_state
[ 61%] Built target test_test_23_clip_top
[ 61%] Built target test_test_25_clip_near
[ 62%] Built target test_test_24_clip_bottom
[ 62%] Built target test_test_26_clip_far
[ 62%] Built target test_test_28_clip_offscreen_but_visible
[ 63%] Built target test_test_27_clip_all_planes
[ 64%] Built target test_test_29_clip_quad_seam
[ 64%] Built target test_test_30_clip_many_triangles
[ 64%] Built target test_test_31_translate
[ 65%] Built target test_test_32_rotate_x
[ 65%] Built target test_test_33_rotate_y
[ 66%] Built target test_test_34_rotate_z
[ 66%] Built target test_test_35_scale_nonuniform
[ 66%] Built target test_test_36_rotate_translate
[ 67%] Built target test_test_37_orbit
[ 67%] Built target test_test_38_perspective_60fov
[ 68%] Built target test_test_40_hierarchical_transform
[ 68%] Built target test_test_39_aspect_correction
[ 68%] Built target test_test_41_tex_checkerboard
[ 69%] Built target test_test_42_tex_gradient_bilinear
[ 69%] Built target test_test_43_tex_repeat
[ 69%] Built target test_test_44_tex_clamp
[ 70%] Built target test_test_45_tex_many_repeats
[ 70%] Built target test_test_46_tex_alpha_cutout
[ 71%] Built target test_test_47_tex_modulate
[ 71%] Built target test_test_48_tex_replace
[ 71%] Built target test_test_49_tex_decal
[ 72%] Built target test_test_50_multitexture
[ 72%] Built target test_test_51_directional_light
[ 72%] Built target test_test_52_ambient_only
[ 73%] Built target test_test_53_diffuse_lambert
[ 73%] Built target test_test_54_specular_blinn
[ 74%] Built target test_test_55_point_light_attenuation
[ 74%] Built target test_test_56_multi_lights
[ 74%] Built target test_test_57_icosphere_lit
[ 75%] Built target test_test_58_colored_material
[ 75%] Built target test_test_59_emission
[ 76%] Built target test_test_60_normalize
[ 76%] Built target test_test_62_icosphere_subdiv
[ 76%] Built target test_test_61_tessellated_grid
[ 77%] Built target test_test_63_uv_sphere
[ 77%] Built target test_test_64_cylinder
[ 77%] Built target test_test_65_torus
[ 78%] Built target test_test_66_bezier_patch
[ 79%] Built target test_test_68_loft
[ 79%] Built target test_test_67_extrusion
[ 79%] Built target test_test_69_superquadric
[ 79%] Built target test_test_70_heightfield
[ 80%] Built target test_test_71_fog_exp2
[ 80%] Built target test_test_72_fog_linear
[ 81%] Built target test_test_73_fog_exp
[ 81%] Built target test_test_74_fog_colored
[ 81%] Built target test_test_75_alpha_blend
[ 81%] Built target test_test_77_alpha_test_edge
[ 82%] Built target test_test_76_additive_blend
[ 82%] Built target test_test_78_transparent_stack
[ 83%] Built target test_test_79_premult_alpha
[ 83%] Built target test_test_80_blend_depth
[ 84%] Built target test_test_81_vbo_simple
[ 84%] Built target test_test_82_vbo_interleaved_pc
[ 84%] Built target test_test_83_vbo_interleaved_pnct
[ 85%] Built target test_test_84_indexed_draw
[ 86%] Built target test_test_86_buffer_subdata
[ 86%] Built target test_test_85_multi_vbos
[ 86%] Built target test_test_87_large_mesh
[ 86%] Built target test_test_88_instanced_manual
[ 87%] Built target test_test_89_dynamic_vbo
[ 87%] Built target test_test_90_multi_drawarrays
[ 88%] Built target test_test_92_normalmap_pattern
[ 88%] Built target test_test_91_dot3_baseline
[ 88%] Built target test_test_93_normalmap_depth
[ 89%] Built target test_test_94_lit_textured_sphere
[ 89%] Built target test_test_95_scene_sphere_ground
[ 89%] Built target test_test_96_building_cube
[ 90%] Built target test_test_97_multiple_buildings
[ 90%] Built target test_test_98_city_block
[ 91%] Built target test_test_99_moving_camera
[ 98%] Built target softgl_objs
[ 99%] Linking C executable softgl.js
emcc: warning: -pthread + ALLOW_MEMORY_GROWTH may run non-wasm code slowly, see https://github.com/WebAssembly/design/issues/1271 [-Wpthreads-mem-growth]
[100%] Built target softgl
