[  0%] Built target sg_compare
[  0%] Built target bench_case_showcase
[  0%] Built target msaa_edge_instrumented
[  2%] Built target softgl
[  2%] Built target bench_case_particles
[  2%] Built target bench_case_city
[  2%] Built target bench_case_shadow
[  2%] Built target bench_case_sphere_lit
[  2%] Built target harness_softgl
[  2%] Built target harness_mesa
[  2%] Built target bench_tank
[  2%] Built target tank_image_scene
[  3%] Built target worker_pool
[  3%] Built target model_image_scene
[  3%] Built target multisample_contract
[  3%] Built target msaa_store_contract
[  3%] Building C object tests/CMakeFiles/hierarchical_depth_contract.dir/hierarchical_depth.c.o
[  3%] Built target dot3_chain_contract
[  3%] Built target msaa_edge_contract
[  3%] Built target constant_texture_contract
[  4%] Built target geometry_cache_contract
[  4%] Built target pixel_packet_contract
[  5%] Built target cube_packet_contract
[  5%] Built target async_raster_contract
[  6%] Built target raster_vertex_pack_contract
[  6%] Built target packed_stream_contract
[  6%] Built target simd_clamp_contract
[  7%] Built target ordered_draw_queue_contract
[  8%] Built target msaa_additive_contract
[  8%] Built target triangle_stage_contract
[  8%] Built target msaa_scanline_contract
[  8%] Built target cube_filter_contract
[  8%] Built target depth_replay_contract
[  8%] Built target cache_coverage_contract
[  8%] Built target position_cache_contract
[  8%] Built target bench_raster
[  8%] Built target vertex_inputs_contract
[  9%] Built target bench_scenes
[  9%] Built target ref_01_clear_black
[  9%] Built target sgl_01_clear_black
[  9%] Built target ref_02_clear_red
[  9%] Built target ref_03_scissor_clear
[ 10%] Built target sgl_02_clear_red
[ 10%] Built target sgl_03_scissor_clear
[ 10%] Built target ref_04_partial_viewport_clear
[ 10%] Built target sgl_04_partial_viewport_clear
[ 11%] Built target ref_05_multi_clear_stripes
[ 11%] Built target sgl_05_multi_clear_stripes
[ 11%] Built target sgl_06_get_viewport
[ 11%] Built target ref_06_get_viewport
[ 11%] Built target ref_07_matrix_identity
[ 11%] Built target ref_08_matrix_translate
[ 12%] Built target sgl_07_matrix_identity
[ 12%] Built target sgl_08_matrix_translate
[ 12%] Built target ref_09_matrix_stack
[ 12%] Built target sgl_09_matrix_stack
[ 12%] Built target ref_10_ortho_projection
[ 12%] Built target sgl_10_ortho_projection
[ 13%] Built target ref_11_triangle_ccw
[ 13%] Built target sgl_11_triangle_ccw
[ 13%] Built target sgl_12_triangle_cw_culled
[ 14%] Built target ref_12_triangle_cw_culled
[ 15%] Built target ref_13_triangle_depth
[ 15%] Built target sgl_13_triangle_depth
[ 15%] Built target ref_14_triangle_frustum
[ 15%] Built target sgl_14_triangle_frustum
[ 15%] Built target sgl_15_two_tris_depth
[ 15%] Built target ref_15_two_tris_depth
[ 15%] Built target ref_16_flat_shaded
[ 16%] Built target sgl_16_flat_shaded
[ 16%] Built target ref_17_gouraud_rgb
[ 17%] Built target sgl_17_gouraud_rgb
[ 17%] Built target ref_18_fullscreen_quad
[ 17%] Linking C executable hierarchical_depth_contract
[ 17%] Built target sgl_18_fullscreen_quad
[ 17%] Built target ref_19_degenerate_triangle
[ 17%] Built target ref_20_triangle_at_edges
[ 17%] Built target sgl_19_degenerate_triangle
[ 17%] Built target sgl_20_triangle_at_edges
[ 17%] Built target sgl_21_clip_left
[ 17%] Built target ref_21_clip_left
[ 17%] Built target hierarchical_depth_contract
[ 17%] Built target ref_22_clip_right
[ 18%] Built target ref_23_clip_top
[ 18%] Built target sgl_22_clip_right
[ 18%] Built target sgl_23_clip_top
[ 18%] Built target ref_24_clip_bottom
[ 18%] Built target ref_25_clip_near
[ 18%] Built target sgl_24_clip_bottom
[ 19%] Built target sgl_25_clip_near
[ 19%] Built target ref_26_clip_far
[ 19%] Built target ref_27_clip_all_planes
[ 19%] Built target sgl_26_clip_far
[ 19%] Built target sgl_27_clip_all_planes
[ 19%] Built target ref_28_clip_offscreen_but_visible
[ 19%] Built target sgl_28_clip_offscreen_but_visible
[ 20%] Built target ref_29_clip_quad_seam
[ 20%] Built target sgl_29_clip_quad_seam
[ 20%] Built target sgl_30_clip_many_triangles
[ 20%] Built target ref_30_clip_many_triangles
[ 20%] Built target ref_31_translate
[ 21%] Built target sgl_31_translate
[ 21%] Built target ref_32_rotate_x
[ 21%] Built target sgl_32_rotate_x
[ 21%] Built target ref_33_rotate_y
[ 21%] Built target sgl_33_rotate_y
[ 22%] Built target ref_34_rotate_z
[ 22%] Built target sgl_34_rotate_z
[ 22%] Built target ref_35_scale_nonuniform
[ 22%] Built target sgl_35_scale_nonuniform
[ 22%] Built target ref_36_rotate_translate
[ 23%] Built target sgl_36_rotate_translate
[ 23%] Built target ref_37_orbit
[ 23%] Built target sgl_37_orbit
[ 23%] Built target ref_38_perspective_60fov
[ 23%] Built target sgl_38_perspective_60fov
[ 24%] Built target ref_39_aspect_correction
[ 24%] Built target sgl_39_aspect_correction
[ 24%] Built target ref_40_hierarchical_transform
[ 24%] Built target sgl_40_hierarchical_transform
[ 24%] Built target ref_41_tex_checkerboard
[ 25%] Built target sgl_41_tex_checkerboard
[ 25%] Built target ref_42_tex_gradient_bilinear
[ 25%] Built target sgl_42_tex_gradient_bilinear
[ 25%] Built target ref_43_tex_repeat
[ 25%] Built target sgl_43_tex_repeat
[ 25%] Built target ref_44_tex_clamp
[ 25%] Built target sgl_44_tex_clamp
[ 25%] Built target sgl_45_tex_many_repeats
[ 26%] Built target ref_45_tex_many_repeats
[ 26%] Built target ref_46_tex_alpha_cutout
[ 27%] Built target sgl_46_tex_alpha_cutout
[ 27%] Built target ref_47_tex_modulate
[ 27%] Built target sgl_47_tex_modulate
[ 27%] Built target ref_48_tex_replace
[ 27%] Built target sgl_48_tex_replace
[ 27%] Built target ref_49_tex_decal
[ 27%] Built target sgl_49_tex_decal
[ 28%] Built target ref_50_multitexture
[ 28%] Built target sgl_50_multitexture
[ 28%] Built target ref_51_directional_light
[ 28%] Built target sgl_51_directional_light
[ 29%] Built target ref_52_ambient_only
[ 29%] Built target sgl_52_ambient_only
[ 29%] Built target ref_53_diffuse_lambert
[ 29%] Built target sgl_53_diffuse_lambert
[ 29%] Built target sgl_54_specular_blinn
[ 29%] Built target ref_54_specular_blinn
[ 30%] Built target ref_55_point_light_attenuation
[ 30%] Built target sgl_55_point_light_attenuation
[ 30%] Built target sgl_56_multi_lights
[ 30%] Built target ref_56_multi_lights
[ 31%] Built target sgl_57_icosphere_lit
[ 31%] Built target ref_57_icosphere_lit
[ 31%] Built target sgl_58_colored_material
[ 31%] Built target ref_59_emission
[ 31%] Built target ref_58_colored_material
[ 31%] Built target sgl_59_emission
[ 32%] Built target ref_60_normalize
[ 32%] Built target ref_61_tessellated_grid
[ 32%] Built target sgl_60_normalize
[ 32%] Built target ref_62_icosphere_subdiv
[ 32%] Built target sgl_61_tessellated_grid
[ 33%] Built target sgl_62_icosphere_subdiv
[ 33%] Built target ref_63_uv_sphere
[ 33%] Built target sgl_63_uv_sphere
[ 33%] Built target ref_64_cylinder
[ 33%] Built target sgl_64_cylinder
[ 33%] Built target ref_65_torus
[ 33%] Built target sgl_65_torus
[ 34%] Built target ref_66_bezier_patch
[ 34%] Built target sgl_66_bezier_patch
[ 34%] Built target ref_67_extrusion
[ 34%] Built target sgl_67_extrusion
[ 34%] Built target ref_68_loft
[ 35%] Built target sgl_68_loft
[ 35%] Built target ref_69_superquadric
[ 35%] Built target sgl_69_superquadric
[ 35%] Built target ref_70_heightfield
[ 35%] Built target sgl_70_heightfield
[ 36%] Built target ref_71_fog_exp2
[ 36%] Built target sgl_71_fog_exp2
[ 36%] Built target ref_72_fog_linear
[ 36%] Built target sgl_72_fog_linear
[ 36%] Built target ref_73_fog_exp
[ 37%] Built target sgl_73_fog_exp
[ 37%] Built target ref_74_fog_colored
[ 37%] Built target sgl_74_fog_colored
[ 37%] Built target sgl_75_alpha_blend
[ 37%] Built target ref_75_alpha_blend
[ 38%] Built target ref_76_additive_blend
[ 38%] Built target sgl_76_additive_blend
[ 38%] Built target ref_77_alpha_test_edge
[ 38%] Built target sgl_77_alpha_test_edge
[ 39%] Built target sgl_78_transparent_stack
[ 39%] Built target ref_78_transparent_stack
[ 39%] Built target sgl_79_premult_alpha
[ 39%] Built target ref_79_premult_alpha
[ 39%] Built target ref_80_blend_depth
[ 39%] Built target sgl_80_blend_depth
[ 39%] Built target sgl_81_vbo_simple
[ 39%] Built target ref_81_vbo_simple
[ 39%] Built target sgl_82_vbo_interleaved_pc
[ 40%] Built target ref_82_vbo_interleaved_pc
[ 40%] Built target ref_83_vbo_interleaved_pnct
[ 41%] Built target sgl_83_vbo_interleaved_pnct
[ 41%] Built target sgl_84_indexed_draw
[ 41%] Built target ref_84_indexed_draw
[ 41%] Built target sgl_85_multi_vbos
[ 41%] Built target ref_85_multi_vbos
[ 41%] Built target sgl_86_buffer_subdata
[ 42%] Built target ref_87_large_mesh
[ 42%] Built target ref_86_buffer_subdata
[ 42%] Built target sgl_87_large_mesh
[ 42%] Built target ref_88_instanced_manual
[ 42%] Built target sgl_88_instanced_manual
[ 42%] Built target ref_89_dynamic_vbo
[ 43%] Built target sgl_89_dynamic_vbo
[ 43%] Built target ref_90_multi_drawarrays
[ 43%] Built target sgl_90_multi_drawarrays
[ 43%] Built target sgl_91_dot3_baseline
[ 43%] Built target ref_91_dot3_baseline
[ 44%] Built target ref_92_normalmap_pattern
[ 44%] Built target sgl_92_normalmap_pattern
[ 44%] Built target ref_93_normalmap_depth
[ 44%] Built target ref_94_lit_textured_sphere
[ 44%] Built target sgl_93_normalmap_depth
[ 45%] Built target sgl_94_lit_textured_sphere
[ 45%] Built target ref_95_scene_sphere_ground
[ 45%] Built target sgl_95_scene_sphere_ground
[ 45%] Built target ref_96_building_cube
[ 45%] Built target sgl_96_building_cube
[ 46%] Built target ref_97_multiple_buildings
[ 46%] Built target sgl_97_multiple_buildings
[ 46%] Built target ref_98_city_block
[ 46%] Built target sgl_98_city_block
[ 47%] Built target sgl_99_moving_camera
[ 47%] Built target ref_99_moving_camera
[ 48%] Built target ref_100_showcase
[ 48%] Built target sgl_100_showcase
[ 48%] Built target ref_101_begin_triangles
[ 48%] Built target ref_102_vertex_variants
[ 48%] Built target sgl_101_begin_triangles
[ 49%] Built target sgl_102_vertex_variants
[ 49%] Built target sgl_103_triangle_strip
[ 49%] Built target ref_103_triangle_strip
[ 49%] Built target ref_104_triangle_fan
[ 49%] Built target sgl_104_triangle_fan
[ 49%] Built target ref_105_quads_one
[ 49%] Built target sgl_105_quads_one
[ 50%] Built target ref_106_quads_two
[ 50%] Built target sgl_106_quads_two
[ 50%] Built target ref_107_quad_strip
[ 51%] Built target sgl_107_quad_strip
[ 51%] Built target ref_108_polygon_hexagon
[ 51%] Built target sgl_108_polygon_hexagon
[ 51%] Built target ref_109_lit_triangle
[ 51%] Built target sgl_109_lit_triangle
[ 52%] Built target ref_110_textured_quad
[ 52%] Built target sgl_110_textured_quad
[ 52%] Built target sgl_111_multitexture_imm
[ 52%] Built target ref_111_multitexture_imm
[ 52%] Built target ref_112_rectf
[ 53%] Built target sgl_112_rectf
[ 53%] Built target ref_113_type_conversion
[ 53%] Built target sgl_113_type_conversion
[ 53%] Built target ref_114_array_element
[ 54%] Built target ref_115_lit_polygon
[ 54%] Built target sgl_114_array_element
[ 54%] Built target sgl_115_lit_polygon
[ 54%] Built target ref_116_dlist_empty
[ 54%] Built target sgl_116_dlist_empty
[ 54%] Built target ref_117_dlist_triangle
[ 55%] Built target sgl_117_dlist_triangle
[ 55%] Built target ref_118_dlist_transform
[ 55%] Built target sgl_118_dlist_transform
[ 55%] Built target ref_119_dlist_compile_and_execute
[ 55%] Built target sgl_119_dlist_compile_and_execute
[ 55%] Built target ref_120_call_lists_byte
[ 55%] Built target sgl_120_call_lists_byte
[ 55%] Built target ref_121_nested_lists
[ 56%] Built target sgl_121_nested_lists
[ 56%] Built target ref_122_dlist_lit
[ 56%] Built target ref_123_dlist_texture
[ 56%] Built target sgl_122_dlist_lit
[ 56%] Built target ref_124_dlist_vbo_draw
[ 56%] Built target sgl_123_dlist_texture
[ 56%] Built target sgl_124_dlist_vbo_draw
[ 57%] Built target ref_125_dlist_vbo_alloc
[ 57%] Built target sgl_125_dlist_vbo_alloc
[ 57%] Built target ref_126_dlist_color_order
[ 57%] Built target sgl_126_dlist_color_order
[ 57%] Built target ref_127_dlist_matrix_stack
[ 58%] Built target sgl_127_dlist_matrix_stack
[ 58%] Built target ref_128_dlist_repeat_outer_mv
[ 58%] Built target sgl_128_dlist_repeat_outer_mv
[ 58%] Built target ref_129_dlist_id_recycle
[ 58%] Built target ref_130_call_lists_2bytes
[ 58%] Built target sgl_129_dlist_id_recycle
[ 58%] Built target sgl_130_call_lists_2bytes
[ 58%] Built target ref_132_line_strip
[ 59%] Built target sgl_131_lines_basic
[ 59%] Built target ref_131_lines_basic
[ 59%] Built target sgl_132_line_strip
[ 60%] Built target ref_134_line_width
[ 60%] Built target ref_133_line_loop
[ 60%] Built target sgl_133_line_loop
[ 60%] Built target sgl_134_line_width
[ 60%] Built target sgl_135_points_grid
[ 60%] Built target ref_135_points_grid
[ 60%] Built target ref_136_point_size
[ 61%] Built target sgl_136_point_size
[ 61%] Built target sgl_137_polygon_mode_line
[ 61%] Built target ref_137_polygon_mode_line
[ 61%] Built target ref_138_polygon_mode_point
[ 61%] Built target sgl_138_polygon_mode_point
[ 61%] Built target sgl_139_polygon_mode_two_faces
[ 61%] Built target ref_139_polygon_mode_two_faces
[ 61%] Built target ref_140_polygon_offset
[ 62%] Built target sgl_140_polygon_offset
[ 62%] Built target sgl_141_line_color_gradient
[ 62%] Built target ref_141_line_color_gradient
[ 62%] Built target ref_142_line_perspective_depth
[ 62%] Built target sgl_143_line_clip
[ 62%] Built target sgl_142_line_perspective_depth
[ 62%] Built target ref_143_line_clip
[ 63%] Built target ref_144_edge_flag_polygon
[ 63%] Built target sgl_145_mixed_primitives
[ 63%] Built target sgl_144_edge_flag_polygon
[ 63%] Built target ref_145_mixed_primitives
[ 63%] Built target ref_146_stencil_clear
[ 64%] Built target ref_147_stencil_mask_basic
[ 64%] Built target sgl_146_stencil_clear
[ 64%] Built target sgl_147_stencil_mask_basic
[ 64%] Built target ref_148_stencil_incr_overlap
[ 65%] Built target ref_149_stencil_invert_xor
[ 65%] Built target sgl_149_stencil_invert_xor
[ 65%] Built target sgl_148_stencil_incr_overlap
[ 65%] Built target ref_150_stencil_zfail_shadow
[ 66%] Built target sgl_150_stencil_zfail_shadow
[ 66%] Built target ref_151_stencil_write_mask
[ 66%] Built target sgl_151_stencil_write_mask
[ 66%] Built target ref_152_stencil_value_mask
[ 66%] Built target sgl_152_stencil_value_mask
[ 66%] Built target ref_153_stencil_dpfail_incr
[ 66%] Built target sgl_153_stencil_dpfail_incr
[ 66%] Built target sgl_154_stencil_portal
[ 66%] Built target ref_155_stencil_mirror
[ 67%] Built target ref_154_stencil_portal
[ 68%] Built target sgl_155_stencil_mirror
[ 68%] Built target ref_156_tex1d_gradient
[ 68%] Built target ref_157_tex1d_lookup
[ 68%] Built target sgl_156_tex1d_gradient
[ 68%] Built target sgl_157_tex1d_lookup
[ 68%] Built target ref_158_tex3d_corners
[ 68%] Built target sgl_158_tex3d_corners
[ 69%] Built target ref_159_tex3d_slices
[ 69%] Built target sgl_159_tex3d_slices
[ 70%] Built target sgl_160_cubemap_skybox
[ 70%] Built target ref_161_cubemap_reflect
[ 70%] Built target ref_160_cubemap_skybox
[ 70%] Built target sgl_161_cubemap_reflect
[ 71%] Built target ref_163_copy_tex_image_2d
[ 71%] Built target ref_162_cubemap_faces
[ 71%] Built target sgl_162_cubemap_faces
[ 71%] Built target sgl_163_copy_tex_image_2d
[ 71%] Built target ref_164_copy_tex_sub_image_2d
[ 71%] Built target ref_165_tex_sub_image_2d
[ 71%] Built target sgl_164_copy_tex_sub_image_2d
[ 72%] Built target sgl_165_tex_sub_image_2d
[ 72%] Built target ref_166_tex_sub_image_3d
[ 72%] Built target sgl_166_tex_sub_image_3d
[ 72%] Built target ref_167_cubemap_lit
[ 73%] Built target ref_168_tex3d_trilinear
[ 73%] Built target sgl_167_cubemap_lit
[ 73%] Built target sgl_168_tex3d_trilinear
[ 73%] Built target ref_169_cube_and_2d
[ 73%] Built target sgl_169_cube_and_2d
[ 73%] Built target ref_170_all_targets
[ 73%] Built target sgl_170_all_targets
[ 73%] Built target ref_171_clip_plane_y
[ 73%] Built target sgl_171_clip_plane_y
[ 73%] Built target sgl_172_clip_plane_diagonal
[ 73%] Built target ref_172_clip_plane_diagonal
[ 74%] Built target ref_173_clip_plane_two
[ 74%] Built target sgl_173_clip_plane_two
[ 74%] Built target ref_174_color_material_diffuse
[ 74%] Built target sgl_174_color_material_diffuse
[ 74%] Built target ref_175_light_model_local_viewer
[ 75%] Built target sgl_175_light_model_local_viewer
[ 75%] Built target ref_176_light_model_two_side
[ 75%] Built target sgl_176_light_model_two_side
[ 75%] Built target ref_177_color_mask
[ 75%] Built target sgl_177_color_mask
[ 76%] Built target ref_178_logic_op_xor
[ 76%] Built target sgl_178_logic_op_xor
[ 76%] Built target ref_179_logic_op_invert
[ 76%] Built target sgl_179_logic_op_invert
[ 76%] Built target ref_180_hint_and_index_mask
[ 76%] Built target sgl_180_hint_and_index_mask
[ 76%] Built target ref_181_drawpixels_rgba
[ 76%] Built target sgl_181_drawpixels_rgba
[ 77%] Built target ref_182_drawpixels_luminance
[ 77%] Built target sgl_182_drawpixels_luminance
[ 77%] Built target ref_183_drawpixels_rgb_float
[ 77%] Built target ref_184_readpixels_echo
[ 77%] Built target sgl_183_drawpixels_rgb_float
[ 78%] Built target sgl_184_readpixels_echo
[ 78%] Built target ref_185_copypixels
[ 78%] Built target ref_186_pixelzoom_2x
[ 78%] Built target sgl_185_copypixels
[ 78%] Built target sgl_186_pixelzoom_2x
[ 78%] Built target sgl_187_pixelzoom_flip
[ 78%] Built target ref_187_pixelzoom_flip
[ 79%] Built target ref_188_unpack_alignment
[ 79%] Built target sgl_188_unpack_alignment
[ 80%] Built target sgl_189_unpack_rowlength_skip
[ 80%] Built target ref_189_unpack_rowlength_skip
[ 80%] Built target ref_190_rasterpos_clipped
[ 80%] Built target sgl_190_rasterpos_clipped
[ 81%] Built target ref_192_combine_subtract
[ 81%] Built target ref_191_combine_interpolate
[ 81%] Built target sgl_191_combine_interpolate
[ 81%] Built target sgl_192_combine_subtract
[ 81%] Built target sgl_193_combine_add_signed_scale
[ 81%] Built target ref_193_combine_add_signed_scale
[ 81%] Built target ref_194_combine_split_alpha
[ 82%] Built target sgl_194_combine_split_alpha
[ 82%] Built target sgl_195_combine_dot3_rgba
[ 82%] Built target ref_196_occlusion_samples
[ 82%] Built target ref_195_combine_dot3_rgba
[ 82%] Built target sgl_196_occlusion_samples
[ 83%] Built target ref_197_occlusion_any
[ 83%] Built target sgl_197_occlusion_any
[ 83%] Built target ref_198_map_buffer
[ 83%] Built target sgl_198_map_buffer
[ 83%] Built target ref_199_evaluators_patch
[ 84%] Built target sgl_199_evaluators_patch
[ 84%] Built target ref_200_accum_jitter
[ 85%] Built target ref_201_stipple
[ 85%] Built target sgl_200_accum_jitter
[ 85%] Built target sgl_201_stipple
[ 85%] Built target ref_202_shadow_volume
[ 85%] Built target sgl_202_shadow_volume
[ 85%] Built target ref_203_bump_brick
[ 86%] Built target sgl_203_bump_brick
[ 86%] Built target sgl_204_lightmap_corridor
[ 86%] Built target ref_204_lightmap_corridor
[ 86%] Built target ref_205_chrome_sphere
[ 86%] Built target sgl_205_chrome_sphere
[ 86%] Built target sgl_206_spot_projector
[ 86%] Built target ref_206_spot_projector
[ 87%] Built target ref_207_glass_window
[ 87%] Built target sgl_207_glass_window
[ 87%] Built target ref_208_terrain_blend
[ 87%] Built target sgl_208_terrain_blend
[ 88%] Built target sgl_209_particles_additive
[ 88%] Built target ref_209_particles_additive
[ 88%] Built target ref_210_portal_rooms
[ 88%] Built target sgl_210_portal_rooms
[ 89%] Built target ref_211_billboard_trees
[ 89%] Built target sgl_211_billboard_trees
[ 89%] Built target sgl_212_skybox_sun
[ 89%] Built target ref_212_skybox_sun
[ 89%] Built target ref_213_lens_flare
[ 89%] Built target sgl_214_decal_stencil
[ 89%] Built target ref_214_decal_stencil
[ 90%] Built target sgl_213_lens_flare
[ 90%] Built target ref_215_crt_emissive
[ 90%] Built target sgl_215_crt_emissive
[ 91%] Built target ref_216_water_surface
[ 91%] Built target sgl_216_water_surface
[ 91%] Built target ref_217_dot3_multipass_fog
[ 91%] Built target ref_218_worker_single_triangle
[ 92%] Built target sgl_218_worker_single_triangle
[ 92%] Built target sgl_217_dot3_multipass_fog
[ 92%] Built target ref_219_normal_matrix_batches
[ 92%] Built target sgl_220_texture_linear_fog
[ 92%] Built target ref_220_texture_linear_fog
[ 92%] Built target sgl_219_normal_matrix_batches
[ 93%] Built target ref_221_texture_state_batches
[ 93%] Built target sgl_221_texture_state_batches
[ 93%] Built target ref_222_worker_quad_boundaries
[ 94%] Built target sgl_222_worker_quad_boundaries
[ 94%] Built target ref_223_parallel_vertex_projection
[ 94%] Built target sgl_223_parallel_vertex_projection
[ 94%] Built target sgl_224_parallel_occlusion_queries
[ 94%] Built target ref_224_parallel_occlusion_queries
[ 94%] Built target ref_225_transformed_bin_lifetime
[ 95%] Built target ref_226_parallel_pool_queries
[ 95%] Built target sgl_226_parallel_pool_queries
[ 95%] Built target sgl_225_transformed_bin_lifetime
[ 95%] Built target ref_227_simd_color_rounding
[ 95%] Built target ref_228_texture_repeat_coordinates
[ 95%] Built target sgl_227_simd_color_rounding
[ 96%] Built target sgl_228_texture_repeat_coordinates
[ 96%] Built target ref_229_scalar_early_depth
[ 97%] Built target ref_230_combiner_sampling_dependencies
[ 97%] Built target sgl_229_scalar_early_depth
[ 97%] Built target sgl_230_combiner_sampling_dependencies
[ 97%] Built target ref_231_order_sensitive_sorting
[ 97%] Built target sgl_231_order_sensitive_sorting
[ 97%] Built target ref_232_combiner_operand_channels
[ 98%] Built target sgl_232_combiner_operand_channels
[ 98%] Built target sgl_233_large_query_handoffs
[ 98%] Built target ref_234_multisample_state
[ 98%] Built target ref_233_large_query_handoffs
[ 98%] Built target sgl_234_multisample_state
[ 99%] Built target ref_tank_view_0
[ 99%] Built target sgl_tank_view_0
[ 99%] Built target ref_tank_view_120
[ 99%] Built target sgl_tank_view_120
[ 99%] Built target ref_tank_view_240
[100%] Built target sgl_tank_view_240
[100%] Built target sgl_bmw_view_0
[100%] Built target ref_bmw_view_0
[100%] Built target ref_bmw_view_120
[100%] Built target sgl_bmw_view_120
[100%] Built target ref_bmw_view_240
[100%] Built target sgl_bmw_view_240
