Quiet-host audit passed: /home/cosmo/Git/softgl/build/perf/tigerlake-20261005/depth-replay-two-ms0-audit-1-pair-1.json attempt 1
depth-replay-two-ms0: audit 1, pair 1 verified
Quiet-host audit passed: /home/cosmo/Git/softgl/build/perf/tigerlake-20261005/depth-replay-two-ms0-audit-1-pair-2.json attempt 1
depth-replay-two-ms0: audit 1, pair 2 verified
Quiet-host audit passed: /home/cosmo/Git/softgl/build/perf/tigerlake-20261005/depth-replay-two-ms0-audit-1-pair-3.json attempt 1
depth-replay-two-ms0: audit 1, pair 3 verified
Quiet-host audit passed: /home/cosmo/Git/softgl/build/perf/tigerlake-20261005/depth-replay-two-ms2-audit-1-pair-1.json attempt 1
depth-replay-two-ms2: audit 1, pair 1 verified
Quiet-host audit passed: /home/cosmo/Git/softgl/build/perf/tigerlake-20261005/depth-replay-two-ms2-audit-1-pair-2.json attempt 1
depth-replay-two-ms2: audit 1, pair 2 verified
Quiet-host audit passed: /home/cosmo/Git/softgl/build/perf/tigerlake-20261005/depth-replay-two-ms2-audit-1-pair-3.json attempt 1
depth-replay-two-ms2: audit 1, pair 3 verified
Quiet-host audit passed: /home/cosmo/Git/softgl/build/perf/tigerlake-20261005/depth-replay-two-ms2-audit-2-pair-1.json attempt 1
depth-replay-two-ms2: audit 2, pair 1 verified
Quiet-host audit passed: /home/cosmo/Git/softgl/build/perf/tigerlake-20261005/depth-replay-two-ms2-audit-2-pair-2.json attempt 1
depth-replay-two-ms2: audit 2, pair 2 verified
Quiet-host audit passed: /home/cosmo/Git/softgl/build/perf/tigerlake-20261005/depth-replay-two-ms2-audit-2-pair-3.json attempt 1
depth-replay-two-ms2: audit 2, pair 3 verified
Quiet-host audit passed: /home/cosmo/Git/softgl/build/perf/tigerlake-20261005/depth-replay-two-audit-1-pair-1.json attempt 1
depth-replay-two: audit 1, pair 1 verified
Quiet-host audit passed: /home/cosmo/Git/softgl/build/perf/tigerlake-20261005/depth-replay-two-audit-1-pair-2.json attempt 1
depth-replay-two: audit 1, pair 2 verified
Quiet-host audit passed: /home/cosmo/Git/softgl/build/perf/tigerlake-20261005/depth-replay-two-audit-1-pair-3.json attempt 1
depth-replay-two: audit 1, pair 3 verified
Quiet-host audit passed: /home/cosmo/Git/softgl/build/perf/tigerlake-20261005/depth-replay-two-audit-2-pair-1.json attempt 1
depth-replay-two: audit 2, pair 1 verified
Quiet-host audit passed: /home/cosmo/Git/softgl/build/perf/tigerlake-20261005/depth-replay-two-audit-2-pair-2.json attempt 1
depth-replay-two: audit 2, pair 2 verified
Quiet-host audit passed: /home/cosmo/Git/softgl/build/perf/tigerlake-20261005/depth-replay-two-audit-2-pair-3.json attempt 1
depth-replay-two: audit 2, pair 3 verified
/home/cosmo/Git/softgl/build/perf/tigerlake-20261005/depth-replay-two-results.json
