[  1%] Built target test_test_03_scissor_clear
[ 12%] Built target softgl_objs
[ 12%] Built target test_test_01_clear_black
[ 13%] Built target test_test_02_clear_red
[ 13%] Built target test_test_05_multi_clear_stripes
[ 14%] Built target test_test_04_partial_viewport_clear
[ 15%] Built target test_test_06_get_viewport
[ 16%] Built target test_test_07_matrix_identity
[ 18%] Built target test_test_100_showcase
[ 18%] Built target test_test_09_matrix_stack
[ 20%] Built target test_test_10_ortho_projection
[ 20%] Built target test_test_08_matrix_translate
[ 21%] Built target test_test_11_triangle_ccw
[ 21%] Built target test_test_13_triangle_depth
[ 22%] Built target test_test_14_triangle_frustum
[ 23%] Built target test_test_12_triangle_cw_culled
[ 24%] Built target test_test_15_two_tris_depth
[ 25%] Built target test_test_16_flat_shaded
[ 26%] Built target test_test_17_gouraud_rgb
[ 27%] Built target test_test_18_fullscreen_quad
[ 28%] Built target test_test_19_degenerate_triangle
[ 28%] Built target test_test_21_clip_left
[ 29%] Built target test_test_20_triangle_at_edges
[ 30%] Built target test_test_22_clip_right
[ 31%] Built target test_test_23_clip_top
[ 33%] Built target test_test_26_clip_far
[ 33%] Built target test_test_24_clip_bottom
[ 34%] Built target test_test_25_clip_near
[ 35%] Built target test_test_28_clip_offscreen_but_visible
[ 36%] Built target test_test_27_clip_all_planes
[ 37%] Built target test_test_29_clip_quad_seam
[ 37%] Built target test_test_30_clip_many_triangles
[ 38%] Built target test_test_31_translate
[ 39%] Built target test_test_33_rotate_y
[ 40%] Built target test_test_32_rotate_x
[ 41%] Built target test_test_34_rotate_z
[ 42%] Built target test_test_36_rotate_translate
[ 43%] Built target test_test_35_scale_nonuniform
[ 44%] Built target test_test_37_orbit
[ 45%] Built target test_test_38_perspective_60fov
[ 46%] Built target test_test_40_hierarchical_transform
[ 46%] Built target test_test_39_aspect_correction
[ 47%] Built target test_test_41_tex_checkerboard
[ 48%] Built target test_test_42_tex_gradient_bilinear
[ 50%] Built target test_test_43_tex_repeat
[ 50%] Built target test_test_44_tex_clamp
[ 51%] Built target test_test_45_tex_many_repeats
[ 52%] Built target test_test_46_tex_alpha_cutout
[ 53%] Built target test_test_48_tex_replace
[ 53%] Built target test_test_47_tex_modulate
[ 54%] Built target test_test_49_tex_decal
[ 55%] Built target test_test_50_multitexture
[ 56%] Built target test_test_52_ambient_only
[ 57%] Built target test_test_51_directional_light
[ 58%] Built target test_test_53_diffuse_lambert
[ 59%] Built target test_test_54_specular_blinn
[ 60%] Built target test_test_55_point_light_attenuation
[ 60%] Built target test_test_56_multi_lights
[ 61%] Built target test_test_57_icosphere_lit
[ 63%] Built target test_test_59_emission
[ 63%] Built target test_test_58_colored_material
[ 64%] Built target test_test_60_normalize
[ 65%] Built target test_test_61_tessellated_grid
[ 66%] Built target test_test_63_uv_sphere
[ 67%] Built target test_test_64_cylinder
[ 68%] Built target test_test_62_icosphere_subdiv
[ 68%] Built target test_test_65_torus
[ 69%] Built target test_test_66_bezier_patch
[ 70%] Built target test_test_67_extrusion
[ 71%] Built target test_test_68_loft
[ 72%] Built target test_test_69_superquadric
[ 73%] Built target test_test_71_fog_exp2
[ 74%] Built target test_test_70_heightfield
[ 75%] Built target test_test_72_fog_linear
[ 75%] Built target test_test_73_fog_exp
[ 76%] Built target test_test_75_alpha_blend
[ 77%] Built target test_test_74_fog_colored
[ 78%] Built target test_test_76_additive_blend
[ 79%] Built target test_test_77_alpha_test_edge
[ 80%] Built target test_test_78_transparent_stack
[ 81%] Built target test_test_79_premult_alpha
[ 82%] Built target test_test_80_blend_depth
[ 83%] Built target test_test_81_vbo_simple
[ 84%] Built target test_test_82_vbo_interleaved_pc
[ 84%] Built target test_test_83_vbo_interleaved_pnct
[ 85%] Built target test_test_84_indexed_draw
[ 86%] Built target test_test_85_multi_vbos
[ 87%] Built target test_test_87_large_mesh
[ 88%] Built target test_test_86_buffer_subdata
[ 89%] Built target test_test_88_instanced_manual
[ 90%] Built target test_test_89_dynamic_vbo
[ 90%] Built target test_test_91_dot3_baseline
[ 91%] Built target test_test_90_multi_drawarrays
[ 92%] Built target test_test_92_normalmap_pattern
[ 93%] Built target test_test_93_normalmap_depth
[ 94%] Built target test_test_94_lit_textured_sphere
[ 95%] Built target test_test_95_scene_sphere_ground
[ 96%] Built target test_test_96_building_cube
[ 97%] Built target test_test_97_multiple_buildings
[ 98%] Built target test_test_98_city_block
[ 99%] Built target test_test_99_moving_camera
[100%] Linking C executable softgl.js
mingw32-make[2]: *** [CMakeFiles\softgl.dir\build.make:323: softgl.js] Error 1
mingw32-make[1]: *** [CMakeFiles\Makefile2:3721: CMakeFiles/softgl.dir/all] Error 2
mingw32-make: *** [Makefile:90: all] Error 2
