Quiet-host audit passed: /home/cosmo/Git/softgl/build/diagnostics/geometry-claim-batches/timings/geometry-claim-batches-ms0-audit-1-pair-1.json attempt 1
geometry-claim-batches-ms0: audit 1, pair 1 verified
Quiet-host audit passed: /home/cosmo/Git/softgl/build/diagnostics/geometry-claim-batches/timings/geometry-claim-batches-ms0-audit-1-pair-2.json attempt 1
geometry-claim-batches-ms0: audit 1, pair 2 verified
Quiet-host audit passed: /home/cosmo/Git/softgl/build/diagnostics/geometry-claim-batches/timings/geometry-claim-batches-ms0-audit-1-pair-3.json attempt 1
geometry-claim-batches-ms0: audit 1, pair 3 verified
Quiet-host audit passed: /home/cosmo/Git/softgl/build/diagnostics/geometry-claim-batches/timings/geometry-claim-batches-ms0-audit-2-pair-1.json attempt 1
geometry-claim-batches-ms0: audit 2, pair 1 verified
Quiet-host audit passed: /home/cosmo/Git/softgl/build/diagnostics/geometry-claim-batches/timings/geometry-claim-batches-ms0-audit-2-pair-2.json attempt 1
geometry-claim-batches-ms0: audit 2, pair 2 verified
Quiet-host audit passed: /home/cosmo/Git/softgl/build/diagnostics/geometry-claim-batches/timings/geometry-claim-batches-ms0-audit-2-pair-3.json attempt 1
geometry-claim-batches-ms0: audit 2, pair 3 verified
Quiet-host audit passed: /home/cosmo/Git/softgl/build/diagnostics/geometry-claim-batches/timings/geometry-claim-batches-ms2-audit-1-pair-1.json attempt 1
geometry-claim-batches-ms2: audit 1, pair 1 verified
Quiet-host audit passed: /home/cosmo/Git/softgl/build/diagnostics/geometry-claim-batches/timings/geometry-claim-batches-ms2-audit-1-pair-2.json attempt 1
geometry-claim-batches-ms2: audit 1, pair 2 verified
Quiet-host audit passed: /home/cosmo/Git/softgl/build/diagnostics/geometry-claim-batches/timings/geometry-claim-batches-ms2-audit-1-pair-3.json attempt 1
geometry-claim-batches-ms2: audit 1, pair 3 verified
Quiet-host audit passed: /home/cosmo/Git/softgl/build/diagnostics/geometry-claim-batches/timings/geometry-claim-batches-ms2-audit-2-pair-1.json attempt 1
geometry-claim-batches-ms2: audit 2, pair 1 verified
Quiet-host audit passed: /home/cosmo/Git/softgl/build/diagnostics/geometry-claim-batches/timings/geometry-claim-batches-ms2-audit-2-pair-2.json attempt 1
geometry-claim-batches-ms2: audit 2, pair 2 verified
Quiet-host audit passed: /home/cosmo/Git/softgl/build/diagnostics/geometry-claim-batches/timings/geometry-claim-batches-ms2-audit-2-pair-3.json attempt 1
geometry-claim-batches-ms2: audit 2, pair 3 verified
Quiet-host audit passed: /home/cosmo/Git/softgl/build/diagnostics/geometry-claim-batches/timings/geometry-claim-batches-audit-1-pair-1.json attempt 1
geometry-claim-batches: audit 1, pair 1 verified
Quiet-host audit passed: /home/cosmo/Git/softgl/build/diagnostics/geometry-claim-batches/timings/geometry-claim-batches-audit-1-pair-2.json attempt 1
geometry-claim-batches: audit 1, pair 2 verified
Quiet-host audit passed: /home/cosmo/Git/softgl/build/diagnostics/geometry-claim-batches/timings/geometry-claim-batches-audit-1-pair-3.json attempt 1
geometry-claim-batches: audit 1, pair 3 verified
Quiet-host audit passed: /home/cosmo/Git/softgl/build/diagnostics/geometry-claim-batches/timings/geometry-claim-batches-audit-2-pair-1.json attempt 1
geometry-claim-batches: audit 2, pair 1 verified
Quiet-host audit passed: /home/cosmo/Git/softgl/build/diagnostics/geometry-claim-batches/timings/geometry-claim-batches-audit-2-pair-2.json attempt 1
geometry-claim-batches: audit 2, pair 2 verified
Quiet-host audit passed: /home/cosmo/Git/softgl/build/diagnostics/geometry-claim-batches/timings/geometry-claim-batches-audit-2-pair-3.json attempt 1
geometry-claim-batches: audit 2, pair 3 verified
/home/cosmo/Git/softgl/build/diagnostics/geometry-claim-batches/timings/geometry-claim-batches-results.json
All eighteen predeclared paired comparisons complete
