Starting full-regressions.py
slice-vertex-packing full native and WASM regressions complete
Full regression results ["slice-vertex-packing"]
Starting wasm-edge-gate.py
MSAA edges: 4480 frames, 62251008 exact sample masks, 12431040 exact coefficient lanes; ordinary/capture reused=331735/323456 packed fallback=649/948 wide fallback=457591/439501 wrapped bases=0 passed

Starting wasm-contracts.py
Traceback (most recent call last):
  File "/home/cosmo/Git/softgl/build/diagnostics/slice-vertex-packing/wasm-contracts.py", line 24, in <module>
    subprocess.run(cmd,env=env,stdout=f,stderr=subprocess.STDOUT,check=True)
    ~~~~~~~~~~~~~~^^^^^^^^^^^^^^^^^^^^^^^^^^^^^^^^^^^^^^^^^^^^^^^^^^^^^^^^^^
  File "/usr/lib/python3.13/subprocess.py", line 577, in run
    raise CalledProcessError(retcode, process.args,
                             output=stdout, stderr=stderr)
subprocess.CalledProcessError: Command '['emcc', '-O2', '-msimd128', '-msse4.1', '-pthread', '/home/cosmo/Git/softgl/build/diagnostics/slice-vertex-packing/wasm-contracts/slice_prepack-test.o', '/home/cosmo/Git/softgl/build/diagnostics/slice-vertex-packing/objects/api.c.o', '/home/cosmo/Git/softgl/build/diagnostics/slice-vertex-packing/objects/buffers.c.o', '/home/cosmo/Git/softgl/build/diagnostics/slice-vertex-packing/objects/clip.c.o', '/home/cosmo/Git/softgl/build/diagnostics/slice-vertex-packing/objects/dlist.c.o', '/home/cosmo/Git/softgl/build/diagnostics/slice-vertex-packing/objects/evaluators.c.o', '/home/cosmo/Git/softgl/build/diagnostics/slice-vertex-packing/objects/fragment.c.o', '/home/cosmo/Git/softgl/build/diagnostics/slice-vertex-packing/objects/fragment_combine.c.o', '/home/cosmo/Git/softgl/build/diagnostics/slice-vertex-packing/objects/fragment_write.c.o', '/home/cosmo/Git/softgl/build/diagnostics/slice-vertex-packing/objects/framebuffer.c.o', '/home/cosmo/Git/softgl/build/diagnostics/slice-vertex-packing/objects/immediate.c.o', '/home/cosmo/Git/softgl/build/diagnostics/slice-vertex-packing/objects/lighting.c.o', '/home/cosmo/Git/softgl/build/diagnostics/slice-vertex-packing/objects/lines.c.o', '/home/cosmo/Git/softgl/build/diagnostics/slice-vertex-packing/objects/matrix.c.o', '/home/cosmo/Git/softgl/build/diagnostics/slice-vertex-packing/objects/multisample.c.o', '/home/cosmo/Git/softgl/build/diagnostics/slice-vertex-packing/objects/pipeline.c.o', '/home/cosmo/Git/softgl/build/diagnostics/slice-vertex-packing/objects/pixels.c.o', '/home/cosmo/Git/softgl/build/diagnostics/slice-vertex-packing/objects/rasterizer.c.o', '/home/cosmo/Git/softgl/build/diagnostics/slice-vertex-packing/objects/state.c.o', '/home/cosmo/Git/softgl/build/diagnostics/slice-vertex-packing/objects/texture.c.o', '-sMODULARIZE=1', '-sEXPORT_NAME=createContract', '-sPTHREAD_POOL_SIZE=8', '-sALLOW_MEMORY_GROWTH=1', '-sINITIAL_MEMORY=67108864', '-sSTACK_SIZE=8388608', '-sINVOKE_RUN=0', '-sEXPORTED_FUNCTIONS=["_sg_contract_main"]', '-o', '/home/cosmo/Git/softgl/build/diagnostics/slice-vertex-packing/wasm-contracts/slice_prepack.js']' returned non-zero exit status 1.
Traceback (most recent call last):
  File "/home/cosmo/Git/softgl/build/diagnostics/slice-vertex-packing/run-gates.py", line 11, in <module>
    subprocess.run(['python3', str(root / name)], env=env, check=True)
    ~~~~~~~~~~~~~~^^^^^^^^^^^^^^^^^^^^^^^^^^^^^^^^^^^^^^^^^^^^^^^^^^^^
  File "/usr/lib/python3.13/subprocess.py", line 577, in run
    raise CalledProcessError(retcode, process.args,
                             output=stdout, stderr=stderr)
subprocess.CalledProcessError: Command '['python3', '/home/cosmo/Git/softgl/build/diagnostics/slice-vertex-packing/wasm-contracts.py']' returned non-zero exit status 1.
