[ 66%] Built target softgl
[100%] Built target fragment_mask_replay_contract
[ 66%] Built target softgl
[100%] Building C object tests/CMakeFiles/index_range_contract.dir/index_range.c.o
[100%] Linking C executable index_range_contract
[100%] Built target index_range_contract
[  0%] Building C object tests/CMakeFiles/msaa_edge_instrumented.dir/__/libsoftgl/src/rasterizer.c.o
[100%] Built target softgl
[100%] Built target msaa_edge_instrumented
[100%] Building C object tests/CMakeFiles/msaa_edge_contract.dir/msaa_edges.c.o
[100%] Linking C executable msaa_edge_contract
[100%] Built target msaa_edge_contract
[ 66%] Built target softgl
[100%] Building C object tests/CMakeFiles/cube_packet_contract.dir/cube_packet.c.o
[100%] Building C object tests/CMakeFiles/cube_packet_contract.dir/__/libsoftgl/src/fragment.c.o
[100%] Building C object tests/CMakeFiles/cube_packet_contract.dir/__/libsoftgl/src/fragment_combine.c.o
[100%] Building C object tests/CMakeFiles/cube_packet_contract.dir/__/libsoftgl/src/rasterizer.c.o
[100%] Linking C executable cube_packet_contract
[100%] Built target cube_packet_contract
[ 66%] Built target softgl
[ 66%] Building C object tests/CMakeFiles/worker_pool.dir/worker_pool.c.o
[100%] Linking C executable worker_pool
[100%] Built target worker_pool
[100%] Built target softgl
[100%] Building C object tests/CMakeFiles/multisample_contract.dir/multisample.c.o
[100%] Linking C executable multisample_contract
[100%] Built target multisample_contract
[ 66%] Built target softgl
[ 66%] Building C object tests/CMakeFiles/msaa_store_contract.dir/msaa_store.c.o
[100%] Linking C executable msaa_store_contract
[100%] Built target msaa_store_contract
[100%] Built target softgl
[100%] Building C object tests/CMakeFiles/hierarchical_depth_contract.dir/hierarchical_depth.c.o
[100%] Linking C executable hierarchical_depth_contract
[100%] Built target hierarchical_depth_contract
[100%] Built target softgl
[100%] Building C object tests/CMakeFiles/dot3_chain_contract.dir/dot3_chain.c.o
[100%] Linking C executable dot3_chain_contract
[100%] Built target dot3_chain_contract
[100%] Built target softgl
[100%] Building C object tests/CMakeFiles/constant_texture_contract.dir/constant_texture.c.o
[100%] Linking C executable constant_texture_contract
[100%] Built target constant_texture_contract
[ 66%] Built target softgl
[ 66%] Building C object tests/CMakeFiles/pixel_packet_contract.dir/pixel_packet.c.o
[ 66%] Building C object tests/CMakeFiles/pixel_packet_contract.dir/__/libsoftgl/src/rasterizer.c.o
[ 66%] Building C object tests/CMakeFiles/pixel_packet_contract.dir/__/libsoftgl/src/fragment.c.o
[100%] Building C object tests/CMakeFiles/pixel_packet_contract.dir/__/libsoftgl/src/fragment_combine.c.o
[100%] Linking C executable pixel_packet_contract
[100%] Built target pixel_packet_contract
[100%] Built target softgl
[100%] Building C object tests/CMakeFiles/geometry_cache_contract.dir/geometry_cache.c.o
[100%] Linking C executable geometry_cache_contract
[100%] Built target geometry_cache_contract
[100%] Built target softgl
[100%] Building C object tests/CMakeFiles/async_raster_contract.dir/async_raster.c.o
[100%] Linking C executable async_raster_contract
[100%] Built target async_raster_contract
[100%] Built target softgl
[100%] Building C object tests/CMakeFiles/raster_vertex_pack_contract.dir/raster_vertex_pack.c.o
[100%] Linking C executable raster_vertex_pack_contract
[100%] Built target raster_vertex_pack_contract
[100%] Built target softgl
[100%] Building C object tests/CMakeFiles/packed_stream_contract.dir/packed_stream.c.o
[100%] Linking C executable packed_stream_contract
[100%] Built target packed_stream_contract
[100%] Built target softgl
[100%] Building C object tests/CMakeFiles/simd_clamp_contract.dir/simd_clamp.c.o
[100%] Linking C executable simd_clamp_contract
[100%] Built target simd_clamp_contract
[100%] Built target softgl
[100%] Building C object tests/CMakeFiles/ordered_draw_queue_contract.dir/ordered_draw_queue.c.o
[100%] Linking C executable ordered_draw_queue_contract
[100%] Built target ordered_draw_queue_contract
[100%] Built target softgl
[100%] Building C object tests/CMakeFiles/msaa_additive_contract.dir/msaa_additive.c.o
[100%] Linking C executable msaa_additive_contract
[100%] Built target msaa_additive_contract
[100%] Built target softgl
[100%] Building C object tests/CMakeFiles/triangle_stage_contract.dir/triangle_stage.c.o
[100%] Linking C executable triangle_stage_contract
[100%] Built target triangle_stage_contract
[100%] Built target softgl
[100%] Building C object tests/CMakeFiles/msaa_scanline_contract.dir/msaa_scanline.c.o
[100%] Linking C executable msaa_scanline_contract
[100%] Built target msaa_scanline_contract
[100%] Built target softgl
[100%] Building C object tests/CMakeFiles/cube_filter_contract.dir/cube_filter.c.o
[100%] Building C object tests/CMakeFiles/cube_filter_contract.dir/__/libsoftgl/src/fragment.c.o
[100%] Building C object tests/CMakeFiles/cube_filter_contract.dir/__/libsoftgl/src/fragment_combine.c.o
[100%] Linking C executable cube_filter_contract
[100%] Built target cube_filter_contract
[100%] Built target softgl
[100%] Building C object tests/CMakeFiles/cache_coverage_contract.dir/cache_coverage.c.o
[100%] Linking C executable cache_coverage_contract
[100%] Built target cache_coverage_contract
[100%] Built target softgl
[100%] Building C object tests/CMakeFiles/depth_replay_contract.dir/depth_replay.c.o
[100%] Linking C executable depth_replay_contract
[100%] Built target depth_replay_contract
[100%] Built target softgl
[100%] Building C object tests/CMakeFiles/position_cache_contract.dir/position_cache.c.o
[100%] Linking C executable position_cache_contract
[100%] Built target position_cache_contract
[100%] Built target softgl
[100%] Building C object tests/CMakeFiles/vertex_inputs_contract.dir/vertex_inputs.c.o
[100%] Linking C executable vertex_inputs_contract
[100%] Built target vertex_inputs_contract
