Quiet-host audit passed: /home/cosmo/Git/softgl/build/diagnostics/fragment-mask-replay-local-reader/timings/fragment-mask-replay-local-reader-ms0-audit-1-pair-1.json attempt 1
fragment-mask-replay-local-reader-ms0: audit 1, pair 1 verified; bmw +0.087% frame time, tank +1.412% frame time
Quiet-host audit passed: /home/cosmo/Git/softgl/build/diagnostics/fragment-mask-replay-local-reader/timings/fragment-mask-replay-local-reader-ms0-audit-1-pair-2.json attempt 1
fragment-mask-replay-local-reader-ms0: audit 1, pair 2 verified; bmw -0.174% frame time, tank +0.703% frame time
Quiet-host audit passed: /home/cosmo/Git/softgl/build/diagnostics/fragment-mask-replay-local-reader/timings/fragment-mask-replay-local-reader-ms0-audit-1-pair-3.json attempt 1
fragment-mask-replay-local-reader-ms0: audit 1, pair 3 verified; bmw +2.119% frame time, tank +2.005% frame time
Quiet-host audit passed: /home/cosmo/Git/softgl/build/diagnostics/fragment-mask-replay-local-reader/timings/fragment-mask-replay-local-reader-ms0-audit-2-pair-1.json attempt 1
fragment-mask-replay-local-reader-ms0: audit 2, pair 1 verified; bmw +1.497% frame time, tank +4.016% frame time
Quiet-host audit passed: /home/cosmo/Git/softgl/build/diagnostics/fragment-mask-replay-local-reader/timings/fragment-mask-replay-local-reader-ms0-audit-2-pair-2.json attempt 1
fragment-mask-replay-local-reader-ms0: audit 2, pair 2 verified; bmw +1.258% frame time, tank +0.423% frame time
Quiet-host audit passed: /home/cosmo/Git/softgl/build/diagnostics/fragment-mask-replay-local-reader/timings/fragment-mask-replay-local-reader-ms0-audit-2-pair-3.json attempt 1
fragment-mask-replay-local-reader-ms0: audit 2, pair 3 verified; bmw +1.709% frame time, tank +0.336% frame time
Quiet-host audit passed: /home/cosmo/Git/softgl/build/diagnostics/fragment-mask-replay-local-reader/timings/fragment-mask-replay-local-reader-ms2-audit-1-pair-1.json attempt 1
fragment-mask-replay-local-reader-ms2: audit 1, pair 1 verified; bmw +4.116% frame time, tank +0.836% frame time
Quiet-host audit passed: /home/cosmo/Git/softgl/build/diagnostics/fragment-mask-replay-local-reader/timings/fragment-mask-replay-local-reader-ms2-audit-1-pair-2.json attempt 1
fragment-mask-replay-local-reader-ms2: audit 1, pair 2 verified; bmw +1.568% frame time, tank -1.496% frame time
Quiet-host audit passed: /home/cosmo/Git/softgl/build/diagnostics/fragment-mask-replay-local-reader/timings/fragment-mask-replay-local-reader-ms2-audit-1-pair-3.json attempt 1
fragment-mask-replay-local-reader-ms2: audit 1, pair 3 verified; bmw +2.966% frame time, tank -1.954% frame time
Quiet-host audit passed: /home/cosmo/Git/softgl/build/diagnostics/fragment-mask-replay-local-reader/timings/fragment-mask-replay-local-reader-ms2-audit-2-pair-1.json attempt 1
fragment-mask-replay-local-reader-ms2: audit 2, pair 1 verified; bmw +3.237% frame time, tank +1.371% frame time
Quiet-host audit passed: /home/cosmo/Git/softgl/build/diagnostics/fragment-mask-replay-local-reader/timings/fragment-mask-replay-local-reader-ms2-audit-2-pair-2.json attempt 1
fragment-mask-replay-local-reader-ms2: audit 2, pair 2 verified; bmw +2.345% frame time, tank -1.700% frame time
Quiet-host audit passed: /home/cosmo/Git/softgl/build/diagnostics/fragment-mask-replay-local-reader/timings/fragment-mask-replay-local-reader-ms2-audit-2-pair-3.json attempt 1
fragment-mask-replay-local-reader-ms2: audit 2, pair 3 verified; bmw +3.403% frame time, tank +4.183% frame time
Quiet-host audit passed: /home/cosmo/Git/softgl/build/diagnostics/fragment-mask-replay-local-reader/timings/fragment-mask-replay-local-reader-audit-1-pair-1.json attempt 1
fragment-mask-replay-local-reader: audit 1, pair 1 verified; bmw +2.228% frame time, tank +3.633% frame time
Quiet-host audit passed: /home/cosmo/Git/softgl/build/diagnostics/fragment-mask-replay-local-reader/timings/fragment-mask-replay-local-reader-audit-1-pair-2.json attempt 1
fragment-mask-replay-local-reader: audit 1, pair 2 verified; bmw +5.542% frame time, tank -2.395% frame time
Quiet-host audit passed: /home/cosmo/Git/softgl/build/diagnostics/fragment-mask-replay-local-reader/timings/fragment-mask-replay-local-reader-audit-1-pair-3.json attempt 1
fragment-mask-replay-local-reader: audit 1, pair 3 verified; bmw +4.214% frame time, tank +1.535% frame time
Quiet-host audit passed: /home/cosmo/Git/softgl/build/diagnostics/fragment-mask-replay-local-reader/timings/fragment-mask-replay-local-reader-audit-2-pair-1.json attempt 1
fragment-mask-replay-local-reader: audit 2, pair 1 verified; bmw +3.139% frame time, tank +0.035% frame time
Quiet-host audit passed: /home/cosmo/Git/softgl/build/diagnostics/fragment-mask-replay-local-reader/timings/fragment-mask-replay-local-reader-audit-2-pair-2.json attempt 1
fragment-mask-replay-local-reader: audit 2, pair 2 verified; bmw +3.450% frame time, tank +0.651% frame time
Quiet-host audit passed: /home/cosmo/Git/softgl/build/diagnostics/fragment-mask-replay-local-reader/timings/fragment-mask-replay-local-reader-audit-2-pair-3.json attempt 1
fragment-mask-replay-local-reader: audit 2, pair 3 verified; bmw +3.289% frame time, tank +0.485% frame time
/home/cosmo/Git/softgl/build/diagnostics/fragment-mask-replay-local-reader/timings/fragment-mask-replay-local-reader-results.json
All eighteen predeclared paired comparisons complete
