Starting full-regressions.py
Traceback (most recent call last):
  File "/home/cosmo/Git/softgl/build/diagnostics/depth-replay-two/full-regressions.py", line 11, in <module>
    run(['ctest','--test-dir',str(b),'--output-on-failure','-j1'],r/'native-full-tests.log')
    ~~~^^^^^^^^^^^^^^^^^^^^^^^^^^^^^^^^^^^^^^^^^^^^^^^^^^^^^^^^^^^^^^^^^^^^^^^^^^^^^^^^^^^^^
  File "/home/cosmo/Git/softgl/build/diagnostics/depth-replay-two/full-regressions.py", line 6, in run
    with log.open('w') as f:subprocess.run(cmd,env=env,stdout=f,stderr=subprocess.STDOUT,check=True)
                            ~~~~~~~~~~~~~~^^^^^^^^^^^^^^^^^^^^^^^^^^^^^^^^^^^^^^^^^^^^^^^^^^^^^^^^^^
  File "/usr/lib/python3.13/subprocess.py", line 577, in run
    raise CalledProcessError(retcode, process.args,
                             output=stdout, stderr=stderr)
subprocess.CalledProcessError: Command '['ctest', '--test-dir', '/home/cosmo/Git/softgl/build/diagnostics/depth-replay-two/native-full', '--output-on-failure', '-j1']' returned non-zero exit status 8.
Traceback (most recent call last):
  File "/home/cosmo/Git/softgl/build/diagnostics/depth-replay-two/run-gates.py", line 11, in <module>
    subprocess.run(['python3', str(root / name)], env=env, check=True)
    ~~~~~~~~~~~~~~^^^^^^^^^^^^^^^^^^^^^^^^^^^^^^^^^^^^^^^^^^^^^^^^^^^^
  File "/usr/lib/python3.13/subprocess.py", line 577, in run
    raise CalledProcessError(retcode, process.args,
                             output=stdout, stderr=stderr)
subprocess.CalledProcessError: Command '['python3', '/home/cosmo/Git/softgl/build/diagnostics/depth-replay-two/full-regressions.py']' returned non-zero exit status 1.
