Quiet-host audit passed: /home/cosmo/Git/softgl/build/diagnostics/cube-vector-core/timings/cube-vector-core-ms0-audit-1-pair-1.json attempt 1
cube-vector-core-ms0: audit 1, pair 1 verified
Quiet-host audit passed: /home/cosmo/Git/softgl/build/diagnostics/cube-vector-core/timings/cube-vector-core-ms0-audit-1-pair-2.json attempt 1
cube-vector-core-ms0: audit 1, pair 2 verified
Quiet-host audit passed: /home/cosmo/Git/softgl/build/diagnostics/cube-vector-core/timings/cube-vector-core-ms0-audit-1-pair-3.json attempt 1
cube-vector-core-ms0: audit 1, pair 3 verified
Quiet-host audit passed: /home/cosmo/Git/softgl/build/diagnostics/cube-vector-core/timings/cube-vector-core-ms0-audit-2-pair-1.json attempt 1
cube-vector-core-ms0: audit 2, pair 1 verified
Quiet-host audit passed: /home/cosmo/Git/softgl/build/diagnostics/cube-vector-core/timings/cube-vector-core-ms0-audit-2-pair-2.json attempt 1
cube-vector-core-ms0: audit 2, pair 2 verified
Quiet-host audit passed: /home/cosmo/Git/softgl/build/diagnostics/cube-vector-core/timings/cube-vector-core-ms0-audit-2-pair-3.json attempt 1
cube-vector-core-ms0: audit 2, pair 3 verified
Quiet-host audit passed: /home/cosmo/Git/softgl/build/diagnostics/cube-vector-core/timings/cube-vector-core-ms2-audit-1-pair-1.json attempt 1
cube-vector-core-ms2: audit 1, pair 1 verified
Quiet-host audit passed: /home/cosmo/Git/softgl/build/diagnostics/cube-vector-core/timings/cube-vector-core-ms2-audit-1-pair-2.json attempt 1
cube-vector-core-ms2: audit 1, pair 2 verified
Quiet-host audit passed: /home/cosmo/Git/softgl/build/diagnostics/cube-vector-core/timings/cube-vector-core-ms2-audit-1-pair-3.json attempt 1
cube-vector-core-ms2: audit 1, pair 3 verified
Quiet-host audit passed: /home/cosmo/Git/softgl/build/diagnostics/cube-vector-core/timings/cube-vector-core-ms2-audit-2-pair-1.json attempt 1
cube-vector-core-ms2: audit 2, pair 1 verified
Quiet-host audit passed: /home/cosmo/Git/softgl/build/diagnostics/cube-vector-core/timings/cube-vector-core-ms2-audit-2-pair-2.json attempt 1
cube-vector-core-ms2: audit 2, pair 2 verified
Quiet-host audit passed: /home/cosmo/Git/softgl/build/diagnostics/cube-vector-core/timings/cube-vector-core-ms2-audit-2-pair-3.json attempt 1
cube-vector-core-ms2: audit 2, pair 3 verified
Quiet-host audit passed: /home/cosmo/Git/softgl/build/diagnostics/cube-vector-core/timings/cube-vector-core-audit-1-pair-1.json attempt 1
cube-vector-core: audit 1, pair 1 verified
Quiet-host audit passed: /home/cosmo/Git/softgl/build/diagnostics/cube-vector-core/timings/cube-vector-core-audit-1-pair-2.json attempt 1
cube-vector-core: audit 1, pair 2 verified
Quiet-host audit passed: /home/cosmo/Git/softgl/build/diagnostics/cube-vector-core/timings/cube-vector-core-audit-1-pair-3.json attempt 1
cube-vector-core: audit 1, pair 3 verified
Quiet-host audit passed: /home/cosmo/Git/softgl/build/diagnostics/cube-vector-core/timings/cube-vector-core-audit-2-pair-1.json attempt 1
cube-vector-core: audit 2, pair 1 verified
Quiet-host audit passed: /home/cosmo/Git/softgl/build/diagnostics/cube-vector-core/timings/cube-vector-core-audit-2-pair-2.json attempt 1
cube-vector-core: audit 2, pair 2 verified
Quiet-host audit passed: /home/cosmo/Git/softgl/build/diagnostics/cube-vector-core/timings/cube-vector-core-audit-2-pair-3.json attempt 1
cube-vector-core: audit 2, pair 3 verified
/home/cosmo/Git/softgl/build/diagnostics/cube-vector-core/timings/cube-vector-core-results.json
All eighteen predeclared paired comparisons complete
