Quiet-host audit passed: /home/cosmo/Git/softgl/build/diagnostics/texture-tiles4/timings/texture-tiles4-ms0-audit-1-pair-1.json attempt 1
texture-tiles4-ms0: audit 1, pair 1 verified
Quiet-host audit passed: /home/cosmo/Git/softgl/build/diagnostics/texture-tiles4/timings/texture-tiles4-ms0-audit-1-pair-2.json attempt 1
texture-tiles4-ms0: audit 1, pair 2 verified
Quiet-host audit passed: /home/cosmo/Git/softgl/build/diagnostics/texture-tiles4/timings/texture-tiles4-ms0-audit-1-pair-3.json attempt 1
texture-tiles4-ms0: audit 1, pair 3 verified
Quiet-host audit passed: /home/cosmo/Git/softgl/build/diagnostics/texture-tiles4/timings/texture-tiles4-ms0-audit-2-pair-1.json attempt 1
texture-tiles4-ms0: audit 2, pair 1 verified
Quiet-host audit passed: /home/cosmo/Git/softgl/build/diagnostics/texture-tiles4/timings/texture-tiles4-ms0-audit-2-pair-2.json attempt 1
texture-tiles4-ms0: audit 2, pair 2 verified
Quiet-host audit passed: /home/cosmo/Git/softgl/build/diagnostics/texture-tiles4/timings/texture-tiles4-ms0-audit-2-pair-3.json attempt 1
texture-tiles4-ms0: audit 2, pair 3 verified
Quiet-host audit passed: /home/cosmo/Git/softgl/build/diagnostics/texture-tiles4/timings/texture-tiles4-ms2-audit-1-pair-1.json attempt 1
texture-tiles4-ms2: audit 1, pair 1 verified
Quiet-host audit passed: /home/cosmo/Git/softgl/build/diagnostics/texture-tiles4/timings/texture-tiles4-ms2-audit-1-pair-2.json attempt 1
texture-tiles4-ms2: audit 1, pair 2 verified
Quiet-host audit passed: /home/cosmo/Git/softgl/build/diagnostics/texture-tiles4/timings/texture-tiles4-ms2-audit-1-pair-3.json attempt 1
texture-tiles4-ms2: audit 1, pair 3 verified
Quiet-host audit passed: /home/cosmo/Git/softgl/build/diagnostics/texture-tiles4/timings/texture-tiles4-ms2-audit-2-pair-1.json attempt 1
texture-tiles4-ms2: audit 2, pair 1 verified
Quiet-host audit passed: /home/cosmo/Git/softgl/build/diagnostics/texture-tiles4/timings/texture-tiles4-ms2-audit-2-pair-2.json attempt 1
texture-tiles4-ms2: audit 2, pair 2 verified
Quiet-host audit passed: /home/cosmo/Git/softgl/build/diagnostics/texture-tiles4/timings/texture-tiles4-ms2-audit-2-pair-3.json attempt 1
texture-tiles4-ms2: audit 2, pair 3 verified
Quiet-host audit passed: /home/cosmo/Git/softgl/build/diagnostics/texture-tiles4/timings/texture-tiles4-audit-1-pair-1.json attempt 1
texture-tiles4: audit 1, pair 1 verified
Quiet-host audit passed: /home/cosmo/Git/softgl/build/diagnostics/texture-tiles4/timings/texture-tiles4-audit-1-pair-2.json attempt 1
texture-tiles4: audit 1, pair 2 verified
Quiet-host audit passed: /home/cosmo/Git/softgl/build/diagnostics/texture-tiles4/timings/texture-tiles4-audit-1-pair-3.json attempt 1
texture-tiles4: audit 1, pair 3 verified
Quiet-host audit passed: /home/cosmo/Git/softgl/build/diagnostics/texture-tiles4/timings/texture-tiles4-audit-2-pair-1.json attempt 1
texture-tiles4: audit 2, pair 1 verified
Quiet-host audit passed: /home/cosmo/Git/softgl/build/diagnostics/texture-tiles4/timings/texture-tiles4-audit-2-pair-2.json attempt 1
texture-tiles4: audit 2, pair 2 verified
Quiet-host audit passed: /home/cosmo/Git/softgl/build/diagnostics/texture-tiles4/timings/texture-tiles4-audit-2-pair-3.json attempt 1
texture-tiles4: audit 2, pair 3 verified
/home/cosmo/Git/softgl/build/diagnostics/texture-tiles4/timings/texture-tiles4-results.json
All eighteen predeclared paired comparisons complete
