128 128 copyimage row/tile/extra-ms 0.035142424500000005 0.0376974375 0.002555012999999995
128 128 copysubimage4x4 row/tile/extra-ms 8e-05 0.0023237375 0.0022437374999999997
128 128 image row/tile/extra-ms 0.0226312125 0.025064949500000003 0.002433737000000002
128 128 subimage4x4 row/tile/extra-ms 5.49995e-05 0.0022837505 0.0022287509999999997
256 256 copyimage row/tile/extra-ms 0.1203860245 0.1294484995 0.009062475000000014
256 256 copysubimage4x4 row/tile/extra-ms 8.25e-05 0.008481236999999999 0.008398737
256 256 image row/tile/extra-ms 0.0810660995 0.2241820625 0.143115963
256 256 subimage4x4 row/tile/extra-ms 5.5e-05 0.008462487500000001 0.008407487500000001
512 256 copyimage row/tile/extra-ms 0.230589575 0.25621201250000003 0.02562243750000004
512 256 copysubimage4x4 row/tile/extra-ms 8.25e-05 0.019308700499999998 0.0192262005
512 256 image row/tile/extra-ms 0.1616522 0.5137015245000001 0.35204932450000004
512 256 subimage4x4 row/tile/extra-ms 5.87505e-05 0.0187899745 0.018731224
512 512 copyimage row/tile/extra-ms 0.480369088 0.553580188 0.07321109999999997
512 512 copysubimage4x4 row/tile/extra-ms 8.4999e-05 0.0693123745 0.0692273755
512 512 image row/tile/extra-ms 0.3289956245 1.0986379125 0.7696422880000001
512 512 subimage4x4 row/tile/extra-ms 5.75e-05 0.068552376 0.068494876
1024 512 copyimage row/tile/extra-ms 0.94681695 1.1259416125 0.17912466249999992
1024 512 copysubimage4x4 row/tile/extra-ms 8.37495e-05 0.14495597500000001 0.1448722255
1024 512 image row/tile/extra-ms 0.6572974874999999 2.3164043495 1.659106862
1024 512 subimage4x4 row/tile/extra-ms 5.75e-05 0.1460284755 0.14597097550000002
PASS: all12 ordered native API-only diagnostic runs; no renderer acceptance timing claim
