Quiet-host audit passed: /home/cosmo/Git/softgl/build/diagnostics/dot3-stage-stream/timings/dot3-stage-stream-ms0-audit-1-pair-1.json attempt 1
dot3-stage-stream-ms0: audit 1, pair 1 verified
Quiet-host audit passed: /home/cosmo/Git/softgl/build/diagnostics/dot3-stage-stream/timings/dot3-stage-stream-ms0-audit-1-pair-2.json attempt 1
dot3-stage-stream-ms0: audit 1, pair 2 verified
Quiet-host audit passed: /home/cosmo/Git/softgl/build/diagnostics/dot3-stage-stream/timings/dot3-stage-stream-ms0-audit-1-pair-3.json attempt 1
dot3-stage-stream-ms0: audit 1, pair 3 verified
Quiet-host audit passed: /home/cosmo/Git/softgl/build/diagnostics/dot3-stage-stream/timings/dot3-stage-stream-ms0-audit-2-pair-1.json attempt 1
dot3-stage-stream-ms0: audit 2, pair 1 verified
Quiet-host audit passed: /home/cosmo/Git/softgl/build/diagnostics/dot3-stage-stream/timings/dot3-stage-stream-ms0-audit-2-pair-2.json attempt 1
dot3-stage-stream-ms0: audit 2, pair 2 verified
Quiet-host audit passed: /home/cosmo/Git/softgl/build/diagnostics/dot3-stage-stream/timings/dot3-stage-stream-ms0-audit-2-pair-3.json attempt 1
dot3-stage-stream-ms0: audit 2, pair 3 verified
Quiet-host audit passed: /home/cosmo/Git/softgl/build/diagnostics/dot3-stage-stream/timings/dot3-stage-stream-ms2-audit-1-pair-1.json attempt 1
dot3-stage-stream-ms2: audit 1, pair 1 verified
Quiet-host audit passed: /home/cosmo/Git/softgl/build/diagnostics/dot3-stage-stream/timings/dot3-stage-stream-ms2-audit-1-pair-2.json attempt 1
dot3-stage-stream-ms2: audit 1, pair 2 verified
Quiet-host audit passed: /home/cosmo/Git/softgl/build/diagnostics/dot3-stage-stream/timings/dot3-stage-stream-ms2-audit-1-pair-3.json attempt 1
dot3-stage-stream-ms2: audit 1, pair 3 verified
Quiet-host audit passed: /home/cosmo/Git/softgl/build/diagnostics/dot3-stage-stream/timings/dot3-stage-stream-ms2-audit-2-pair-1.json attempt 1
dot3-stage-stream-ms2: audit 2, pair 1 verified
Quiet-host audit passed: /home/cosmo/Git/softgl/build/diagnostics/dot3-stage-stream/timings/dot3-stage-stream-ms2-audit-2-pair-2.json attempt 1
dot3-stage-stream-ms2: audit 2, pair 2 verified
Quiet-host audit passed: /home/cosmo/Git/softgl/build/diagnostics/dot3-stage-stream/timings/dot3-stage-stream-ms2-audit-2-pair-3.json attempt 1
dot3-stage-stream-ms2: audit 2, pair 3 verified
Quiet-host audit passed: /home/cosmo/Git/softgl/build/diagnostics/dot3-stage-stream/timings/dot3-stage-stream-audit-1-pair-1.json attempt 1
dot3-stage-stream: audit 1, pair 1 verified
Quiet-host audit passed: /home/cosmo/Git/softgl/build/diagnostics/dot3-stage-stream/timings/dot3-stage-stream-audit-1-pair-2.json attempt 1
dot3-stage-stream: audit 1, pair 2 verified
Quiet-host audit passed: /home/cosmo/Git/softgl/build/diagnostics/dot3-stage-stream/timings/dot3-stage-stream-audit-1-pair-3.json attempt 1
dot3-stage-stream: audit 1, pair 3 verified
Quiet-host audit passed: /home/cosmo/Git/softgl/build/diagnostics/dot3-stage-stream/timings/dot3-stage-stream-audit-2-pair-1.json attempt 1
dot3-stage-stream: audit 2, pair 1 verified
Quiet-host audit passed: /home/cosmo/Git/softgl/build/diagnostics/dot3-stage-stream/timings/dot3-stage-stream-audit-2-pair-2.json attempt 1
dot3-stage-stream: audit 2, pair 2 verified
Quiet-host audit passed: /home/cosmo/Git/softgl/build/diagnostics/dot3-stage-stream/timings/dot3-stage-stream-audit-2-pair-3.json attempt 1
dot3-stage-stream: audit 2, pair 3 verified
/home/cosmo/Git/softgl/build/diagnostics/dot3-stage-stream/timings/dot3-stage-stream-results.json
All eighteen predeclared paired comparisons complete
