[  0%] Building C object libsoftgl/CMakeFiles/softgl.dir/src/matrix.c.o
[  0%] Building C object libsoftgl/CMakeFiles/softgl.dir/src/buffers.c.o
[  0%] Building C object libsoftgl/CMakeFiles/softgl.dir/src/texture.c.o
[  0%] Building C object libsoftgl/CMakeFiles/softgl.dir/src/state.c.o
[  0%] Building C object libsoftgl/CMakeFiles/softgl.dir/src/pipeline.c.o
[  0%] Building C object libsoftgl/CMakeFiles/softgl.dir/src/clip.c.o
[  0%] Building C object libsoftgl/CMakeFiles/softgl.dir/src/fragment_write.c.o
In file included from /home/cosmo/Git/softgl/build/diagnostics/fragment-mask-replay-cursor/source-root/libsoftgl/src/fragment_write.c:3:
/home/cosmo/Git/softgl/build/diagnostics/fragment-mask-replay-cursor/source-root/libsoftgl/src/raster_hz.h:60:40: warning: use of infinity via a macro is undefined behavior due to the currently enabled floating-point options [-Wnan-infinity-disabled]
   60 |     sg_f32x4 maximum = sg_f32x4_splat(-INFINITY);
      |                                        ^
/home/cosmo/Git/softgl/build/diagnostics/fragment-mask-replay-cursor/source-root/libsoftgl/src/raster_hz.h:76:25: warning: use of infinity via a macro is undefined behavior due to the currently enabled floating-point options [-Wnan-infinity-disabled]
   76 |         tile->maximum = INFINITY; tile->maximum_sample = 0; return;
      |                         ^
/home/cosmo/Git/softgl/build/diagnostics/fragment-mask-replay-cursor/source-root/libsoftgl/src/raster_hz.h:109:40: warning: use of infinity via a macro is undefined behavior due to the currently enabled floating-point options [-Wnan-infinity-disabled]
  109 |     sg_f32x4 maximum = sg_f32x4_splat(-INFINITY);
      |                                        ^
/home/cosmo/Git/softgl/build/diagnostics/fragment-mask-replay-cursor/source-root/libsoftgl/src/raster_hz.h:125:25: warning: use of infinity via a macro is undefined behavior due to the currently enabled floating-point options [-Wnan-infinity-disabled]
  125 |         tile->maximum = INFINITY; tile->maximum_sample = 0; return;
      |                         ^
[ 33%] Building C object libsoftgl/CMakeFiles/softgl.dir/src/multisample.c.o
[ 33%] Building C object libsoftgl/CMakeFiles/softgl.dir/src/fragment_combine.c.o
[ 33%] Building C object libsoftgl/CMakeFiles/softgl.dir/src/rasterizer.c.o
In file included from /home/cosmo/Git/softgl/build/diagnostics/fragment-mask-replay-cursor/source-root/libsoftgl/src/rasterizer.c:7:
In file included from /home/cosmo/Git/softgl/build/diagnostics/fragment-mask-replay-cursor/source-root/libsoftgl/src/raster_store.h:5:
/home/cosmo/Git/softgl/build/diagnostics/fragment-mask-replay-cursor/source-root/libsoftgl/src/raster_hz.h:60:40: warning: use of infinity via a macro is undefined behavior due to the currently enabled floating-point options [-Wnan-infinity-disabled]
   60 |     sg_f32x4 maximum = sg_f32x4_splat(-INFINITY);
      |                                        ^
/home/cosmo/Git/softgl/build/diagnostics/fragment-mask-replay-cursor/source-root/libsoftgl/src/raster_hz.h:76:25: warning: use of infinity via a macro is undefined behavior due to the currently enabled floating-point options [-Wnan-infinity-disabled]
   76 |         tile->maximum = INFINITY; tile->maximum_sample = 0; return;
      |                         ^
/home/cosmo/Git/softgl/build/diagnostics/fragment-mask-replay-cursor/source-root/libsoftgl/src/raster_hz.h:109:40: warning: use of infinity via a macro is undefined behavior due to the currently enabled floating-point options [-Wnan-infinity-disabled]
  109 |     sg_f32x4 maximum = sg_f32x4_splat(-INFINITY);
      |                                        ^
/home/cosmo/Git/softgl/build/diagnostics/fragment-mask-replay-cursor/source-root/libsoftgl/src/raster_hz.h:125:25: warning: use of infinity via a macro is undefined behavior due to the currently enabled floating-point options [-Wnan-infinity-disabled]
  125 |         tile->maximum = INFINITY; tile->maximum_sample = 0; return;
      |                         ^
[ 33%] Building C object libsoftgl/CMakeFiles/softgl.dir/src/lines.c.o
[ 33%] Building C object libsoftgl/CMakeFiles/softgl.dir/src/fragment.c.o
[ 33%] Building C object libsoftgl/CMakeFiles/softgl.dir/src/framebuffer.c.o
In file included from /home/cosmo/Git/softgl/build/diagnostics/fragment-mask-replay-cursor/source-root/libsoftgl/src/framebuffer.c:1:
/home/cosmo/Git/softgl/build/diagnostics/fragment-mask-replay-cursor/source-root/libsoftgl/src/raster_hz.h:60:40: warning: use of infinity via a macro is undefined behavior due to the currently enabled floating-point options [-Wnan-infinity-disabled]
   60 |     sg_f32x4 maximum = sg_f32x4_splat(-INFINITY);
      |                                        ^
/home/cosmo/Git/softgl/build/diagnostics/fragment-mask-replay-cursor/source-root/libsoftgl/src/raster_hz.h:76:25: warning: use of infinity via a macro is undefined behavior due to the currently enabled floating-point options [-Wnan-infinity-disabled]
   76 |         tile->maximum = INFINITY; tile->maximum_sample = 0; return;
      |                         ^
/home/cosmo/Git/softgl/build/diagnostics/fragment-mask-replay-cursor/source-root/libsoftgl/src/raster_hz.h:109:40: warning: use of infinity via a macro is undefined behavior due to the currently enabled floating-point options [-Wnan-infinity-disabled]
  109 |     sg_f32x4 maximum = sg_f32x4_splat(-INFINITY);
      |                                        ^
/home/cosmo/Git/softgl/build/diagnostics/fragment-mask-replay-cursor/source-root/libsoftgl/src/raster_hz.h:125:25: warning: use of infinity via a macro is undefined behavior due to the currently enabled floating-point options [-Wnan-infinity-disabled]
  125 |         tile->maximum = INFINITY; tile->maximum_sample = 0; return;
      |                         ^
4 warnings generated.
[ 33%] Building C object libsoftgl/CMakeFiles/softgl.dir/src/lighting.c.o
[ 33%] Building C object libsoftgl/CMakeFiles/softgl.dir/src/api.c.o
[ 33%] Building C object libsoftgl/CMakeFiles/softgl.dir/src/immediate.c.o
[ 33%] Building C object libsoftgl/CMakeFiles/softgl.dir/src/dlist.c.o
4 warnings generated.
[ 66%] Building C object libsoftgl/CMakeFiles/softgl.dir/src/pixels.c.o
In file included from /home/cosmo/Git/softgl/build/diagnostics/fragment-mask-replay-cursor/source-root/libsoftgl/src/pixels.c:5:
/home/cosmo/Git/softgl/build/diagnostics/fragment-mask-replay-cursor/source-root/libsoftgl/src/raster_hz.h:60:40: warning: use of infinity via a macro is undefined behavior due to the currently enabled floating-point options [-Wnan-infinity-disabled]
   60 |     sg_f32x4 maximum = sg_f32x4_splat(-INFINITY);
      |                                        ^
/home/cosmo/Git/softgl/build/diagnostics/fragment-mask-replay-cursor/source-root/libsoftgl/src/raster_hz.h:76:25: warning: use of infinity via a macro is undefined behavior due to the currently enabled floating-point options [-Wnan-infinity-disabled]
   76 |         tile->maximum = INFINITY; tile->maximum_sample = 0; return;
      |                         ^
/home/cosmo/Git/softgl/build/diagnostics/fragment-mask-replay-cursor/source-root/libsoftgl/src/raster_hz.h:109:40: warning: use of infinity via a macro is undefined behavior due to the currently enabled floating-point options [-Wnan-infinity-disabled]
  109 |     sg_f32x4 maximum = sg_f32x4_splat(-INFINITY);
      |                                        ^
/home/cosmo/Git/softgl/build/diagnostics/fragment-mask-replay-cursor/source-root/libsoftgl/src/raster_hz.h:125:25: warning: use of infinity via a macro is undefined behavior due to the currently enabled floating-point options [-Wnan-infinity-disabled]
  125 |         tile->maximum = INFINITY; tile->maximum_sample = 0; return;
      |                         ^
[ 66%] Building C object libsoftgl/CMakeFiles/softgl.dir/src/evaluators.c.o
[ 66%] Building C object libsoftgl/CMakeFiles/softgl.dir/src/workers.c.o
In file included from /home/cosmo/Git/softgl/build/diagnostics/fragment-mask-replay-cursor/source-root/libsoftgl/src/workers.c:1:
/home/cosmo/Git/softgl/build/diagnostics/fragment-mask-replay-cursor/source-root/libsoftgl/src/raster_hz.h:60:40: warning: use of infinity via a macro is undefined behavior due to the currently enabled floating-point options [-Wnan-infinity-disabled]
   60 |     sg_f32x4 maximum = sg_f32x4_splat(-INFINITY);
      |                                        ^
/home/cosmo/Git/softgl/build/diagnostics/fragment-mask-replay-cursor/source-root/libsoftgl/src/raster_hz.h:76:25: warning: use of infinity via a macro is undefined behavior due to the currently enabled floating-point options [-Wnan-infinity-disabled]
   76 |         tile->maximum = INFINITY; tile->maximum_sample = 0; return;
      |                         ^
/home/cosmo/Git/softgl/build/diagnostics/fragment-mask-replay-cursor/source-root/libsoftgl/src/raster_hz.h:109:40: warning: use of infinity via a macro is undefined behavior due to the currently enabled floating-point options [-Wnan-infinity-disabled]
  109 |     sg_f32x4 maximum = sg_f32x4_splat(-INFINITY);
      |                                        ^
/home/cosmo/Git/softgl/build/diagnostics/fragment-mask-replay-cursor/source-root/libsoftgl/src/raster_hz.h:125:25: warning: use of infinity via a macro is undefined behavior due to the currently enabled floating-point options [-Wnan-infinity-disabled]
  125 |         tile->maximum = INFINITY; tile->maximum_sample = 0; return;
      |                         ^
4 warnings generated.
4 warnings generated.
4 warnings generated.
[ 66%] Linking C static library libsoftgl.a
[ 66%] Built target softgl
[ 66%] Building C object tests/CMakeFiles/fragment_mask_replay_contract.dir/fragment_mask_replay.c.o
[100%] Linking C executable fragment_mask_replay_contract
[100%] Built target fragment_mask_replay_contract
