Quiet-host audit passed: /home/cosmo/Git/softgl/build/diagnostics/cube-cold-fallback/timings/cube-cold-fallback-ms0-audit-1-pair-1.json attempt 1
cube-cold-fallback-ms0: audit 1, pair 1 verified
Quiet-host audit passed: /home/cosmo/Git/softgl/build/diagnostics/cube-cold-fallback/timings/cube-cold-fallback-ms0-audit-1-pair-2.json attempt 1
cube-cold-fallback-ms0: audit 1, pair 2 verified
Quiet-host audit passed: /home/cosmo/Git/softgl/build/diagnostics/cube-cold-fallback/timings/cube-cold-fallback-ms0-audit-1-pair-3.json attempt 1
cube-cold-fallback-ms0: audit 1, pair 3 verified
Quiet-host audit passed: /home/cosmo/Git/softgl/build/diagnostics/cube-cold-fallback/timings/cube-cold-fallback-ms0-audit-2-pair-1.json attempt 1
cube-cold-fallback-ms0: audit 2, pair 1 verified
Quiet-host audit passed: /home/cosmo/Git/softgl/build/diagnostics/cube-cold-fallback/timings/cube-cold-fallback-ms0-audit-2-pair-2.json attempt 1
cube-cold-fallback-ms0: audit 2, pair 2 verified
Quiet-host audit passed: /home/cosmo/Git/softgl/build/diagnostics/cube-cold-fallback/timings/cube-cold-fallback-ms0-audit-2-pair-3.json attempt 1
cube-cold-fallback-ms0: audit 2, pair 3 verified
Quiet-host audit passed: /home/cosmo/Git/softgl/build/diagnostics/cube-cold-fallback/timings/cube-cold-fallback-ms2-audit-1-pair-1.json attempt 1
cube-cold-fallback-ms2: audit 1, pair 1 verified
Quiet-host audit passed: /home/cosmo/Git/softgl/build/diagnostics/cube-cold-fallback/timings/cube-cold-fallback-ms2-audit-1-pair-2.json attempt 1
cube-cold-fallback-ms2: audit 1, pair 2 verified
Quiet-host audit passed: /home/cosmo/Git/softgl/build/diagnostics/cube-cold-fallback/timings/cube-cold-fallback-ms2-audit-1-pair-3.json attempt 1
cube-cold-fallback-ms2: audit 1, pair 3 verified
Quiet-host audit passed: /home/cosmo/Git/softgl/build/diagnostics/cube-cold-fallback/timings/cube-cold-fallback-ms2-audit-2-pair-1.json attempt 1
cube-cold-fallback-ms2: audit 2, pair 1 verified
Quiet-host audit passed: /home/cosmo/Git/softgl/build/diagnostics/cube-cold-fallback/timings/cube-cold-fallback-ms2-audit-2-pair-2.json attempt 1
cube-cold-fallback-ms2: audit 2, pair 2 verified
Quiet-host audit passed: /home/cosmo/Git/softgl/build/diagnostics/cube-cold-fallback/timings/cube-cold-fallback-ms2-audit-2-pair-3.json attempt 1
cube-cold-fallback-ms2: audit 2, pair 3 verified
Quiet-host audit passed: /home/cosmo/Git/softgl/build/diagnostics/cube-cold-fallback/timings/cube-cold-fallback-audit-1-pair-1.json attempt 1
cube-cold-fallback: audit 1, pair 1 verified
Quiet-host audit passed: /home/cosmo/Git/softgl/build/diagnostics/cube-cold-fallback/timings/cube-cold-fallback-audit-1-pair-2.json attempt 1
cube-cold-fallback: audit 1, pair 2 verified
Quiet-host audit passed: /home/cosmo/Git/softgl/build/diagnostics/cube-cold-fallback/timings/cube-cold-fallback-audit-1-pair-3.json attempt 1
cube-cold-fallback: audit 1, pair 3 verified
Quiet-host audit passed: /home/cosmo/Git/softgl/build/diagnostics/cube-cold-fallback/timings/cube-cold-fallback-audit-2-pair-1.json attempt 1
cube-cold-fallback: audit 2, pair 1 verified
Quiet-host audit passed: /home/cosmo/Git/softgl/build/diagnostics/cube-cold-fallback/timings/cube-cold-fallback-audit-2-pair-2.json attempt 1
cube-cold-fallback: audit 2, pair 2 verified
Quiet-host audit passed: /home/cosmo/Git/softgl/build/diagnostics/cube-cold-fallback/timings/cube-cold-fallback-audit-2-pair-3.json attempt 1
cube-cold-fallback: audit 2, pair 3 verified
/home/cosmo/Git/softgl/build/diagnostics/cube-cold-fallback/timings/cube-cold-fallback-results.json
All eighteen predeclared paired comparisons complete
