Quiet-host audit passed: /home/cosmo/Git/softgl/build/diagnostics/off-edge-mask/timings/off-edge-mask-ms0-audit-1-pair-1.json attempt 1
off-edge-mask-ms0: audit 1, pair 1 verified
Quiet-host audit passed: /home/cosmo/Git/softgl/build/diagnostics/off-edge-mask/timings/off-edge-mask-ms0-audit-1-pair-2.json attempt 1
off-edge-mask-ms0: audit 1, pair 2 verified
Quiet-host audit passed: /home/cosmo/Git/softgl/build/diagnostics/off-edge-mask/timings/off-edge-mask-ms0-audit-1-pair-3.json attempt 1
off-edge-mask-ms0: audit 1, pair 3 verified
Quiet-host audit passed: /home/cosmo/Git/softgl/build/diagnostics/off-edge-mask/timings/off-edge-mask-ms0-audit-2-pair-1.json attempt 1
off-edge-mask-ms0: audit 2, pair 1 verified
Quiet-host audit passed: /home/cosmo/Git/softgl/build/diagnostics/off-edge-mask/timings/off-edge-mask-ms0-audit-2-pair-2.json attempt 1
off-edge-mask-ms0: audit 2, pair 2 verified
Quiet-host audit passed: /home/cosmo/Git/softgl/build/diagnostics/off-edge-mask/timings/off-edge-mask-ms0-audit-2-pair-3.json attempt 1
off-edge-mask-ms0: audit 2, pair 3 verified
Quiet-host audit passed: /home/cosmo/Git/softgl/build/diagnostics/off-edge-mask/timings/off-edge-mask-ms2-audit-1-pair-1.json attempt 1
off-edge-mask-ms2: audit 1, pair 1 verified
Quiet-host audit passed: /home/cosmo/Git/softgl/build/diagnostics/off-edge-mask/timings/off-edge-mask-ms2-audit-1-pair-2.json attempt 1
off-edge-mask-ms2: audit 1, pair 2 verified
Quiet-host audit passed: /home/cosmo/Git/softgl/build/diagnostics/off-edge-mask/timings/off-edge-mask-ms2-audit-1-pair-3.json attempt 1
off-edge-mask-ms2: audit 1, pair 3 verified
Quiet-host audit passed: /home/cosmo/Git/softgl/build/diagnostics/off-edge-mask/timings/off-edge-mask-ms2-audit-2-pair-1.json attempt 1
off-edge-mask-ms2: audit 2, pair 1 verified
Quiet-host audit passed: /home/cosmo/Git/softgl/build/diagnostics/off-edge-mask/timings/off-edge-mask-ms2-audit-2-pair-2.json attempt 1
off-edge-mask-ms2: audit 2, pair 2 verified
Quiet-host audit passed: /home/cosmo/Git/softgl/build/diagnostics/off-edge-mask/timings/off-edge-mask-ms2-audit-2-pair-3.json attempt 1
off-edge-mask-ms2: audit 2, pair 3 verified
Quiet-host audit passed: /home/cosmo/Git/softgl/build/diagnostics/off-edge-mask/timings/off-edge-mask-audit-1-pair-1.json attempt 1
off-edge-mask: audit 1, pair 1 verified
Quiet-host audit passed: /home/cosmo/Git/softgl/build/diagnostics/off-edge-mask/timings/off-edge-mask-audit-1-pair-2.json attempt 1
off-edge-mask: audit 1, pair 2 verified
Quiet-host audit passed: /home/cosmo/Git/softgl/build/diagnostics/off-edge-mask/timings/off-edge-mask-audit-1-pair-3.json attempt 1
off-edge-mask: audit 1, pair 3 verified
Quiet-host audit passed: /home/cosmo/Git/softgl/build/diagnostics/off-edge-mask/timings/off-edge-mask-audit-2-pair-1.json attempt 1
off-edge-mask: audit 2, pair 1 verified
Quiet-host audit passed: /home/cosmo/Git/softgl/build/diagnostics/off-edge-mask/timings/off-edge-mask-audit-2-pair-2.json attempt 1
off-edge-mask: audit 2, pair 2 verified
Quiet-host audit passed: /home/cosmo/Git/softgl/build/diagnostics/off-edge-mask/timings/off-edge-mask-audit-2-pair-3.json attempt 1
off-edge-mask: audit 2, pair 3 verified
/home/cosmo/Git/softgl/build/diagnostics/off-edge-mask/timings/off-edge-mask-results.json
All eighteen predeclared paired comparisons complete
