Starting 1 bmw 0
Quiet-host audit passed: /home/cosmo/Git/softgl/build/diagnostics/current-texture-access/runs/audit-1-bmw-ms0.json attempt 1
bmw 0 39 thread identities/groups/task clocks and scope checks pass
Starting 1 tank 0
Quiet-host audit passed: /home/cosmo/Git/softgl/build/diagnostics/current-texture-access/runs/audit-1-tank-ms0.json attempt 1
tank 0 39 thread identities/groups/task clocks and scope checks pass
Starting 1 bmw 2
Quiet-host audit passed: /home/cosmo/Git/softgl/build/diagnostics/current-texture-access/runs/audit-1-bmw-ms2.json attempt 1
bmw 2 42 thread identities/groups/task clocks and scope checks pass
Starting 1 tank 2
Quiet-host audit passed: /home/cosmo/Git/softgl/build/diagnostics/current-texture-access/runs/audit-1-tank-ms2.json attempt 1
tank 2 40 thread identities/groups/task clocks and scope checks pass
Starting 1 bmw 4
Quiet-host audit passed: /home/cosmo/Git/softgl/build/diagnostics/current-texture-access/runs/audit-1-bmw-ms4.json attempt 1
bmw 4 40 thread identities/groups/task clocks and scope checks pass
Starting 1 tank 4
Quiet-host audit passed: /home/cosmo/Git/softgl/build/diagnostics/current-texture-access/runs/audit-1-tank-ms4.json attempt 1
tank 4 39 thread identities/groups/task clocks and scope checks pass
Starting 2 tank 4
Quiet-host audit passed: /home/cosmo/Git/softgl/build/diagnostics/current-texture-access/runs/audit-2-tank-ms4.json attempt 1
tank 4 39 thread identities/groups/task clocks and scope checks pass
Starting 2 bmw 4
Quiet-host audit passed: /home/cosmo/Git/softgl/build/diagnostics/current-texture-access/runs/audit-2-bmw-ms4.json attempt 1
bmw 4 41 thread identities/groups/task clocks and scope checks pass
Starting 2 tank 2
Quiet-host audit passed: /home/cosmo/Git/softgl/build/diagnostics/current-texture-access/runs/audit-2-tank-ms2.json attempt 1
tank 2 39 thread identities/groups/task clocks and scope checks pass
Starting 2 bmw 2
Quiet-host audit passed: /home/cosmo/Git/softgl/build/diagnostics/current-texture-access/runs/audit-2-bmw-ms2.json attempt 1
bmw 2 39 thread identities/groups/task clocks and scope checks pass
Starting 2 tank 0
Quiet-host audit passed: /home/cosmo/Git/softgl/build/diagnostics/current-texture-access/runs/audit-2-tank-ms0.json attempt 1
tank 0 39 thread identities/groups/task clocks and scope checks pass
Starting 2 bmw 0
Quiet-host audit passed: /home/cosmo/Git/softgl/build/diagnostics/current-texture-access/runs/audit-2-bmw-ms0.json attempt 1
bmw 0 40 thread identities/groups/task clocks and scope checks pass
All12 guarded unchanged-renderer hardware observations complete
