Quiet-host audit passed: /home/cosmo/Git/softgl/build/diagnostics/off-pixel-packing/timings/off-pixel-packing-ms0-audit-1-pair-1.json attempt 1
off-pixel-packing-ms0: audit 1, pair 1 verified
Quiet-host audit passed: /home/cosmo/Git/softgl/build/diagnostics/off-pixel-packing/timings/off-pixel-packing-ms0-audit-1-pair-2.json attempt 1
off-pixel-packing-ms0: audit 1, pair 2 verified
Quiet-host audit passed: /home/cosmo/Git/softgl/build/diagnostics/off-pixel-packing/timings/off-pixel-packing-ms0-audit-1-pair-3.json attempt 1
off-pixel-packing-ms0: audit 1, pair 3 verified
Quiet-host audit passed: /home/cosmo/Git/softgl/build/diagnostics/off-pixel-packing/timings/off-pixel-packing-ms0-audit-2-pair-1.json attempt 1
off-pixel-packing-ms0: audit 2, pair 1 verified
Quiet-host audit passed: /home/cosmo/Git/softgl/build/diagnostics/off-pixel-packing/timings/off-pixel-packing-ms0-audit-2-pair-2.json attempt 1
off-pixel-packing-ms0: audit 2, pair 2 verified
Quiet-host audit passed: /home/cosmo/Git/softgl/build/diagnostics/off-pixel-packing/timings/off-pixel-packing-ms0-audit-2-pair-3.json attempt 1
off-pixel-packing-ms0: audit 2, pair 3 verified
Quiet-host audit passed: /home/cosmo/Git/softgl/build/diagnostics/off-pixel-packing/timings/off-pixel-packing-ms2-audit-1-pair-1.json attempt 1
off-pixel-packing-ms2: audit 1, pair 1 verified
Quiet-host audit passed: /home/cosmo/Git/softgl/build/diagnostics/off-pixel-packing/timings/off-pixel-packing-ms2-audit-1-pair-2.json attempt 1
off-pixel-packing-ms2: audit 1, pair 2 verified
Quiet-host audit passed: /home/cosmo/Git/softgl/build/diagnostics/off-pixel-packing/timings/off-pixel-packing-ms2-audit-1-pair-3.json attempt 1
off-pixel-packing-ms2: audit 1, pair 3 verified
Quiet-host audit passed: /home/cosmo/Git/softgl/build/diagnostics/off-pixel-packing/timings/off-pixel-packing-ms2-audit-2-pair-1.json attempt 1
off-pixel-packing-ms2: audit 2, pair 1 verified
Quiet-host audit passed: /home/cosmo/Git/softgl/build/diagnostics/off-pixel-packing/timings/off-pixel-packing-ms2-audit-2-pair-2.json attempt 1
off-pixel-packing-ms2: audit 2, pair 2 verified
Quiet-host audit passed: /home/cosmo/Git/softgl/build/diagnostics/off-pixel-packing/timings/off-pixel-packing-ms2-audit-2-pair-3.json attempt 1
off-pixel-packing-ms2: audit 2, pair 3 verified
Quiet-host audit passed: /home/cosmo/Git/softgl/build/diagnostics/off-pixel-packing/timings/off-pixel-packing-audit-1-pair-1.json attempt 1
off-pixel-packing: audit 1, pair 1 verified
Quiet-host audit passed: /home/cosmo/Git/softgl/build/diagnostics/off-pixel-packing/timings/off-pixel-packing-audit-1-pair-2.json attempt 1
off-pixel-packing: audit 1, pair 2 verified
Quiet-host audit passed: /home/cosmo/Git/softgl/build/diagnostics/off-pixel-packing/timings/off-pixel-packing-audit-1-pair-3.json attempt 1
off-pixel-packing: audit 1, pair 3 verified
Quiet-host audit passed: /home/cosmo/Git/softgl/build/diagnostics/off-pixel-packing/timings/off-pixel-packing-audit-2-pair-1.json attempt 1
off-pixel-packing: audit 2, pair 1 verified
Quiet-host audit passed: /home/cosmo/Git/softgl/build/diagnostics/off-pixel-packing/timings/off-pixel-packing-audit-2-pair-2.json attempt 1
off-pixel-packing: audit 2, pair 2 verified
Quiet-host audit passed: /home/cosmo/Git/softgl/build/diagnostics/off-pixel-packing/timings/off-pixel-packing-audit-2-pair-3.json attempt 1
off-pixel-packing: audit 2, pair 3 verified
/home/cosmo/Git/softgl/build/diagnostics/off-pixel-packing/timings/off-pixel-packing-results.json
All eighteen predeclared paired comparisons complete
