-- Configuring done (0.0s)
-- Generating done (1.0s)
-- Build files have been written to: /home/cosmo/Git/softgl/build/native
[  0%] Built target msaa_edge_instrumented
[  0%] Built target sg_compare
[  0%] Built target bench_case_showcase
[  0%] Building C object libsoftgl/CMakeFiles/softgl.dir/src/pipeline.c.o
[  0%] Built target bench_case_particles
[  0%] Built target bench_case_shadow
[  0%] Built target bench_case_city
[  0%] Built target bench_case_sphere_lit
[  0%] Built target harness_mesa
[  0%] Built target tank_image_scene
[  1%] Built target model_image_scene
[  1%] Built target ref_01_clear_black
[  1%] Built target ref_02_clear_red
[  1%] Built target ref_03_scissor_clear
[  2%] Built target ref_04_partial_viewport_clear
[  2%] Built target ref_05_multi_clear_stripes
[  2%] Built target ref_06_get_viewport
[  2%] Built target ref_08_matrix_translate
[  2%] Built target ref_07_matrix_identity
[  3%] Built target ref_09_matrix_stack
[  4%] Built target ref_12_triangle_cw_culled
[  4%] Built target ref_11_triangle_ccw
[  5%] Built target ref_10_ortho_projection
[  5%] Built target ref_13_triangle_depth
[  5%] Built target ref_15_two_tris_depth
[  5%] Built target ref_14_triangle_frustum
[  5%] Built target ref_16_flat_shaded
[  5%] Built target ref_17_gouraud_rgb
[  5%] Built target ref_18_fullscreen_quad
[  5%] Built target ref_19_degenerate_triangle
[  5%] Built target ref_21_clip_left
[  5%] Built target ref_20_triangle_at_edges
[  6%] Built target ref_22_clip_right
[  7%] Built target ref_23_clip_top
[  7%] Built target ref_24_clip_bottom
[  7%] Built target ref_25_clip_near
[  7%] Built target ref_26_clip_far
[  7%] Built target ref_27_clip_all_planes
[  8%] Built target ref_28_clip_offscreen_but_visible
[  8%] Built target ref_29_clip_quad_seam
[  8%] Built target ref_30_clip_many_triangles
[  8%] Built target ref_31_translate
[  8%] Built target ref_32_rotate_x
[  9%] Built target ref_33_rotate_y
[  9%] Built target ref_34_rotate_z
[  9%] Built target ref_35_scale_nonuniform
[  9%] Built target ref_36_rotate_translate
[  9%] Built target ref_37_orbit
[  9%] Built target ref_38_perspective_60fov
[ 10%] Built target ref_39_aspect_correction
[ 10%] Built target ref_40_hierarchical_transform
[ 10%] Built target ref_41_tex_checkerboard
[ 10%] Built target ref_42_tex_gradient_bilinear
[ 10%] Built target ref_43_tex_repeat
[ 11%] Built target ref_44_tex_clamp
[ 11%] Built target ref_45_tex_many_repeats
[ 11%] Built target ref_46_tex_alpha_cutout
[ 11%] Built target ref_47_tex_modulate
[ 11%] Built target ref_48_tex_replace
[ 12%] Built target ref_49_tex_decal
[ 12%] Built target ref_50_multitexture
[ 12%] Built target ref_51_directional_light
[ 12%] Built target ref_52_ambient_only
[ 12%] Built target ref_53_diffuse_lambert
[ 12%] Built target ref_54_specular_blinn
[ 13%] Built target ref_55_point_light_attenuation
[ 13%] Built target ref_56_multi_lights
[ 13%] Built target ref_57_icosphere_lit
[ 13%] Built target ref_58_colored_material
[ 13%] Built target ref_59_emission
[ 14%] Built target ref_60_normalize
[ 14%] Built target ref_61_tessellated_grid
[ 14%] Built target ref_62_icosphere_subdiv
[ 14%] Built target ref_63_uv_sphere
[ 14%] Built target ref_64_cylinder
[ 14%] Built target ref_66_bezier_patch
[ 15%] Built target ref_65_torus
[ 15%] Built target ref_67_extrusion
[ 15%] Built target ref_68_loft
[ 15%] Built target ref_69_superquadric
[ 16%] Built target ref_70_heightfield
[ 16%] Built target ref_71_fog_exp2
[ 16%] Built target ref_72_fog_linear
[ 16%] Built target ref_73_fog_exp
[ 16%] Built target ref_74_fog_colored
[ 16%] Built target ref_75_alpha_blend
[ 17%] Built target ref_76_additive_blend
[ 17%] Built target ref_77_alpha_test_edge
[ 17%] Built target ref_78_transparent_stack
[ 17%] Built target ref_79_premult_alpha
[ 17%] Built target ref_80_blend_depth
[ 18%] Built target ref_81_vbo_simple
[ 18%] Built target ref_82_vbo_interleaved_pc
[ 18%] Built target ref_83_vbo_interleaved_pnct
[ 18%] Built target ref_84_indexed_draw
[ 18%] Built target ref_85_multi_vbos
[ 19%] Built target ref_86_buffer_subdata
[ 19%] Built target ref_87_large_mesh
[ 19%] Built target ref_88_instanced_manual
[ 19%] Built target ref_89_dynamic_vbo
[ 19%] Built target ref_90_multi_drawarrays
[ 19%] Built target ref_91_dot3_baseline
[ 20%] Built target ref_92_normalmap_pattern
[ 20%] Built target ref_93_normalmap_depth
[ 20%] Built target ref_94_lit_textured_sphere
[ 20%] Built target ref_95_scene_sphere_ground
[ 20%] Built target ref_96_building_cube
[ 21%] Built target ref_97_multiple_buildings
[ 21%] Built target ref_99_moving_camera
[ 21%] Built target ref_98_city_block
[ 21%] Built target ref_100_showcase
[ 21%] Built target ref_102_vertex_variants
[ 21%] Built target ref_101_begin_triangles
[ 21%] Built target ref_103_triangle_strip
[ 21%] Built target ref_104_triangle_fan
[ 22%] Built target ref_105_quads_one
[ 22%] Built target ref_107_quad_strip
[ 22%] Built target ref_106_quads_two
[ 22%] Built target ref_108_polygon_hexagon
[ 22%] Built target ref_109_lit_triangle
[ 22%] Built target ref_110_textured_quad
[ 22%] Built target ref_111_multitexture_imm
[ 22%] Built target ref_112_rectf
[ 22%] Built target ref_113_type_conversion
[ 23%] Built target ref_114_array_element
[ 23%] Built target ref_115_lit_polygon
[ 23%] Built target ref_116_dlist_empty
[ 23%] Built target ref_117_dlist_triangle
[ 23%] Built target ref_118_dlist_transform
[ 23%] Built target ref_119_dlist_compile_and_execute
[ 23%] Built target ref_120_call_lists_byte
[ 23%] Built target ref_121_nested_lists
[ 23%] Built target ref_122_dlist_lit
[ 24%] Built target ref_124_dlist_vbo_draw
[ 24%] Built target ref_123_dlist_texture
[ 24%] Built target ref_126_dlist_color_order
[ 24%] Built target ref_125_dlist_vbo_alloc
[ 24%] Built target ref_127_dlist_matrix_stack
[ 24%] Built target ref_128_dlist_repeat_outer_mv
[ 25%] Built target ref_129_dlist_id_recycle
[ 25%] Built target ref_130_call_lists_2bytes
[ 25%] Built target ref_131_lines_basic
[ 25%] Built target ref_132_line_strip
[ 25%] Linking C static library libsoftgl.a
[ 26%] Built target ref_133_line_loop
[ 26%] Built target ref_134_line_width
[ 26%] Built target ref_135_points_grid
[ 26%] Built target ref_136_point_size
[ 26%] Built target ref_138_polygon_mode_point
[ 26%] Built target ref_137_polygon_mode_line
[ 27%] Built target ref_139_polygon_mode_two_faces
[ 27%] Built target ref_140_polygon_offset
[ 27%] Built target ref_141_line_color_gradient
[ 29%] Built target softgl
[ 29%] Built target ref_142_line_perspective_depth
[ 30%] Built target ref_143_line_clip
[ 30%] Built target ref_144_edge_flag_polygon
[ 30%] Built target ref_145_mixed_primitives
[ 30%] Built target ref_146_stencil_clear
[ 31%] Built target ref_148_stencil_incr_overlap
[ 31%] Built target ref_147_stencil_mask_basic
[ 31%] Built target ref_150_stencil_zfail_shadow
[ 31%] Built target ref_149_stencil_invert_xor
[ 31%] Built target ref_151_stencil_write_mask
[ 31%] Built target ref_152_stencil_value_mask
[ 31%] Built target ref_154_stencil_portal
[ 32%] Built target ref_153_stencil_dpfail_incr
[ 32%] Built target ref_155_stencil_mirror
[ 32%] Built target ref_156_tex1d_gradient
[ 32%] Built target ref_157_tex1d_lookup
[ 33%] Built target ref_158_tex3d_corners
[ 33%] Built target ref_159_tex3d_slices
[ 33%] Built target ref_160_cubemap_skybox
[ 33%] Built target ref_161_cubemap_reflect
[ 34%] Built target ref_162_cubemap_faces
[ 34%] Built target ref_163_copy_tex_image_2d
[ 34%] Built target ref_164_copy_tex_sub_image_2d
[ 34%] Built target ref_165_tex_sub_image_2d
[ 34%] Built target ref_166_tex_sub_image_3d
[ 34%] Built target ref_167_cubemap_lit
[ 35%] Built target ref_168_tex3d_trilinear
[ 35%] Built target ref_169_cube_and_2d
[ 35%] Built target ref_170_all_targets
[ 35%] Built target ref_171_clip_plane_y
[ 36%] Built target ref_172_clip_plane_diagonal
[ 36%] Built target ref_173_clip_plane_two
[ 36%] Built target ref_174_color_material_diffuse
[ 36%] Built target ref_175_light_model_local_viewer
[ 36%] Built target ref_176_light_model_two_side
[ 37%] Built target ref_177_color_mask
[ 37%] Built target ref_178_logic_op_xor
[ 37%] Built target ref_179_logic_op_invert
[ 37%] Built target ref_180_hint_and_index_mask
[ 38%] Built target ref_181_drawpixels_rgba
[ 38%] Built target ref_182_drawpixels_luminance
[ 38%] Built target ref_183_drawpixels_rgb_float
[ 38%] Built target ref_185_copypixels
[ 38%] Built target ref_184_readpixels_echo
[ 38%] Built target ref_186_pixelzoom_2x
[ 39%] Built target ref_187_pixelzoom_flip
[ 39%] Built target ref_188_unpack_alignment
[ 39%] Built target ref_189_unpack_rowlength_skip
[ 39%] Built target ref_190_rasterpos_clipped
[ 40%] Built target ref_191_combine_interpolate
[ 40%] Built target ref_192_combine_subtract
[ 40%] Built target ref_193_combine_add_signed_scale
[ 40%] Built target ref_194_combine_split_alpha
[ 40%] Built target ref_195_combine_dot3_rgba
[ 41%] Built target ref_196_occlusion_samples
[ 41%] Built target ref_197_occlusion_any
[ 41%] Built target ref_198_map_buffer
[ 41%] Built target ref_199_evaluators_patch
[ 41%] Built target ref_200_accum_jitter
[ 42%] Built target ref_201_stipple
[ 42%] Built target ref_202_shadow_volume
[ 42%] Built target ref_203_bump_brick
[ 42%] Built target ref_205_chrome_sphere
[ 42%] Built target ref_204_lightmap_corridor
[ 43%] Built target ref_206_spot_projector
[ 43%] Built target ref_209_particles_additive
[ 43%] Built target ref_207_glass_window
[ 43%] Built target ref_208_terrain_blend
[ 44%] Built target ref_210_portal_rooms
[ 44%] Built target ref_211_billboard_trees
[ 44%] Built target ref_212_skybox_sun
[ 44%] Built target ref_213_lens_flare
[ 44%] Built target ref_214_decal_stencil
[ 44%] Built target ref_215_crt_emissive
[ 45%] Built target ref_216_water_surface
[ 45%] Built target ref_217_dot3_multipass_fog
[ 45%] Built target ref_218_worker_single_triangle
[ 46%] Built target ref_220_texture_linear_fog
[ 46%] Built target ref_219_normal_matrix_batches
[ 46%] Built target ref_221_texture_state_batches
[ 46%] Built target ref_222_worker_quad_boundaries
[ 46%] Built target ref_223_parallel_vertex_projection
[ 46%] Built target ref_224_parallel_occlusion_queries
[ 47%] Built target ref_225_transformed_bin_lifetime
[ 47%] Built target ref_226_parallel_pool_queries
[ 47%] Built target ref_227_simd_color_rounding
[ 47%] Built target ref_228_texture_repeat_coordinates
[ 47%] Built target ref_229_scalar_early_depth
[ 47%] Built target ref_230_combiner_sampling_dependencies
[ 47%] Built target ref_231_order_sensitive_sorting
[ 47%] Built target ref_233_large_query_handoffs
[ 47%] Built target ref_232_combiner_operand_channels
[ 47%] Built target ref_234_multisample_state
[ 47%] Built target ref_tank_view_0
[ 47%] Built target ref_tank_view_120
[ 47%] Built target ref_tank_view_240
[ 47%] Built target ref_bmw_view_0
[ 47%] Built target ref_bmw_view_120
[ 48%] Building C object tests/CMakeFiles/index_range_contract.dir/index_range.c.o
[ 48%] Built target ref_bmw_view_240
[ 49%] Linking C executable worker_pool
[ 49%] Linking C executable multisample_contract
[ 49%] Linking C executable msaa_store_contract
[ 49%] Built target worker_pool
[ 49%] Built target msaa_store_contract
[ 50%] Built target multisample_contract
[ 50%] Linking C executable hierarchical_depth_contract
[ 50%] Linking C executable msaa_edge_contract
[ 50%] Linking C executable dot3_chain_contract
[ 50%] Built target hierarchical_depth_contract
[ 50%] Built target dot3_chain_contract
[ 50%] Built target msaa_edge_contract
[ 50%] Linking C executable constant_texture_contract
[ 50%] Linking C executable pixel_packet_contract
[ 50%] Linking C executable cube_packet_contract
[ 50%] Linking C executable index_range_contract
[ 50%] Built target constant_texture_contract
[ 50%] Built target pixel_packet_contract
[ 51%] Linking C executable geometry_cache_contract
[ 51%] Built target index_range_contract
[ 51%] Linking C executable async_raster_contract
[ 52%] Built target cube_packet_contract
[ 52%] Linking C executable raster_vertex_pack_contract
[ 52%] Linking C executable packed_stream_contract
[ 52%] Built target geometry_cache_contract
[ 52%] Built target async_raster_contract
[ 52%] Linking C executable simd_clamp_contract
[ 52%] Built target raster_vertex_pack_contract
[ 52%] Linking C executable ordered_draw_queue_contract
[ 52%] Built target packed_stream_contract
[ 52%] Linking C executable msaa_additive_contract
[ 52%] Built target simd_clamp_contract
[ 52%] Linking C executable triangle_stage_contract
[ 52%] Built target ordered_draw_queue_contract
[ 52%] Linking C executable msaa_scanline_contract
[ 52%] Built target msaa_additive_contract
[ 52%] Built target triangle_stage_contract
[ 52%] Linking C executable cube_filter_contract
[ 52%] Linking C executable cache_coverage_contract
[ 52%] Linking C executable depth_replay_contract
[ 52%] Built target msaa_scanline_contract
[ 52%] Linking C executable position_cache_contract
[ 52%] Built target cache_coverage_contract
[ 52%] Built target cube_filter_contract
[ 52%] Built target depth_replay_contract
[ 52%] Linking C executable vertex_inputs_contract
[ 52%] Linking C executable ../bench/bench_raster
[ 53%] Linking C executable ../bench/bench_scenes
[ 54%] Built target position_cache_contract
[ 54%] Built target vertex_inputs_contract
[ 54%] Linking C executable ../bench/bench_tank
[ 54%] Built target bench_raster
[ 54%] Built target harness_softgl
[ 54%] Built target bench_scenes
[ 54%] Built target bench_tank
[ 54%] Linking C executable ../tests_sgl/sgl_02_clear_red
[ 54%] Linking C executable ../tests_sgl/sgl_03_scissor_clear
[ 55%] Linking C executable ../tests_sgl/sgl_01_clear_black
[ 55%] Linking C executable ../tests_sgl/sgl_04_partial_viewport_clear
[ 55%] Built target sgl_02_clear_red
[ 55%] Built target sgl_03_scissor_clear
[ 55%] Built target sgl_01_clear_black
[ 55%] Linking C executable ../tests_sgl/sgl_05_multi_clear_stripes
[ 55%] Built target sgl_04_partial_viewport_clear
[ 56%] Linking C executable ../tests_sgl/sgl_06_get_viewport
[ 56%] Linking C executable ../tests_sgl/sgl_07_matrix_identity
[ 56%] Linking C executable ../tests_sgl/sgl_08_matrix_translate
[ 56%] Built target sgl_05_multi_clear_stripes
[ 56%] Built target sgl_06_get_viewport
[ 56%] Built target sgl_07_matrix_identity
[ 56%] Linking C executable ../tests_sgl/sgl_09_matrix_stack
[ 56%] Linking C executable ../tests_sgl/sgl_10_ortho_projection
[ 56%] Built target sgl_08_matrix_translate
[ 56%] Linking C executable ../tests_sgl/sgl_11_triangle_ccw
[ 56%] Linking C executable ../tests_sgl/sgl_12_triangle_cw_culled
[ 56%] Built target sgl_10_ortho_projection
[ 56%] Built target sgl_09_matrix_stack
[ 56%] Built target sgl_11_triangle_ccw
[ 56%] Linking C executable ../tests_sgl/sgl_13_triangle_depth
[ 56%] Linking C executable ../tests_sgl/sgl_14_triangle_frustum
[ 56%] Built target sgl_12_triangle_cw_culled
[ 57%] Linking C executable ../tests_sgl/sgl_15_two_tris_depth
[ 57%] Linking C executable ../tests_sgl/sgl_16_flat_shaded
[ 57%] Built target sgl_13_triangle_depth
[ 57%] Built target sgl_14_triangle_frustum
[ 57%] Linking C executable ../tests_sgl/sgl_17_gouraud_rgb
[ 57%] Built target sgl_15_two_tris_depth
[ 57%] Linking C executable ../tests_sgl/sgl_18_fullscreen_quad
[ 58%] Built target sgl_16_flat_shaded
[ 58%] Linking C executable ../tests_sgl/sgl_19_degenerate_triangle
[ 58%] Linking C executable ../tests_sgl/sgl_20_triangle_at_edges
[ 58%] Built target sgl_17_gouraud_rgb
[ 58%] Built target sgl_18_fullscreen_quad
[ 58%] Linking C executable ../tests_sgl/sgl_21_clip_left
[ 58%] Built target sgl_19_degenerate_triangle
[ 58%] Linking C executable ../tests_sgl/sgl_22_clip_right
[ 58%] Built target sgl_20_triangle_at_edges
[ 58%] Linking C executable ../tests_sgl/sgl_23_clip_top
[ 58%] Linking C executable ../tests_sgl/sgl_24_clip_bottom
[ 58%] Built target sgl_21_clip_left
[ 58%] Built target sgl_22_clip_right
[ 59%] Linking C executable ../tests_sgl/sgl_25_clip_near
[ 59%] Built target sgl_23_clip_top
[ 59%] Linking C executable ../tests_sgl/sgl_26_clip_far
[ 59%] Built target sgl_24_clip_bottom
[ 59%] Linking C executable ../tests_sgl/sgl_27_clip_all_planes
[ 59%] Linking C executable ../tests_sgl/sgl_28_clip_offscreen_but_visible
[ 59%] Built target sgl_25_clip_near
[ 59%] Built target sgl_26_clip_far
[ 59%] Linking C executable ../tests_sgl/sgl_29_clip_quad_seam
[ 59%] Built target sgl_27_clip_all_planes
[ 60%] Linking C executable ../tests_sgl/sgl_30_clip_many_triangles
[ 60%] Built target sgl_28_clip_offscreen_but_visible
[ 60%] Linking C executable ../tests_sgl/sgl_31_translate
[ 60%] Linking C executable ../tests_sgl/sgl_32_rotate_x
[ 60%] Built target sgl_29_clip_quad_seam
[ 60%] Built target sgl_30_clip_many_triangles
[ 60%] Built target sgl_31_translate
[ 60%] Linking C executable ../tests_sgl/sgl_34_rotate_z
[ 60%] Linking C executable ../tests_sgl/sgl_33_rotate_y
[ 60%] Built target sgl_32_rotate_x
[ 60%] Linking C executable ../tests_sgl/sgl_35_scale_nonuniform
[ 60%] Linking C executable ../tests_sgl/sgl_36_rotate_translate
[ 60%] Built target sgl_33_rotate_y
[ 60%] Built target sgl_34_rotate_z
[ 60%] Built target sgl_35_scale_nonuniform
[ 60%] Linking C executable ../tests_sgl/sgl_37_orbit
[ 60%] Linking C executable ../tests_sgl/sgl_38_perspective_60fov
[ 60%] Linking C executable ../tests_sgl/sgl_39_aspect_correction
[ 61%] Built target sgl_36_rotate_translate
[ 61%] Built target sgl_37_orbit
[ 61%] Built target sgl_38_perspective_60fov
[ 61%] Linking C executable ../tests_sgl/sgl_40_hierarchical_transform
[ 61%] Built target sgl_39_aspect_correction
[ 61%] Linking C executable ../tests_sgl/sgl_41_tex_checkerboard
[ 61%] Linking C executable ../tests_sgl/sgl_42_tex_gradient_bilinear
[ 61%] Linking C executable ../tests_sgl/sgl_43_tex_repeat
[ 61%] Built target sgl_40_hierarchical_transform
[ 62%] Built target sgl_41_tex_checkerboard
[ 62%] Built target sgl_42_tex_gradient_bilinear
[ 62%] Linking C executable ../tests_sgl/sgl_44_tex_clamp
[ 62%] Linking C executable ../tests_sgl/sgl_45_tex_many_repeats
[ 62%] Built target sgl_43_tex_repeat
[ 63%] Linking C executable ../tests_sgl/sgl_46_tex_alpha_cutout
[ 63%] Linking C executable ../tests_sgl/sgl_47_tex_modulate
[ 63%] Built target sgl_44_tex_clamp
[ 63%] Built target sgl_45_tex_many_repeats
[ 63%] Built target sgl_46_tex_alpha_cutout
[ 63%] Linking C executable ../tests_sgl/sgl_48_tex_replace
[ 63%] Built target sgl_47_tex_modulate
[ 63%] Linking C executable ../tests_sgl/sgl_49_tex_decal
[ 63%] Linking C executable ../tests_sgl/sgl_50_multitexture
[ 63%] Linking C executable ../tests_sgl/sgl_51_directional_light
[ 63%] Built target sgl_48_tex_replace
[ 63%] Built target sgl_49_tex_decal
[ 63%] Built target sgl_50_multitexture
[ 63%] Linking C executable ../tests_sgl/sgl_52_ambient_only
[ 63%] Linking C executable ../tests_sgl/sgl_53_diffuse_lambert
[ 63%] Built target sgl_51_directional_light
[ 63%] Linking C executable ../tests_sgl/sgl_54_specular_blinn
[ 63%] Linking C executable ../tests_sgl/sgl_55_point_light_attenuation
[ 64%] Built target sgl_52_ambient_only
[ 64%] Built target sgl_53_diffuse_lambert
[ 64%] Built target sgl_54_specular_blinn
[ 64%] Linking C executable ../tests_sgl/sgl_56_multi_lights
[ 64%] Linking C executable ../tests_sgl/sgl_57_icosphere_lit
[ 64%] Linking C executable ../tests_sgl/sgl_58_colored_material
[ 64%] Built target sgl_55_point_light_attenuation
[ 64%] Linking C executable ../tests_sgl/sgl_59_emission
[ 64%] Built target sgl_56_multi_lights
[ 65%] Built target sgl_57_icosphere_lit
[ 65%] Built target sgl_58_colored_material
[ 65%] Linking C executable ../tests_sgl/sgl_60_normalize
[ 65%] Linking C executable ../tests_sgl/sgl_61_tessellated_grid
[ 66%] Linking C executable ../tests_sgl/sgl_62_icosphere_subdiv
[ 66%] Built target sgl_59_emission
[ 66%] Linking C executable ../tests_sgl/sgl_63_uv_sphere
[ 66%] Built target sgl_60_normalize
[ 66%] Built target sgl_61_tessellated_grid
[ 66%] Built target sgl_62_icosphere_subdiv
[ 66%] Linking C executable ../tests_sgl/sgl_64_cylinder
[ 66%] Linking C executable ../tests_sgl/sgl_65_torus
[ 66%] Linking C executable ../tests_sgl/sgl_66_bezier_patch
[ 66%] Built target sgl_63_uv_sphere
[ 67%] Linking C executable ../tests_sgl/sgl_67_extrusion
[ 67%] Built target sgl_64_cylinder
[ 67%] Built target sgl_65_torus
[ 67%] Built target sgl_66_bezier_patch
[ 67%] Linking C executable ../tests_sgl/sgl_68_loft
[ 67%] Linking C executable ../tests_sgl/sgl_69_superquadric
[ 67%] Linking C executable ../tests_sgl/sgl_70_heightfield
[ 67%] Built target sgl_67_extrusion
[ 67%] Built target sgl_68_loft
[ 67%] Built target sgl_69_superquadric
[ 67%] Linking C executable ../tests_sgl/sgl_71_fog_exp2
[ 67%] Built target sgl_70_heightfield
[ 67%] Linking C executable ../tests_sgl/sgl_72_fog_linear
[ 67%] Linking C executable ../tests_sgl/sgl_73_fog_exp
[ 67%] Linking C executable ../tests_sgl/sgl_74_fog_colored
[ 67%] Built target sgl_71_fog_exp2
[ 67%] Built target sgl_72_fog_linear
[ 67%] Linking C executable ../tests_sgl/sgl_75_alpha_blend
[ 68%] Built target sgl_73_fog_exp
[ 68%] Built target sgl_74_fog_colored
[ 68%] Linking C executable ../tests_sgl/sgl_76_additive_blend
[ 68%] Linking C executable ../tests_sgl/sgl_77_alpha_test_edge
[ 69%] Linking C executable ../tests_sgl/sgl_78_transparent_stack
[ 69%] Built target sgl_75_alpha_blend
[ 69%] Built target sgl_76_additive_blend
[ 69%] Linking C executable ../tests_sgl/sgl_79_premult_alpha
[ 69%] Built target sgl_77_alpha_test_edge
[ 69%] Linking C executable ../tests_sgl/sgl_81_vbo_simple
[ 69%] Built target sgl_78_transparent_stack
[ 69%] Linking C executable ../tests_sgl/sgl_80_blend_depth
[ 69%] Built target sgl_79_premult_alpha
[ 69%] Linking C executable ../tests_sgl/sgl_82_vbo_interleaved_pc
[ 69%] Built target sgl_81_vbo_simple
[ 70%] Linking C executable ../tests_sgl/sgl_83_vbo_interleaved_pnct
[ 70%] Built target sgl_80_blend_depth
[ 70%] Linking C executable ../tests_sgl/sgl_84_indexed_draw
[ 70%] Built target sgl_82_vbo_interleaved_pc
[ 70%] Linking C executable ../tests_sgl/sgl_85_multi_vbos
[ 70%] Linking C executable ../tests_sgl/sgl_86_buffer_subdata
[ 70%] Built target sgl_83_vbo_interleaved_pnct
[ 70%] Built target sgl_84_indexed_draw
[ 70%] Built target sgl_85_multi_vbos
[ 70%] Linking C executable ../tests_sgl/sgl_87_large_mesh
[ 70%] Linking C executable ../tests_sgl/sgl_88_instanced_manual
[ 70%] Built target sgl_86_buffer_subdata
[ 70%] Linking C executable ../tests_sgl/sgl_89_dynamic_vbo
[ 70%] Built target sgl_87_large_mesh
[ 70%] Linking C executable ../tests_sgl/sgl_90_multi_drawarrays
[ 70%] Built target sgl_88_instanced_manual
[ 70%] Linking C executable ../tests_sgl/sgl_91_dot3_baseline
[ 71%] Built target sgl_89_dynamic_vbo
[ 71%] Linking C executable ../tests_sgl/sgl_92_normalmap_pattern
[ 71%] Built target sgl_90_multi_drawarrays
[ 71%] Linking C executable ../tests_sgl/sgl_93_normalmap_depth
[ 71%] Built target sgl_91_dot3_baseline
[ 71%] Linking C executable ../tests_sgl/sgl_94_lit_textured_sphere
[ 71%] Built target sgl_92_normalmap_pattern
[ 71%] Linking C executable ../tests_sgl/sgl_95_scene_sphere_ground
[ 71%] Built target sgl_93_normalmap_depth
[ 71%] Linking C executable ../tests_sgl/sgl_96_building_cube
[ 72%] Built target sgl_94_lit_textured_sphere
[ 72%] Linking C executable ../tests_sgl/sgl_97_multiple_buildings
[ 72%] Linking C executable ../tests_sgl/sgl_98_city_block
[ 72%] Built target sgl_95_scene_sphere_ground
[ 72%] Built target sgl_96_building_cube
[ 73%] Linking C executable ../tests_sgl/sgl_99_moving_camera
[ 73%] Built target sgl_97_multiple_buildings
[ 73%] Linking C executable ../tests_sgl/sgl_100_showcase
[ 73%] Built target sgl_98_city_block
[ 73%] Linking C executable ../tests_sgl/sgl_101_begin_triangles
[ 73%] Built target sgl_99_moving_camera
[ 73%] Linking C executable ../tests_sgl/sgl_102_vertex_variants
[ 73%] Built target sgl_100_showcase
[ 73%] Linking C executable ../tests_sgl/sgl_103_triangle_strip
[ 73%] Built target sgl_101_begin_triangles
[ 73%] Linking C executable ../tests_sgl/sgl_104_triangle_fan
[ 74%] Built target sgl_102_vertex_variants
[ 74%] Linking C executable ../tests_sgl/sgl_105_quads_one
[ 74%] Linking C executable ../tests_sgl/sgl_106_quads_two
[ 74%] Built target sgl_103_triangle_strip
[ 74%] Built target sgl_104_triangle_fan
[ 74%] Linking C executable ../tests_sgl/sgl_107_quad_strip
[ 74%] Linking C executable ../tests_sgl/sgl_108_polygon_hexagon
[ 74%] Built target sgl_105_quads_one
[ 74%] Built target sgl_106_quads_two
[ 74%] Linking C executable ../tests_sgl/sgl_109_lit_triangle
[ 74%] Linking C executable ../tests_sgl/sgl_110_textured_quad
[ 75%] Built target sgl_107_quad_strip
[ 75%] Built target sgl_108_polygon_hexagon
[ 76%] Linking C executable ../tests_sgl/sgl_111_multitexture_imm
[ 76%] Linking C executable ../tests_sgl/sgl_112_rectf
[ 76%] Built target sgl_109_lit_triangle
[ 76%] Built target sgl_110_textured_quad
[ 76%] Linking C executable ../tests_sgl/sgl_113_type_conversion
[ 76%] Built target sgl_111_multitexture_imm
[ 76%] Linking C executable ../tests_sgl/sgl_114_array_element
[ 76%] Built target sgl_112_rectf
[ 76%] Linking C executable ../tests_sgl/sgl_115_lit_polygon
[ 76%] Built target sgl_113_type_conversion
[ 76%] Linking C executable ../tests_sgl/sgl_116_dlist_empty
[ 76%] Built target sgl_114_array_element
[ 76%] Linking C executable ../tests_sgl/sgl_117_dlist_triangle
[ 76%] Linking C executable ../tests_sgl/sgl_118_dlist_transform
[ 76%] Built target sgl_115_lit_polygon
[ 76%] Built target sgl_116_dlist_empty
[ 77%] Built target sgl_117_dlist_triangle
[ 77%] Linking C executable ../tests_sgl/sgl_119_dlist_compile_and_execute
[ 77%] Linking C executable ../tests_sgl/sgl_120_call_lists_byte
[ 77%] Linking C executable ../tests_sgl/sgl_121_nested_lists
[ 77%] Built target sgl_118_dlist_transform
[ 77%] Built target sgl_120_call_lists_byte
[ 77%] Built target sgl_119_dlist_compile_and_execute
[ 77%] Linking C executable ../tests_sgl/sgl_122_dlist_lit
[ 77%] Linking C executable ../tests_sgl/sgl_124_dlist_vbo_draw
[ 77%] Linking C executable ../tests_sgl/sgl_123_dlist_texture
[ 78%] Built target sgl_121_nested_lists
[ 78%] Linking C executable ../tests_sgl/sgl_125_dlist_vbo_alloc
[ 78%] Built target sgl_122_dlist_lit
[ 78%] Built target sgl_123_dlist_texture
[ 78%] Built target sgl_124_dlist_vbo_draw
[ 79%] Linking C executable ../tests_sgl/sgl_126_dlist_color_order
[ 79%] Built target sgl_125_dlist_vbo_alloc
[ 79%] Linking C executable ../tests_sgl/sgl_127_dlist_matrix_stack
[ 79%] Linking C executable ../tests_sgl/sgl_128_dlist_repeat_outer_mv
[ 79%] Linking C executable ../tests_sgl/sgl_129_dlist_id_recycle
[ 79%] Built target sgl_126_dlist_color_order
[ 79%] Built target sgl_127_dlist_matrix_stack
[ 79%] Built target sgl_128_dlist_repeat_outer_mv
[ 80%] Linking C executable ../tests_sgl/sgl_130_call_lists_2bytes
[ 80%] Built target sgl_129_dlist_id_recycle
[ 80%] Linking C executable ../tests_sgl/sgl_131_lines_basic
[ 80%] Linking C executable ../tests_sgl/sgl_132_line_strip
[ 80%] Linking C executable ../tests_sgl/sgl_133_line_loop
[ 80%] Built target sgl_130_call_lists_2bytes
[ 80%] Built target sgl_131_lines_basic
[ 80%] Built target sgl_132_line_strip
[ 80%] Linking C executable ../tests_sgl/sgl_134_line_width
[ 80%] Built target sgl_133_line_loop
[ 80%] Linking C executable ../tests_sgl/sgl_135_points_grid
[ 80%] Linking C executable ../tests_sgl/sgl_136_point_size
[ 80%] Linking C executable ../tests_sgl/sgl_137_polygon_mode_line
[ 80%] Built target sgl_134_line_width
[ 81%] Built target sgl_136_point_size
[ 81%] Linking C executable ../tests_sgl/sgl_138_polygon_mode_point
[ 81%] Built target sgl_135_points_grid
[ 81%] Built target sgl_137_polygon_mode_line
[ 81%] Linking C executable ../tests_sgl/sgl_139_polygon_mode_two_faces
[ 82%] Linking C executable ../tests_sgl/sgl_140_polygon_offset
[ 82%] Linking C executable ../tests_sgl/sgl_141_line_color_gradient
[ 82%] Built target sgl_138_polygon_mode_point
[ 82%] Built target sgl_139_polygon_mode_two_faces
[ 82%] Linking C executable ../tests_sgl/sgl_142_line_perspective_depth
[ 82%] Built target sgl_140_polygon_offset
[ 82%] Built target sgl_141_line_color_gradient
[ 82%] Linking C executable ../tests_sgl/sgl_143_line_clip
[ 82%] Linking C executable ../tests_sgl/sgl_144_edge_flag_polygon
[ 83%] Linking C executable ../tests_sgl/sgl_145_mixed_primitives
[ 83%] Built target sgl_142_line_perspective_depth
[ 83%] Linking C executable ../tests_sgl/sgl_146_stencil_clear
[ 83%] Built target sgl_143_line_clip
[ 83%] Built target sgl_144_edge_flag_polygon
[ 83%] Linking C executable ../tests_sgl/sgl_147_stencil_mask_basic
[ 83%] Built target sgl_145_mixed_primitives
[ 83%] Linking C executable ../tests_sgl/sgl_148_stencil_incr_overlap
[ 83%] Built target sgl_146_stencil_clear
[ 83%] Linking C executable ../tests_sgl/sgl_149_stencil_invert_xor
[ 83%] Linking C executable ../tests_sgl/sgl_150_stencil_zfail_shadow
[ 83%] Built target sgl_147_stencil_mask_basic
[ 83%] Built target sgl_148_stencil_incr_overlap
[ 83%] Built target sgl_149_stencil_invert_xor
[ 83%] Linking C executable ../tests_sgl/sgl_151_stencil_write_mask
[ 84%] Built target sgl_150_stencil_zfail_shadow
[ 84%] Linking C executable ../tests_sgl/sgl_152_stencil_value_mask
[ 84%] Linking C executable ../tests_sgl/sgl_153_stencil_dpfail_incr
[ 84%] Linking C executable ../tests_sgl/sgl_154_stencil_portal
[ 84%] Built target sgl_151_stencil_write_mask
[ 84%] Built target sgl_152_stencil_value_mask
[ 84%] Built target sgl_153_stencil_dpfail_incr
[ 84%] Linking C executable ../tests_sgl/sgl_155_stencil_mirror
[ 84%] Linking C executable ../tests_sgl/sgl_156_tex1d_gradient
[ 84%] Built target sgl_154_stencil_portal
[ 84%] Linking C executable ../tests_sgl/sgl_157_tex1d_lookup
[ 84%] Linking C executable ../tests_sgl/sgl_158_tex3d_corners
[ 85%] Built target sgl_155_stencil_mirror
[ 85%] Built target sgl_157_tex1d_lookup
[ 85%] Built target sgl_156_tex1d_gradient
[ 85%] Built target sgl_158_tex3d_corners
[ 85%] Linking C executable ../tests_sgl/sgl_159_tex3d_slices
[ 85%] Linking C executable ../tests_sgl/sgl_161_cubemap_reflect
[ 85%] Linking C executable ../tests_sgl/sgl_160_cubemap_skybox
[ 85%] Linking C executable ../tests_sgl/sgl_162_cubemap_faces
[ 85%] Built target sgl_159_tex3d_slices
[ 85%] Built target sgl_161_cubemap_reflect
[ 85%] Built target sgl_160_cubemap_skybox
[ 85%] Linking C executable ../tests_sgl/sgl_163_copy_tex_image_2d
[ 85%] Built target sgl_162_cubemap_faces
[ 85%] Linking C executable ../tests_sgl/sgl_165_tex_sub_image_2d
[ 85%] Linking C executable ../tests_sgl/sgl_164_copy_tex_sub_image_2d
[ 85%] Linking C executable ../tests_sgl/sgl_166_tex_sub_image_3d
[ 86%] Built target sgl_165_tex_sub_image_2d
[ 86%] Built target sgl_163_copy_tex_image_2d
[ 86%] Built target sgl_164_copy_tex_sub_image_2d
[ 86%] Linking C executable ../tests_sgl/sgl_167_cubemap_lit
[ 86%] Built target sgl_166_tex_sub_image_3d
[ 86%] Linking C executable ../tests_sgl/sgl_168_tex3d_trilinear
[ 86%] Linking C executable ../tests_sgl/sgl_169_cube_and_2d
[ 86%] Linking C executable ../tests_sgl/sgl_170_all_targets
[ 86%] Built target sgl_167_cubemap_lit
[ 86%] Built target sgl_169_cube_and_2d
[ 86%] Built target sgl_168_tex3d_trilinear
[ 86%] Linking C executable ../tests_sgl/sgl_171_clip_plane_y
[ 86%] Built target sgl_170_all_targets
[ 86%] Linking C executable ../tests_sgl/sgl_173_clip_plane_two
[ 86%] Linking C executable ../tests_sgl/sgl_172_clip_plane_diagonal
[ 87%] Linking C executable ../tests_sgl/sgl_174_color_material_diffuse
[ 87%] Built target sgl_171_clip_plane_y
[ 87%] Built target sgl_173_clip_plane_two
[ 87%] Built target sgl_172_clip_plane_diagonal
[ 87%] Linking C executable ../tests_sgl/sgl_175_light_model_local_viewer
[ 87%] Built target sgl_174_color_material_diffuse
[ 87%] Linking C executable ../tests_sgl/sgl_176_light_model_two_side
[ 87%] Linking C executable ../tests_sgl/sgl_177_color_mask
[ 87%] Linking C executable ../tests_sgl/sgl_178_logic_op_xor
[ 87%] Built target sgl_175_light_model_local_viewer
[ 87%] Built target sgl_177_color_mask
[ 87%] Built target sgl_176_light_model_two_side
[ 88%] Linking C executable ../tests_sgl/sgl_179_logic_op_invert
[ 88%] Built target sgl_178_logic_op_xor
[ 88%] Linking C executable ../tests_sgl/sgl_180_hint_and_index_mask
[ 88%] Linking C executable ../tests_sgl/sgl_181_drawpixels_rgba
[ 88%] Linking C executable ../tests_sgl/sgl_182_drawpixels_luminance
[ 88%] Built target sgl_179_logic_op_invert
[ 88%] Built target sgl_180_hint_and_index_mask
[ 88%] Linking C executable ../tests_sgl/sgl_183_drawpixels_rgb_float
[ 88%] Built target sgl_181_drawpixels_rgba
[ 88%] Built target sgl_182_drawpixels_luminance
[ 88%] Linking C executable ../tests_sgl/sgl_184_readpixels_echo
[ 88%] Linking C executable ../tests_sgl/sgl_185_copypixels
[ 88%] Linking C executable ../tests_sgl/sgl_186_pixelzoom_2x
[ 88%] Built target sgl_183_drawpixels_rgb_float
[ 88%] Linking C executable ../tests_sgl/sgl_187_pixelzoom_flip
[ 88%] Built target sgl_185_copypixels
[ 89%] Built target sgl_184_readpixels_echo
[ 89%] Built target sgl_186_pixelzoom_2x
[ 89%] Linking C executable ../tests_sgl/sgl_188_unpack_alignment
[ 90%] Linking C executable ../tests_sgl/sgl_189_unpack_rowlength_skip
[ 90%] Built target sgl_187_pixelzoom_flip
[ 90%] Linking C executable ../tests_sgl/sgl_190_rasterpos_clipped
[ 90%] Linking C executable ../tests_sgl/sgl_191_combine_interpolate
[ 90%] Built target sgl_188_unpack_alignment
[ 90%] Built target sgl_189_unpack_rowlength_skip
[ 90%] Linking C executable ../tests_sgl/sgl_192_combine_subtract
[ 90%] Built target sgl_190_rasterpos_clipped
[ 90%] Built target sgl_191_combine_interpolate
[ 91%] Linking C executable ../tests_sgl/sgl_193_combine_add_signed_scale
[ 91%] Linking C executable ../tests_sgl/sgl_194_combine_split_alpha
[ 91%] Linking C executable ../tests_sgl/sgl_195_combine_dot3_rgba
[ 91%] Built target sgl_192_combine_subtract
[ 91%] Built target sgl_193_combine_add_signed_scale
[ 91%] Linking C executable ../tests_sgl/sgl_196_occlusion_samples
[ 91%] Built target sgl_194_combine_split_alpha
[ 91%] Built target sgl_195_combine_dot3_rgba
[ 91%] Linking C executable ../tests_sgl/sgl_197_occlusion_any
[ 91%] Linking C executable ../tests_sgl/sgl_198_map_buffer
[ 91%] Linking C executable ../tests_sgl/sgl_199_evaluators_patch
[ 91%] Built target sgl_196_occlusion_samples
[ 91%] Linking C executable ../tests_sgl/sgl_200_accum_jitter
[ 91%] Built target sgl_197_occlusion_any
[ 91%] Built target sgl_198_map_buffer
[ 92%] Built target sgl_199_evaluators_patch
[ 92%] Linking C executable ../tests_sgl/sgl_201_stipple
[ 92%] Linking C executable ../tests_sgl/sgl_202_shadow_volume
[ 92%] Linking C executable ../tests_sgl/sgl_203_bump_brick
[ 92%] Built target sgl_200_accum_jitter
[ 92%] Linking C executable ../tests_sgl/sgl_204_lightmap_corridor
[ 92%] Built target sgl_201_stipple
[ 92%] Built target sgl_202_shadow_volume
[ 93%] Built target sgl_203_bump_brick
[ 93%] Linking C executable ../tests_sgl/sgl_205_chrome_sphere
[ 93%] Linking C executable ../tests_sgl/sgl_206_spot_projector
[ 93%] Linking C executable ../tests_sgl/sgl_207_glass_window
[ 93%] Built target sgl_204_lightmap_corridor
[ 94%] Linking C executable ../tests_sgl/sgl_208_terrain_blend
[ 94%] Built target sgl_205_chrome_sphere
[ 94%] Built target sgl_206_spot_projector
[ 94%] Built target sgl_207_glass_window
[ 94%] Linking C executable ../tests_sgl/sgl_209_particles_additive
[ 94%] Linking C executable ../tests_sgl/sgl_210_portal_rooms
[ 94%] Linking C executable ../tests_sgl/sgl_211_billboard_trees
[ 94%] Built target sgl_208_terrain_blend
[ 94%] Linking C executable ../tests_sgl/sgl_212_skybox_sun
[ 94%] Built target sgl_209_particles_additive
[ 94%] Built target sgl_210_portal_rooms
[ 94%] Built target sgl_211_billboard_trees
[ 94%] Linking C executable ../tests_sgl/sgl_213_lens_flare
[ 94%] Linking C executable ../tests_sgl/sgl_214_decal_stencil
[ 94%] Linking C executable ../tests_sgl/sgl_215_crt_emissive
[ 94%] Built target sgl_212_skybox_sun
[ 95%] Built target sgl_213_lens_flare
[ 95%] Linking C executable ../tests_sgl/sgl_216_water_surface
[ 95%] Built target sgl_214_decal_stencil
[ 95%] Built target sgl_215_crt_emissive
[ 95%] Linking C executable ../tests_sgl/sgl_217_dot3_multipass_fog
[ 95%] Linking C executable ../tests_sgl/sgl_218_worker_single_triangle
[ 95%] Linking C executable ../tests_sgl/sgl_219_normal_matrix_batches
[ 95%] Built target sgl_216_water_surface
[ 95%] Built target sgl_217_dot3_multipass_fog
[ 95%] Linking C executable ../tests_sgl/sgl_220_texture_linear_fog
[ 96%] Built target sgl_218_worker_single_triangle
[ 96%] Built target sgl_219_normal_matrix_batches
[ 96%] Linking C executable ../tests_sgl/sgl_221_texture_state_batches
[ 97%] Linking C executable ../tests_sgl/sgl_222_worker_quad_boundaries
[ 97%] Linking C executable ../tests_sgl/sgl_223_parallel_vertex_projection
[ 97%] Built target sgl_220_texture_linear_fog
[ 97%] Built target sgl_221_texture_state_batches
[ 97%] Built target sgl_222_worker_quad_boundaries
[ 97%] Linking C executable ../tests_sgl/sgl_224_parallel_occlusion_queries
[ 97%] Built target sgl_223_parallel_vertex_projection
[ 97%] Linking C executable ../tests_sgl/sgl_225_transformed_bin_lifetime
[ 97%] Linking C executable ../tests_sgl/sgl_226_parallel_pool_queries
[ 98%] Linking C executable ../tests_sgl/sgl_227_simd_color_rounding
[ 98%] Built target sgl_224_parallel_occlusion_queries
[ 98%] Built target sgl_225_transformed_bin_lifetime
[ 98%] Linking C executable ../tests_sgl/sgl_228_texture_repeat_coordinates
[ 98%] Built target sgl_226_parallel_pool_queries
[ 98%] Built target sgl_227_simd_color_rounding
[ 98%] Linking C executable ../tests_sgl/sgl_229_scalar_early_depth
[ 98%] Linking C executable ../tests_sgl/sgl_231_order_sensitive_sorting
[ 98%] Linking C executable ../tests_sgl/sgl_230_combiner_sampling_dependencies
[ 98%] Built target sgl_228_texture_repeat_coordinates
[ 98%] Built target sgl_229_scalar_early_depth
[ 98%] Built target sgl_231_order_sensitive_sorting
[ 98%] Linking C executable ../tests_sgl/sgl_232_combiner_operand_channels
[ 98%] Built target sgl_230_combiner_sampling_dependencies
[ 98%] Linking C executable ../tests_sgl/sgl_233_large_query_handoffs
[ 98%] Linking C executable ../tests_sgl/sgl_234_multisample_state
[ 98%] Linking C executable sgl_tank_view_0
[ 99%] Built target sgl_232_combiner_operand_channels
[ 99%] Built target sgl_233_large_query_handoffs
[ 99%] Linking C executable sgl_tank_view_120
[ 99%] Built target sgl_234_multisample_state
[ 99%] Built target sgl_tank_view_0
[ 99%] Linking C executable sgl_tank_view_240
[ 99%] Linking C executable sgl_bmw_view_0
[ 99%] Linking C executable sgl_bmw_view_120
[ 99%] Built target sgl_tank_view_120
[100%] Built target sgl_tank_view_240
[100%] Linking C executable sgl_bmw_view_240
[100%] Built target sgl_bmw_view_0
[100%] Built target sgl_bmw_view_120
[100%] Built target sgl_bmw_view_240
