[  0%] Building C object libsoftgl/CMakeFiles/softgl.dir/src/matrix.c.o
[  0%] Building C object libsoftgl/CMakeFiles/softgl.dir/src/buffers.c.o
[  0%] Building C object libsoftgl/CMakeFiles/softgl.dir/src/state.c.o
[  0%] Building C object libsoftgl/CMakeFiles/softgl.dir/src/texture.c.o
[  0%] Building C object libsoftgl/CMakeFiles/softgl.dir/src/pipeline.c.o
[  0%] Building C object libsoftgl/CMakeFiles/softgl.dir/src/clip.c.o
[  0%] Building C object libsoftgl/CMakeFiles/softgl.dir/src/fragment_write.c.o
[  0%] Building C object libsoftgl/CMakeFiles/softgl.dir/src/multisample.c.o
[ 50%] Building C object libsoftgl/CMakeFiles/softgl.dir/src/fragment_combine.c.o
[ 50%] Building C object libsoftgl/CMakeFiles/softgl.dir/src/rasterizer.c.o
[ 50%] Building C object libsoftgl/CMakeFiles/softgl.dir/src/lines.c.o
[ 50%] Building C object libsoftgl/CMakeFiles/softgl.dir/src/fragment.c.o
[ 50%] Building C object libsoftgl/CMakeFiles/softgl.dir/src/framebuffer.c.o
[ 50%] Building C object libsoftgl/CMakeFiles/softgl.dir/src/lighting.c.o
[ 50%] Building C object libsoftgl/CMakeFiles/softgl.dir/src/api.c.o
[ 50%] Building C object libsoftgl/CMakeFiles/softgl.dir/src/immediate.c.o
[ 50%] Building C object libsoftgl/CMakeFiles/softgl.dir/src/dlist.c.o
/home/cosmo/Git/softgl/build/diagnostics/visibility-byte-select/source-root/libsoftgl/src/dlist.c: In function ‘sg_replay_stream’:
/home/cosmo/Git/softgl/build/diagnostics/visibility-byte-select/source-root/libsoftgl/src/dlist.c:271:13: warning: this ‘if’ clause does not guard... [-Wmisleading-indentation]
  271 |             if (p) _sg_load_matrix_real((const float*)p); break; }
      |             ^~
/home/cosmo/Git/softgl/build/diagnostics/visibility-byte-select/source-root/libsoftgl/src/dlist.c:271:59: note: ...this statement, but the latter is misleadingly indented as if it were guarded by the ‘if’
  271 |             if (p) _sg_load_matrix_real((const float*)p); break; }
      |                                                           ^~~~~
/home/cosmo/Git/softgl/build/diagnostics/visibility-byte-select/source-root/libsoftgl/src/dlist.c:273:13: warning: this ‘if’ clause does not guard... [-Wmisleading-indentation]
  273 |             if (p) _sg_mult_matrix_real((const float*)p); break; }
      |             ^~
/home/cosmo/Git/softgl/build/diagnostics/visibility-byte-select/source-root/libsoftgl/src/dlist.c:273:59: note: ...this statement, but the latter is misleadingly indented as if it were guarded by the ‘if’
  273 |             if (p) _sg_mult_matrix_real((const float*)p); break; }
      |                                                           ^~~~~
[ 50%] Building C object libsoftgl/CMakeFiles/softgl.dir/src/pixels.c.o
/home/cosmo/Git/softgl/build/diagnostics/visibility-byte-select/source-root/libsoftgl/src/dlist.c:596:13: warning: ‘m’ may be used uninitialized [-Wmaybe-uninitialized]
  596 |             _sg_index_mask_real(m); break; }
      |             ^~~~~~~~~~~~~~~~~~~~~~
/home/cosmo/Git/softgl/build/diagnostics/visibility-byte-select/source-root/libsoftgl/src/dlist.c:594:41: note: ‘m’ was declared here
  594 |         case SG_OP_INDEX_MASK: { GLuint m;
      |                                         ^
/home/cosmo/Git/softgl/build/diagnostics/visibility-byte-select/source-root/libsoftgl/src/dlist.c:590:13: warning: ‘e’ may be used uninitialized [-Wmaybe-uninitialized]
  590 |             _sg_logic_op_real(e); break; }
      |             ^~~~~~~~~~~~~~~~~~~~
/home/cosmo/Git/softgl/build/diagnostics/visibility-byte-select/source-root/libsoftgl/src/dlist.c:588:39: note: ‘e’ was declared here
  588 |         case SG_OP_LOGIC_OP: { GLenum e;
      |                                       ^
/home/cosmo/Git/softgl/build/diagnostics/visibility-byte-select/source-root/libsoftgl/src/dlist.c:581:13: warning: ‘p’ may be used uninitialized [-Wmaybe-uninitialized]
  581 |             _sg_clip_plane_real(p, eq); break; }
      |             ^~~~~~~~~~~~~~~~~~~~~~~~~~
/home/cosmo/Git/softgl/build/diagnostics/visibility-byte-select/source-root/libsoftgl/src/dlist.c:578:41: note: ‘p’ was declared here
  578 |         case SG_OP_CLIP_PLANE: { GLenum p; double eq[4];
      |                                         ^
/home/cosmo/Git/softgl/build/diagnostics/visibility-byte-select/source-root/libsoftgl/src/dlist.c:576:44: warning: ‘s’ may be used uninitialized [-Wmaybe-uninitialized]
  576 |             sg_rd_read(&R, &s, sizeof(s)); _sg_clear_stencil_real(s); break; }
      |                                            ^~~~~~~~~~~~~~~~~~~~~~~~~
/home/cosmo/Git/softgl/build/diagnostics/visibility-byte-select/source-root/libsoftgl/src/dlist.c:575:43: note: ‘s’ was declared here
  575 |         case SG_OP_CLEAR_STENCIL: { GLint s;
      |                                           ^
/home/cosmo/Git/softgl/build/diagnostics/visibility-byte-select/source-root/libsoftgl/src/dlist.c:574:44: warning: ‘m’ may be used uninitialized [-Wmaybe-uninitialized]
  574 |             sg_rd_read(&R, &m, sizeof(m)); _sg_stencil_mask_real(m); break; }
      |                                            ^~~~~~~~~~~~~~~~~~~~~~~~
/home/cosmo/Git/softgl/build/diagnostics/visibility-byte-select/source-root/libsoftgl/src/dlist.c:573:43: note: ‘m’ was declared here
  573 |         case SG_OP_STENCIL_MASK: { GLuint m;
      |                                           ^
/home/cosmo/Git/softgl/build/diagnostics/visibility-byte-select/source-root/libsoftgl/src/dlist.c:556:58: warning: ‘b’ may be used uninitialized [-Wmaybe-uninitialized]
  556 |             sg_rd_read(&R, &b, sizeof(b)); c->dlist_base = b; break; }
      |                                            ~~~~~~~~~~~~~~^~~
/home/cosmo/Git/softgl/build/diagnostics/visibility-byte-select/source-root/libsoftgl/src/dlist.c:555:40: note: ‘b’ was declared here
  555 |         case SG_OP_LIST_BASE: { GLuint b;
      |                                        ^
/home/cosmo/Git/softgl/build/diagnostics/visibility-byte-select/source-root/libsoftgl/src/dlist.c:544:46: warning: ‘t’ may be used uninitialized [-Wmaybe-uninitialized]
  544 |         case SG_OP_CALL_LISTS: { uint32_t n, t;
      |                                              ^
/home/cosmo/Git/softgl/build/diagnostics/visibility-byte-select/source-root/libsoftgl/src/dlist.c:548:28: warning: ‘n’ may be used uninitialized [-Wmaybe-uninitialized]
  548 |             size_t bytes = (size_t)n * esz;
      |                            ^~~~~~~~~
/home/cosmo/Git/softgl/build/diagnostics/visibility-byte-select/source-root/libsoftgl/src/dlist.c:544:43: note: ‘n’ was declared here
  544 |         case SG_OP_CALL_LISTS: { uint32_t n, t;
      |                                           ^
/home/cosmo/Git/softgl/build/diagnostics/visibility-byte-select/source-root/libsoftgl/src/dlist.c:543:13: warning: ‘id’ may be used uninitialized [-Wmaybe-uninitialized]
  543 |             sg_dlist_replay(c, id); break; }
      |             ^~~~~~~~~~~~~~~~~~~~~~
/home/cosmo/Git/softgl/build/diagnostics/visibility-byte-select/source-root/libsoftgl/src/dlist.c:541:40: note: ‘id’ was declared here
  541 |         case SG_OP_CALL_LIST: { GLuint id;
      |                                        ^~
/home/cosmo/Git/softgl/build/diagnostics/visibility-byte-select/source-root/libsoftgl/src/dlist.c:536:44: warning: ‘i’ may be used uninitialized [-Wmaybe-uninitialized]
  536 |             sg_rd_read(&R, &i, sizeof(i)); _sg_array_element_real(i); break; }
      |                                            ^~~~~~~~~~~~~~~~~~~~~~~~~
/home/cosmo/Git/softgl/build/diagnostics/visibility-byte-select/source-root/libsoftgl/src/dlist.c:535:43: note: ‘i’ was declared here
  535 |         case SG_OP_ARRAY_ELEMENT: { GLint i;
      |                                           ^
/home/cosmo/Git/softgl/build/diagnostics/visibility-byte-select/source-root/libsoftgl/src/dlist.c:531:44: warning: ‘v’ may be used uninitialized [-Wmaybe-uninitialized]
  531 |             sg_rd_read(&R, &v, sizeof(v)); _sg_cur_edgeflag_real(v); break; }
      |                                            ^~~~~~~~~~~~~~~~~~~~~~~~
/home/cosmo/Git/softgl/build/diagnostics/visibility-byte-select/source-root/libsoftgl/src/dlist.c:530:40: note: ‘v’ was declared here
  530 |         case SG_OP_CUR_EDGEFLAG: { int v;
      |                                        ^
/home/cosmo/Git/softgl/build/diagnostics/visibility-byte-select/source-root/libsoftgl/src/dlist.c:529:13: warning: ‘u’ may be used uninitialized [-Wmaybe-uninitialized]
  529 |             _sg_cur_texcoord_real(u, v[0],v[1],v[2],v[3]); break; }
      |             ^~~~~~~~~~~~~~~~~~~~~~~~~~~~~~~~~~~~~~~~~~~~~
/home/cosmo/Git/softgl/build/diagnostics/visibility-byte-select/source-root/libsoftgl/src/dlist.c:526:45: note: ‘u’ was declared here
  526 |         case SG_OP_CUR_TEXCOORD: { uint32_t u; float v[4];
      |                                             ^
/home/cosmo/Git/softgl/build/diagnostics/visibility-byte-select/source-root/libsoftgl/src/dlist.c:518:44: warning: ‘e’ may be used uninitialized [-Wmaybe-uninitialized]
  518 |             sg_rd_read(&R, &e, sizeof(e)); _sg_begin_real(e); break; }
      |                                            ^~~~~~~~~~~~~~~~~
/home/cosmo/Git/softgl/build/diagnostics/visibility-byte-select/source-root/libsoftgl/src/dlist.c:517:36: note: ‘e’ was declared here
  517 |         case SG_OP_BEGIN: { GLenum e;
      |                                    ^
/home/cosmo/Git/softgl/build/diagnostics/visibility-byte-select/source-root/libsoftgl/src/dlist.c:496:44: warning: ‘e’ may be used uninitialized [-Wmaybe-uninitialized]
  496 |             sg_rd_read(&R, &e, sizeof(e)); _sg_client_active_tex_real(e); break; }
      |                                            ^~~~~~~~~~~~~~~~~~~~~~~~~~~~~
/home/cosmo/Git/softgl/build/diagnostics/visibility-byte-select/source-root/libsoftgl/src/dlist.c:495:48: note: ‘e’ was declared here
  495 |         case SG_OP_CLIENT_ACTIVE_TEX: { GLenum e;
      |                                                ^
/home/cosmo/Git/softgl/build/diagnostics/visibility-byte-select/source-root/libsoftgl/src/dlist.c:474:44: warning: ‘e’ may be used uninitialized [-Wmaybe-uninitialized]
  474 |             sg_rd_read(&R, &e, sizeof(e)); _sg_disable_client_state_real(e); break; }
      |                                            ^~~~~~~~~~~~~~~~~~~~~~~~~~~~~~~~
/home/cosmo/Git/softgl/build/diagnostics/visibility-byte-select/source-root/libsoftgl/src/dlist.c:473:45: note: ‘e’ was declared here
  473 |         case SG_OP_DISABLE_CLIENT: { GLenum e;
      |                                             ^
/home/cosmo/Git/softgl/build/diagnostics/visibility-byte-select/source-root/libsoftgl/src/dlist.c:472:44: warning: ‘e’ may be used uninitialized [-Wmaybe-uninitialized]
  472 |             sg_rd_read(&R, &e, sizeof(e)); _sg_enable_client_state_real(e); break; }
      |                                            ^~~~~~~~~~~~~~~~~~~~~~~~~~~~~~~
/home/cosmo/Git/softgl/build/diagnostics/visibility-byte-select/source-root/libsoftgl/src/dlist.c:471:44: note: ‘e’ was declared here
  471 |         case SG_OP_ENABLE_CLIENT: { GLenum e;
      |                                            ^
/home/cosmo/Git/softgl/build/diagnostics/visibility-byte-select/source-root/libsoftgl/src/dlist.c:268:44: warning: ‘m’ may be used uninitialized [-Wmaybe-uninitialized]
  268 |             sg_rd_read(&R, &m, sizeof(m)); _sg_matrix_mode_real(m); break; }
      |                                            ^~~~~~~~~~~~~~~~~~~~~~~
/home/cosmo/Git/softgl/build/diagnostics/visibility-byte-select/source-root/libsoftgl/src/dlist.c:267:42: note: ‘m’ was declared here
  267 |         case SG_OP_MATRIX_MODE: { GLenum m;
      |                                          ^
[ 50%] Building C object libsoftgl/CMakeFiles/softgl.dir/src/evaluators.c.o
[100%] Building C object libsoftgl/CMakeFiles/softgl.dir/src/workers.c.o
[100%] Linking C static library libsoftgl.a
[100%] Built target softgl
[100%] Building C object tests/CMakeFiles/visibility_copy_contract.dir/visibility_copy.c.o
[100%] Linking C executable visibility_copy_contract
[100%] Built target visibility_copy_contract
[100%] Built target softgl
[100%] Building C object tests/CMakeFiles/index_range_contract.dir/index_range.c.o
[100%] Linking C executable index_range_contract
[100%] Built target index_range_contract
[  0%] Building C object tests/CMakeFiles/msaa_edge_instrumented.dir/__/libsoftgl/src/rasterizer.c.o
[100%] Built target softgl
[100%] Built target msaa_edge_instrumented
[100%] Building C object tests/CMakeFiles/msaa_edge_contract.dir/msaa_edges.c.o
[100%] Linking C executable msaa_edge_contract
[100%] Built target msaa_edge_contract
[ 66%] Built target softgl
[100%] Building C object tests/CMakeFiles/cube_packet_contract.dir/cube_packet.c.o
[100%] Building C object tests/CMakeFiles/cube_packet_contract.dir/__/libsoftgl/src/rasterizer.c.o
[100%] Building C object tests/CMakeFiles/cube_packet_contract.dir/__/libsoftgl/src/fragment.c.o
[100%] Building C object tests/CMakeFiles/cube_packet_contract.dir/__/libsoftgl/src/fragment_combine.c.o
[100%] Linking C executable cube_packet_contract
[100%] Built target cube_packet_contract
[ 66%] Built target softgl
[ 66%] Building C object tests/CMakeFiles/worker_pool.dir/worker_pool.c.o
[100%] Linking C executable worker_pool
[100%] Built target worker_pool
[ 66%] Built target softgl
[ 66%] Building C object tests/CMakeFiles/multisample_contract.dir/multisample.c.o
[100%] Linking C executable multisample_contract
[100%] Built target multisample_contract
[100%] Built target softgl
[100%] Building C object tests/CMakeFiles/msaa_store_contract.dir/msaa_store.c.o
[100%] Linking C executable msaa_store_contract
[100%] Built target msaa_store_contract
[100%] Built target softgl
[100%] Building C object tests/CMakeFiles/hierarchical_depth_contract.dir/hierarchical_depth.c.o
[100%] Linking C executable hierarchical_depth_contract
[100%] Built target hierarchical_depth_contract
[100%] Built target softgl
[100%] Building C object tests/CMakeFiles/dot3_chain_contract.dir/dot3_chain.c.o
[100%] Linking C executable dot3_chain_contract
[100%] Built target dot3_chain_contract
[100%] Built target softgl
[100%] Building C object tests/CMakeFiles/constant_texture_contract.dir/constant_texture.c.o
[100%] Linking C executable constant_texture_contract
[100%] Built target constant_texture_contract
[100%] Built target softgl
[100%] Building C object tests/CMakeFiles/pixel_packet_contract.dir/pixel_packet.c.o
[100%] Building C object tests/CMakeFiles/pixel_packet_contract.dir/__/libsoftgl/src/rasterizer.c.o
[100%] Building C object tests/CMakeFiles/pixel_packet_contract.dir/__/libsoftgl/src/fragment.c.o
[100%] Building C object tests/CMakeFiles/pixel_packet_contract.dir/__/libsoftgl/src/fragment_combine.c.o
[100%] Linking C executable pixel_packet_contract
[100%] Built target pixel_packet_contract
[ 66%] Built target softgl
[ 66%] Building C object tests/CMakeFiles/geometry_cache_contract.dir/geometry_cache.c.o
[100%] Linking C executable geometry_cache_contract
[100%] Built target geometry_cache_contract
[100%] Built target softgl
[100%] Building C object tests/CMakeFiles/async_raster_contract.dir/async_raster.c.o
[100%] Linking C executable async_raster_contract
[100%] Built target async_raster_contract
[100%] Built target softgl
[100%] Building C object tests/CMakeFiles/raster_vertex_pack_contract.dir/raster_vertex_pack.c.o
[100%] Linking C executable raster_vertex_pack_contract
[100%] Built target raster_vertex_pack_contract
[100%] Built target softgl
[100%] Building C object tests/CMakeFiles/packed_stream_contract.dir/packed_stream.c.o
[100%] Linking C executable packed_stream_contract
[100%] Built target packed_stream_contract
[ 66%] Built target softgl
[100%] Building C object tests/CMakeFiles/simd_clamp_contract.dir/simd_clamp.c.o
[100%] Linking C executable simd_clamp_contract
[100%] Built target simd_clamp_contract
[100%] Built target softgl
[100%] Building C object tests/CMakeFiles/ordered_draw_queue_contract.dir/ordered_draw_queue.c.o
[100%] Linking C executable ordered_draw_queue_contract
[100%] Built target ordered_draw_queue_contract
[100%] Built target softgl
[100%] Building C object tests/CMakeFiles/msaa_additive_contract.dir/msaa_additive.c.o
[100%] Linking C executable msaa_additive_contract
[100%] Built target msaa_additive_contract
[100%] Built target softgl
[100%] Building C object tests/CMakeFiles/triangle_stage_contract.dir/triangle_stage.c.o
[100%] Linking C executable triangle_stage_contract
[100%] Built target triangle_stage_contract
[100%] Built target softgl
[100%] Building C object tests/CMakeFiles/msaa_scanline_contract.dir/msaa_scanline.c.o
[100%] Linking C executable msaa_scanline_contract
[100%] Built target msaa_scanline_contract
[100%] Built target softgl
[100%] Building C object tests/CMakeFiles/cube_filter_contract.dir/cube_filter.c.o
[100%] Building C object tests/CMakeFiles/cube_filter_contract.dir/__/libsoftgl/src/fragment.c.o
[100%] Building C object tests/CMakeFiles/cube_filter_contract.dir/__/libsoftgl/src/fragment_combine.c.o
[100%] Linking C executable cube_filter_contract
[100%] Built target cube_filter_contract
[100%] Built target softgl
[100%] Building C object tests/CMakeFiles/cache_coverage_contract.dir/cache_coverage.c.o
[100%] Linking C executable cache_coverage_contract
[100%] Built target cache_coverage_contract
[100%] Built target softgl
[100%] Building C object tests/CMakeFiles/depth_replay_contract.dir/depth_replay.c.o
[100%] Linking C executable depth_replay_contract
[100%] Built target depth_replay_contract
[ 66%] Built target softgl
[100%] Building C object tests/CMakeFiles/position_cache_contract.dir/position_cache.c.o
[100%] Linking C executable position_cache_contract
[100%] Built target position_cache_contract
[100%] Built target softgl
[100%] Building C object tests/CMakeFiles/vertex_inputs_contract.dir/vertex_inputs.c.o
[100%] Linking C executable vertex_inputs_contract
[100%] Built target vertex_inputs_contract
