0000000000000000 0000000000000004 b sg_cross_disabled
000000000006d0e0 0000000000000008 T sg_raster_triangle
0000000000000ca0 0000000000000009 T sg_cross_packet_pending
0000000000000000 0000000000000009 t sg_raster_triangle_depth_capture.cold
0000000000000019 0000000000000009 t sg_raster_triangle_tile_prepared.cold
0000000000000cb0 000000000000000e T sg_cross_packet_test_enable
0000000000000009 0000000000000010 t sg_raster_triangle_msaa4_capture.cold
000000000006d070 0000000000000062 T sg_raster_triangle_tile
0000000000000000 00000000000001fa t sg_multisample_primitive_color
0000000000003270 0000000000000253 T sg_packet_sample_cube_target
0000000000000000 0000000000000410 b sg_cross_storage
0000000000001810 0000000000000804 T sg_raster_point_impl
0000000000000200 0000000000000a9a t sg_raster_line_multisample
0000000000000cc0 0000000000000b4e T sg_raster_line_impl
0000000000002020 0000000000001250 T sg_packet_sample_cube_coherent
0000000000007750 000000000000404e T sg_cross_packet_end
00000000000034d0 0000000000004273 T sg_cross_packet_begin
000000000004d8b0 000000000000e852 t sg_raster_triangle_msaa2
000000000003efc0 000000000000e8e1 t sg_raster_triangle_msaa2_capture
000000000002e0f0 0000000000010ec6 t sg_raster_triangle_msaa4
000000000005c110 0000000000010f52 T sg_raster_triangle_tile_prepared
000000000001d000 00000000000110e3 t sg_raster_triangle_msaa4_capture
000000000000b7a0 000000000001185b t sg_raster_triangle_depth_capture
