Starting full-regressions.py
replay-path-census full native and WASM regressions complete
Full regression results ["replay-path-census"]
Starting wasm-edge-gate.py
MSAA edges: 4480 frames, 62251008 exact sample masks, 12431040 exact coefficient lanes; ordinary/capture reused=331735/323456 packed fallback=649/948 wide fallback=457591/439501 wrapped bases=0 passed

Starting wasm-contracts.py
index_range passed
worker_pool passed
multisample passed
msaa_store passed
hierarchical_depth passed
dot3_chain passed
constant_texture passed
pixel_packet passed
cube_packet passed
geometry_cache passed
async_raster passed
raster_vertex_pack passed
packed_stream passed
simd_clamp passed
ordered_draw_queue passed
msaa_additive passed
triangle_stage passed
msaa_scanline passed
cube_filter passed
cache_coverage passed
depth_replay passed
position_cache passed
vertex_inputs passed
All candidate correctness gates passed; timings not started
