Quiet-host audit passed: /home/cosmo/Git/softgl/build/diagnostics/dot3-sampler-alpha/timings/dot3-sampler-alpha-ms0-audit-1-pair-1.json attempt 1
dot3-sampler-alpha-ms0: audit 1, pair 1 verified
Quiet-host audit passed: /home/cosmo/Git/softgl/build/diagnostics/dot3-sampler-alpha/timings/dot3-sampler-alpha-ms0-audit-1-pair-2.json attempt 1
dot3-sampler-alpha-ms0: audit 1, pair 2 verified
Quiet-host audit passed: /home/cosmo/Git/softgl/build/diagnostics/dot3-sampler-alpha/timings/dot3-sampler-alpha-ms0-audit-1-pair-3.json attempt 1
dot3-sampler-alpha-ms0: audit 1, pair 3 verified
Quiet-host audit passed: /home/cosmo/Git/softgl/build/diagnostics/dot3-sampler-alpha/timings/dot3-sampler-alpha-ms0-audit-2-pair-1.json attempt 1
dot3-sampler-alpha-ms0: audit 2, pair 1 verified
Quiet-host audit passed: /home/cosmo/Git/softgl/build/diagnostics/dot3-sampler-alpha/timings/dot3-sampler-alpha-ms0-audit-2-pair-2.json attempt 1
dot3-sampler-alpha-ms0: audit 2, pair 2 verified
Quiet-host audit passed: /home/cosmo/Git/softgl/build/diagnostics/dot3-sampler-alpha/timings/dot3-sampler-alpha-ms0-audit-2-pair-3.json attempt 1
dot3-sampler-alpha-ms0: audit 2, pair 3 verified
Quiet-host audit passed: /home/cosmo/Git/softgl/build/diagnostics/dot3-sampler-alpha/timings/dot3-sampler-alpha-ms2-audit-1-pair-1.json attempt 1
dot3-sampler-alpha-ms2: audit 1, pair 1 verified
Quiet-host audit passed: /home/cosmo/Git/softgl/build/diagnostics/dot3-sampler-alpha/timings/dot3-sampler-alpha-ms2-audit-1-pair-2.json attempt 1
dot3-sampler-alpha-ms2: audit 1, pair 2 verified
Quiet-host audit passed: /home/cosmo/Git/softgl/build/diagnostics/dot3-sampler-alpha/timings/dot3-sampler-alpha-ms2-audit-1-pair-3.json attempt 1
dot3-sampler-alpha-ms2: audit 1, pair 3 verified
Quiet-host audit passed: /home/cosmo/Git/softgl/build/diagnostics/dot3-sampler-alpha/timings/dot3-sampler-alpha-ms2-audit-2-pair-1.json attempt 1
dot3-sampler-alpha-ms2: audit 2, pair 1 verified
Quiet-host audit passed: /home/cosmo/Git/softgl/build/diagnostics/dot3-sampler-alpha/timings/dot3-sampler-alpha-ms2-audit-2-pair-2.json attempt 1
dot3-sampler-alpha-ms2: audit 2, pair 2 verified
Quiet-host audit passed: /home/cosmo/Git/softgl/build/diagnostics/dot3-sampler-alpha/timings/dot3-sampler-alpha-ms2-audit-2-pair-3.json attempt 1
dot3-sampler-alpha-ms2: audit 2, pair 3 verified
Quiet-host audit passed: /home/cosmo/Git/softgl/build/diagnostics/dot3-sampler-alpha/timings/dot3-sampler-alpha-audit-1-pair-1.json attempt 1
dot3-sampler-alpha: audit 1, pair 1 verified
Quiet-host audit passed: /home/cosmo/Git/softgl/build/diagnostics/dot3-sampler-alpha/timings/dot3-sampler-alpha-audit-1-pair-2.json attempt 1
dot3-sampler-alpha: audit 1, pair 2 verified
Quiet-host audit passed: /home/cosmo/Git/softgl/build/diagnostics/dot3-sampler-alpha/timings/dot3-sampler-alpha-audit-1-pair-3.json attempt 1
dot3-sampler-alpha: audit 1, pair 3 verified
Quiet-host audit passed: /home/cosmo/Git/softgl/build/diagnostics/dot3-sampler-alpha/timings/dot3-sampler-alpha-audit-2-pair-1.json attempt 1
dot3-sampler-alpha: audit 2, pair 1 verified
Quiet-host audit passed: /home/cosmo/Git/softgl/build/diagnostics/dot3-sampler-alpha/timings/dot3-sampler-alpha-audit-2-pair-2.json attempt 1
dot3-sampler-alpha: audit 2, pair 2 verified
Quiet-host audit passed: /home/cosmo/Git/softgl/build/diagnostics/dot3-sampler-alpha/timings/dot3-sampler-alpha-audit-2-pair-3.json attempt 1
dot3-sampler-alpha: audit 2, pair 3 verified
/home/cosmo/Git/softgl/build/diagnostics/dot3-sampler-alpha/timings/dot3-sampler-alpha-results.json
All eighteen predeclared paired comparisons complete
