reference d4dd244cbc59bb5d11b834596bf2e6bcbd3fd86bf883e6b2bed6528a41515ab0
_sg_draw_elements_real 17454 {'0x7f': 22, '0x7b': 9, '0x7e': 1}
sg_raster_triangle_tile_prepared 22877 {'0x7f': 44, '0x7b': 31, '0x7d': 14, '0x7e': 35}
sg_raster_triangle_depth_capture 23285 {'0x7f': 45, '0x7b': 31, '0x7d': 15, '0x7e': 35}
sg_raster_triangle_msaa2 22541 {'0x7f': 56, '0x7b': 27, '0x7d': 17, '0x7e': 36}
sg_raster_triangle_msaa2_capture 22880 {'0x7f': 57, '0x7b': 27, '0x7d': 17, '0x7e': 36}
sg_raster_triangle_msaa4 25751 {'0x7f': 57, '0x7b': 35, '0x7e': 30, '0x7d': 16}
sg_raster_triangle_msaa4_capture 25844 {'0x7f': 58, '0x7b': 35, '0x7e': 30, '0x7d': 16}
sg_queue_render_packed 1312 {'0x7f': 22, '0x7e': 2}
sg_drain_packed_bins 2015 {'0x7f': 31, '0x7e': 2}
sg_queue_help 162 {'0x7f': 10}
sg_worker_main 747 {'0x7f': 15, '0x7e': 2}
sg_queue_transform 283 {'0x7f': 2}
sg_write_fragment 2297 {'0x7b': 2, '0x7f': 9, '0x7d': 1}
sg_write_multisample 9040 {'0x7b': 20, '0x7f': 13, '0x7d': 5, '0x7e': 2}
sg_write_multisample2 7409 {'0x7b': 14, '0x7d': 5, '0x7f': 16, '0x7e': 2}
sg_store_off_post_depth 381 {'0x7b': 1}
sg_store_blend_msaa2_post_depth 2763 {'0x7b': 14, '0x7f': 5, '0x7d': 2, '0x7e': 2}
sg_store_blend_msaa4_post_depth 3565 {'0x7b': 18, '0x7f': 5, '0x7d': 2, '0x7e': 2}
candidate d285f7701b4a9e9c5f89f4e115748da669f60743c4afd510eadec62c35b738bb
_sg_draw_elements_real 17704 {'0x7f': 23, '0x7b': 9, '0x7e': 1}
sg_raster_triangle_tile_prepared 22877 {'0x7f': 44, '0x7b': 31, '0x7d': 14, '0x7e': 35}
sg_raster_triangle_depth_capture 23285 {'0x7f': 45, '0x7b': 31, '0x7d': 15, '0x7e': 35}
sg_raster_triangle_msaa2 22541 {'0x7f': 56, '0x7b': 27, '0x7d': 17, '0x7e': 36}
sg_raster_triangle_msaa2_capture 22880 {'0x7f': 57, '0x7b': 27, '0x7d': 17, '0x7e': 36}
sg_raster_triangle_msaa4 25751 {'0x7f': 57, '0x7b': 35, '0x7e': 30, '0x7d': 16}
sg_raster_triangle_msaa4_capture 25844 {'0x7f': 58, '0x7b': 35, '0x7e': 30, '0x7d': 16}
sg_queue_render_packed 1312 {'0x7f': 22, '0x7e': 2}
sg_drain_packed_bins 2015 {'0x7f': 31, '0x7e': 2}
sg_queue_help 162 {'0x7f': 10}
sg_worker_main 747 {'0x7f': 15, '0x7e': 2}
sg_queue_transform 283 {'0x7f': 2}
sg_write_fragment 2297 {'0x7b': 2, '0x7f': 9, '0x7d': 1}
sg_write_multisample 9040 {'0x7b': 20, '0x7f': 13, '0x7d': 5, '0x7e': 2}
sg_write_multisample2 7409 {'0x7b': 14, '0x7d': 5, '0x7f': 16, '0x7e': 2}
sg_store_off_post_depth 381 {'0x7b': 1}
sg_store_blend_msaa2_post_depth 2763 {'0x7b': 14, '0x7f': 5, '0x7d': 2, '0x7e': 2}
sg_store_blend_msaa4_post_depth 3565 {'0x7b': 18, '0x7f': 5, '0x7d': 2, '0x7e': 2}
Objects equal: 19 of20; roots byte equal: 8 of 18
