Quiet-host audit passed: /home/cosmo/Git/softgl/build/diagnostics/slice-vertex-packing/timings/slice-vertex-packing-ms0-audit-1-pair-1.json attempt 1
slice-vertex-packing-ms0: audit 1, pair 1 verified
Quiet-host audit passed: /home/cosmo/Git/softgl/build/diagnostics/slice-vertex-packing/timings/slice-vertex-packing-ms0-audit-1-pair-2.json attempt 1
slice-vertex-packing-ms0: audit 1, pair 2 verified
Quiet-host audit passed: /home/cosmo/Git/softgl/build/diagnostics/slice-vertex-packing/timings/slice-vertex-packing-ms0-audit-1-pair-3.json attempt 1
slice-vertex-packing-ms0: audit 1, pair 3 verified
Quiet-host audit passed: /home/cosmo/Git/softgl/build/diagnostics/slice-vertex-packing/timings/slice-vertex-packing-ms0-audit-2-pair-1.json attempt 1
slice-vertex-packing-ms0: audit 2, pair 1 verified
Quiet-host audit passed: /home/cosmo/Git/softgl/build/diagnostics/slice-vertex-packing/timings/slice-vertex-packing-ms0-audit-2-pair-2.json attempt 1
slice-vertex-packing-ms0: audit 2, pair 2 verified
Quiet-host audit passed: /home/cosmo/Git/softgl/build/diagnostics/slice-vertex-packing/timings/slice-vertex-packing-ms0-audit-2-pair-3.json attempt 1
slice-vertex-packing-ms0: audit 2, pair 3 verified
Quiet-host audit passed: /home/cosmo/Git/softgl/build/diagnostics/slice-vertex-packing/timings/slice-vertex-packing-ms2-audit-1-pair-1.json attempt 1
slice-vertex-packing-ms2: audit 1, pair 1 verified
Quiet-host audit passed: /home/cosmo/Git/softgl/build/diagnostics/slice-vertex-packing/timings/slice-vertex-packing-ms2-audit-1-pair-2.json attempt 1
slice-vertex-packing-ms2: audit 1, pair 2 verified
Quiet-host audit passed: /home/cosmo/Git/softgl/build/diagnostics/slice-vertex-packing/timings/slice-vertex-packing-ms2-audit-1-pair-3.json attempt 1
slice-vertex-packing-ms2: audit 1, pair 3 verified
Quiet-host audit passed: /home/cosmo/Git/softgl/build/diagnostics/slice-vertex-packing/timings/slice-vertex-packing-ms2-audit-2-pair-1.json attempt 1
slice-vertex-packing-ms2: audit 2, pair 1 verified
Quiet-host audit passed: /home/cosmo/Git/softgl/build/diagnostics/slice-vertex-packing/timings/slice-vertex-packing-ms2-audit-2-pair-2.json attempt 1
slice-vertex-packing-ms2: audit 2, pair 2 verified
Quiet-host audit passed: /home/cosmo/Git/softgl/build/diagnostics/slice-vertex-packing/timings/slice-vertex-packing-ms2-audit-2-pair-3.json attempt 1
slice-vertex-packing-ms2: audit 2, pair 3 verified
Quiet-host audit passed: /home/cosmo/Git/softgl/build/diagnostics/slice-vertex-packing/timings/slice-vertex-packing-audit-1-pair-1.json attempt 1
slice-vertex-packing: audit 1, pair 1 verified
Quiet-host audit passed: /home/cosmo/Git/softgl/build/diagnostics/slice-vertex-packing/timings/slice-vertex-packing-audit-1-pair-2.json attempt 1
slice-vertex-packing: audit 1, pair 2 verified
Quiet-host audit passed: /home/cosmo/Git/softgl/build/diagnostics/slice-vertex-packing/timings/slice-vertex-packing-audit-1-pair-3.json attempt 1
slice-vertex-packing: audit 1, pair 3 verified
Quiet-host audit passed: /home/cosmo/Git/softgl/build/diagnostics/slice-vertex-packing/timings/slice-vertex-packing-audit-2-pair-1.json attempt 1
slice-vertex-packing: audit 2, pair 1 verified
Quiet-host audit passed: /home/cosmo/Git/softgl/build/diagnostics/slice-vertex-packing/timings/slice-vertex-packing-audit-2-pair-2.json attempt 1
slice-vertex-packing: audit 2, pair 2 verified
Quiet-host audit passed: /home/cosmo/Git/softgl/build/diagnostics/slice-vertex-packing/timings/slice-vertex-packing-audit-2-pair-3.json attempt 1
slice-vertex-packing: audit 2, pair 3 verified
/home/cosmo/Git/softgl/build/diagnostics/slice-vertex-packing/timings/slice-vertex-packing-results.json
All eighteen predeclared paired comparisons complete
