[  0%] Building C object libsoftgl/CMakeFiles/softgl.dir/src/state.c.o
[  1%] Building C object tests/CMakeFiles/sg_compare.dir/harness/compare.c.o
[  1%] Building C object tests/CMakeFiles/msaa_edge_instrumented.dir/__/libsoftgl/src/rasterizer.c.o
[  1%] Building C object tests/CMakeFiles/bench_case_showcase.dir/cases/test_100_showcase.c.o
[  1%] Building C object tests/CMakeFiles/sg_compare.dir/harness/ppm_write.c.o
[  1%] Linking C executable sg_compare
[  1%] Built target sg_compare
[  1%] Building C object libsoftgl/CMakeFiles/softgl.dir/src/matrix.c.o
[  1%] Built target bench_case_showcase
[  1%] Building C object libsoftgl/CMakeFiles/softgl.dir/src/buffers.c.o
[  1%] Building C object tests/CMakeFiles/bench_case_shadow.dir/cases/test_202_shadow_volume.c.o
[  1%] Building C object libsoftgl/CMakeFiles/softgl.dir/src/texture.c.o
[  1%] Built target bench_case_shadow
[  1%] Building C object libsoftgl/CMakeFiles/softgl.dir/src/pipeline.c.o
[  1%] Building C object tests/CMakeFiles/bench_case_particles.dir/cases/test_209_particles_additive.c.o
[  1%] Built target bench_case_particles
[  1%] Building C object libsoftgl/CMakeFiles/softgl.dir/src/clip.c.o
[  1%] Building C object tests/CMakeFiles/bench_case_city.dir/cases/test_98_city_block.c.o
[  1%] Built target bench_case_city
[  2%] Building C object libsoftgl/CMakeFiles/softgl.dir/src/fragment_write.c.o
[  2%] Building C object libsoftgl/CMakeFiles/softgl.dir/src/multisample.c.o
[  2%] Building C object tests/CMakeFiles/bench_case_sphere_lit.dir/cases/test_57_icosphere_lit.c.o
[  2%] Built target bench_case_sphere_lit
[  2%] Building C object libsoftgl/CMakeFiles/softgl.dir/src/fragment_combine.c.o
[  2%] Building C object tests/CMakeFiles/harness_mesa.dir/harness/harness_mesa.c.o
[  2%] Building C object tests/CMakeFiles/harness_mesa.dir/harness/ppm_write.c.o
[  2%] Linking C static library libharness_mesa.a
[  2%] Building C object tests/CMakeFiles/tank_image_scene.dir/__/wasm/tank_wrap.c.o
[  2%] Building C object libsoftgl/CMakeFiles/softgl.dir/src/rasterizer.c.o
[  2%] Built target harness_mesa
[  2%] Building C object libsoftgl/CMakeFiles/softgl.dir/src/lines.c.o
[  2%] Built target tank_image_scene
[  2%] Building C object tests/CMakeFiles/model_image_scene.dir/__/wasm/model_wrap.c.o
[  3%] Building C object tests/CMakeFiles/ref_01_clear_black.dir/cases/test_01_clear_black.c.o
[  3%] Linking C executable ../tests_ref/ref_01_clear_black
[  3%] Built target model_image_scene
[  3%] Building C object libsoftgl/CMakeFiles/softgl.dir/src/fragment.c.o
[  3%] Built target ref_01_clear_black
[  3%] Building C object tests/CMakeFiles/ref_02_clear_red.dir/cases/test_02_clear_red.c.o
[  3%] Linking C executable ../tests_ref/ref_02_clear_red
[  3%] Building C object tests/CMakeFiles/ref_03_scissor_clear.dir/cases/test_03_scissor_clear.c.o
[  3%] Linking C executable ../tests_ref/ref_03_scissor_clear
[  3%] Built target ref_02_clear_red
[  3%] Building C object libsoftgl/CMakeFiles/softgl.dir/src/framebuffer.c.o
[  3%] Built target ref_03_scissor_clear
[  3%] Building C object tests/CMakeFiles/ref_04_partial_viewport_clear.dir/cases/test_04_partial_viewport_clear.c.o
[  3%] Linking C executable ../tests_ref/ref_04_partial_viewport_clear
[  3%] Building C object tests/CMakeFiles/ref_05_multi_clear_stripes.dir/cases/test_05_multi_clear_stripes.c.o
[  3%] Linking C executable ../tests_ref/ref_05_multi_clear_stripes
[  3%] Built target ref_04_partial_viewport_clear
[  3%] Building C object libsoftgl/CMakeFiles/softgl.dir/src/lighting.c.o
[  3%] Built target ref_05_multi_clear_stripes
[  3%] Building C object libsoftgl/CMakeFiles/softgl.dir/src/api.c.o
[  3%] Building C object tests/CMakeFiles/ref_06_get_viewport.dir/cases/test_06_get_viewport.c.o
[  3%] Building C object tests/CMakeFiles/ref_07_matrix_identity.dir/cases/test_07_matrix_identity.c.o
[  4%] Linking C executable ../tests_ref/ref_06_get_viewport
[  4%] Linking C executable ../tests_ref/ref_07_matrix_identity
[  4%] Built target ref_06_get_viewport
[  4%] Built target ref_07_matrix_identity
[  4%] Building C object libsoftgl/CMakeFiles/softgl.dir/src/immediate.c.o
[  4%] Building C object tests/CMakeFiles/ref_08_matrix_translate.dir/cases/test_08_matrix_translate.c.o
[  4%] Linking C executable ../tests_ref/ref_08_matrix_translate
[  4%] Built target ref_08_matrix_translate
[  4%] Building C object libsoftgl/CMakeFiles/softgl.dir/src/dlist.c.o
/home/cosmo/Git/softgl/build/diagnostics/cross-triangle-packets-default/source-root/libsoftgl/src/dlist.c: In function ‘sg_replay_stream’:
/home/cosmo/Git/softgl/build/diagnostics/cross-triangle-packets-default/source-root/libsoftgl/src/dlist.c:271:13: warning: this ‘if’ clause does not guard... [-Wmisleading-indentation]
  271 |             if (p) _sg_load_matrix_real((const float*)p); break; }
      |             ^~
/home/cosmo/Git/softgl/build/diagnostics/cross-triangle-packets-default/source-root/libsoftgl/src/dlist.c:271:59: note: ...this statement, but the latter is misleadingly indented as if it were guarded by the ‘if’
  271 |             if (p) _sg_load_matrix_real((const float*)p); break; }
      |                                                           ^~~~~
/home/cosmo/Git/softgl/build/diagnostics/cross-triangle-packets-default/source-root/libsoftgl/src/dlist.c:273:13: warning: this ‘if’ clause does not guard... [-Wmisleading-indentation]
  273 |             if (p) _sg_mult_matrix_real((const float*)p); break; }
      |             ^~
/home/cosmo/Git/softgl/build/diagnostics/cross-triangle-packets-default/source-root/libsoftgl/src/dlist.c:273:59: note: ...this statement, but the latter is misleadingly indented as if it were guarded by the ‘if’
  273 |             if (p) _sg_mult_matrix_real((const float*)p); break; }
      |                                                           ^~~~~
/home/cosmo/Git/softgl/build/diagnostics/cross-triangle-packets-default/source-root/libsoftgl/src/dlist.c:596:13: warning: ‘m’ may be used uninitialized [-Wmaybe-uninitialized]
  596 |             _sg_index_mask_real(m); break; }
      |             ^~~~~~~~~~~~~~~~~~~~~~
/home/cosmo/Git/softgl/build/diagnostics/cross-triangle-packets-default/source-root/libsoftgl/src/dlist.c:594:41: note: ‘m’ was declared here
  594 |         case SG_OP_INDEX_MASK: { GLuint m;
      |                                         ^
/home/cosmo/Git/softgl/build/diagnostics/cross-triangle-packets-default/source-root/libsoftgl/src/dlist.c:590:13: warning: ‘e’ may be used uninitialized [-Wmaybe-uninitialized]
  590 |             _sg_logic_op_real(e); break; }
      |             ^~~~~~~~~~~~~~~~~~~~
/home/cosmo/Git/softgl/build/diagnostics/cross-triangle-packets-default/source-root/libsoftgl/src/dlist.c:588:39: note: ‘e’ was declared here
  588 |         case SG_OP_LOGIC_OP: { GLenum e;
      |                                       ^
/home/cosmo/Git/softgl/build/diagnostics/cross-triangle-packets-default/source-root/libsoftgl/src/dlist.c:581:13: warning: ‘p’ may be used uninitialized [-Wmaybe-uninitialized]
  581 |             _sg_clip_plane_real(p, eq); break; }
      |             ^~~~~~~~~~~~~~~~~~~~~~~~~~
/home/cosmo/Git/softgl/build/diagnostics/cross-triangle-packets-default/source-root/libsoftgl/src/dlist.c:578:41: note: ‘p’ was declared here
  578 |         case SG_OP_CLIP_PLANE: { GLenum p; double eq[4];
      |                                         ^
/home/cosmo/Git/softgl/build/diagnostics/cross-triangle-packets-default/source-root/libsoftgl/src/dlist.c:576:44: warning: ‘s’ may be used uninitialized [-Wmaybe-uninitialized]
  576 |             sg_rd_read(&R, &s, sizeof(s)); _sg_clear_stencil_real(s); break; }
      |                                            ^~~~~~~~~~~~~~~~~~~~~~~~~
/home/cosmo/Git/softgl/build/diagnostics/cross-triangle-packets-default/source-root/libsoftgl/src/dlist.c:575:43: note: ‘s’ was declared here
  575 |         case SG_OP_CLEAR_STENCIL: { GLint s;
      |                                           ^
/home/cosmo/Git/softgl/build/diagnostics/cross-triangle-packets-default/source-root/libsoftgl/src/dlist.c:574:44: warning: ‘m’ may be used uninitialized [-Wmaybe-uninitialized]
  574 |             sg_rd_read(&R, &m, sizeof(m)); _sg_stencil_mask_real(m); break; }
      |                                            ^~~~~~~~~~~~~~~~~~~~~~~~
/home/cosmo/Git/softgl/build/diagnostics/cross-triangle-packets-default/source-root/libsoftgl/src/dlist.c:573:43: note: ‘m’ was declared here
  573 |         case SG_OP_STENCIL_MASK: { GLuint m;
      |                                           ^
/home/cosmo/Git/softgl/build/diagnostics/cross-triangle-packets-default/source-root/libsoftgl/src/dlist.c:556:58: warning: ‘b’ may be used uninitialized [-Wmaybe-uninitialized]
  556 |             sg_rd_read(&R, &b, sizeof(b)); c->dlist_base = b; break; }
      |                                            ~~~~~~~~~~~~~~^~~
/home/cosmo/Git/softgl/build/diagnostics/cross-triangle-packets-default/source-root/libsoftgl/src/dlist.c:555:40: note: ‘b’ was declared here
  555 |         case SG_OP_LIST_BASE: { GLuint b;
      |                                        ^
/home/cosmo/Git/softgl/build/diagnostics/cross-triangle-packets-default/source-root/libsoftgl/src/dlist.c:544:46: warning: ‘t’ may be used uninitialized [-Wmaybe-uninitialized]
  544 |         case SG_OP_CALL_LISTS: { uint32_t n, t;
      |                                              ^
/home/cosmo/Git/softgl/build/diagnostics/cross-triangle-packets-default/source-root/libsoftgl/src/dlist.c:548:28: warning: ‘n’ may be used uninitialized [-Wmaybe-uninitialized]
  548 |             size_t bytes = (size_t)n * esz;
      |                            ^~~~~~~~~
/home/cosmo/Git/softgl/build/diagnostics/cross-triangle-packets-default/source-root/libsoftgl/src/dlist.c:544:43: note: ‘n’ was declared here
  544 |         case SG_OP_CALL_LISTS: { uint32_t n, t;
      |                                           ^
In function ‘sg_dlist_slot’,
    inlined from ‘sg_dlist_get’ at /home/cosmo/Git/softgl/build/diagnostics/cross-triangle-packets-default/source-root/libsoftgl/src/dlist.c:14:19,
    inlined from ‘sg_dlist_replay’ at /home/cosmo/Git/softgl/build/diagnostics/cross-triangle-packets-default/source-root/libsoftgl/src/dlist.c:183:19,
    inlined from ‘sg_replay_stream’ at /home/cosmo/Git/softgl/build/diagnostics/cross-triangle-packets-default/source-root/libsoftgl/src/dlist.c:543:13:
/home/cosmo/Git/softgl/build/diagnostics/cross-triangle-packets-default/source-root/libsoftgl/src/dlist.c:9:8: warning: ‘id’ may be used uninitialized [-Wmaybe-uninitialized]
    9 |     if (id == 0 || id > c->lists_cap) return NULL;
      |        ^
/home/cosmo/Git/softgl/build/diagnostics/cross-triangle-packets-default/source-root/libsoftgl/src/dlist.c: In function ‘sg_replay_stream’:
/home/cosmo/Git/softgl/build/diagnostics/cross-triangle-packets-default/source-root/libsoftgl/src/dlist.c:541:40: note: ‘id’ was declared here
  541 |         case SG_OP_CALL_LIST: { GLuint id;
      |                                        ^~
/home/cosmo/Git/softgl/build/diagnostics/cross-triangle-packets-default/source-root/libsoftgl/src/dlist.c:536:44: warning: ‘i’ may be used uninitialized [-Wmaybe-uninitialized]
  536 |             sg_rd_read(&R, &i, sizeof(i)); _sg_array_element_real(i); break; }
      |                                            ^~~~~~~~~~~~~~~~~~~~~~~~~
/home/cosmo/Git/softgl/build/diagnostics/cross-triangle-packets-default/source-root/libsoftgl/src/dlist.c:535:43: note: ‘i’ was declared here
  535 |         case SG_OP_ARRAY_ELEMENT: { GLint i;
      |                                           ^
/home/cosmo/Git/softgl/build/diagnostics/cross-triangle-packets-default/source-root/libsoftgl/src/dlist.c:531:44: warning: ‘v’ may be used uninitialized [-Wmaybe-uninitialized]
  531 |             sg_rd_read(&R, &v, sizeof(v)); _sg_cur_edgeflag_real(v); break; }
      |                                            ^~~~~~~~~~~~~~~~~~~~~~~~
/home/cosmo/Git/softgl/build/diagnostics/cross-triangle-packets-default/source-root/libsoftgl/src/dlist.c:530:40: note: ‘v’ was declared here
  530 |         case SG_OP_CUR_EDGEFLAG: { int v;
      |                                        ^
/home/cosmo/Git/softgl/build/diagnostics/cross-triangle-packets-default/source-root/libsoftgl/src/dlist.c:529:13: warning: ‘u’ may be used uninitialized [-Wmaybe-uninitialized]
  529 |             _sg_cur_texcoord_real(u, v[0],v[1],v[2],v[3]); break; }
      |             ^~~~~~~~~~~~~~~~~~~~~~~~~~~~~~~~~~~~~~~~~~~~~
/home/cosmo/Git/softgl/build/diagnostics/cross-triangle-packets-default/source-root/libsoftgl/src/dlist.c:526:45: note: ‘u’ was declared here
  526 |         case SG_OP_CUR_TEXCOORD: { uint32_t u; float v[4];
      |                                             ^
/home/cosmo/Git/softgl/build/diagnostics/cross-triangle-packets-default/source-root/libsoftgl/src/dlist.c:518:44: warning: ‘e’ may be used uninitialized [-Wmaybe-uninitialized]
  518 |             sg_rd_read(&R, &e, sizeof(e)); _sg_begin_real(e); break; }
      |                                            ^~~~~~~~~~~~~~~~~
/home/cosmo/Git/softgl/build/diagnostics/cross-triangle-packets-default/source-root/libsoftgl/src/dlist.c:517:36: note: ‘e’ was declared here
  517 |         case SG_OP_BEGIN: { GLenum e;
      |                                    ^
/home/cosmo/Git/softgl/build/diagnostics/cross-triangle-packets-default/source-root/libsoftgl/src/dlist.c:496:44: warning: ‘e’ may be used uninitialized [-Wmaybe-uninitialized]
  496 |             sg_rd_read(&R, &e, sizeof(e)); _sg_client_active_tex_real(e); break; }
      |                                            ^~~~~~~~~~~~~~~~~~~~~~~~~~~~~
/home/cosmo/Git/softgl/build/diagnostics/cross-triangle-packets-default/source-root/libsoftgl/src/dlist.c:495:48: note: ‘e’ was declared here
  495 |         case SG_OP_CLIENT_ACTIVE_TEX: { GLenum e;
      |                                                ^
/home/cosmo/Git/softgl/build/diagnostics/cross-triangle-packets-default/source-root/libsoftgl/src/dlist.c:474:44: warning: ‘e’ may be used uninitialized [-Wmaybe-uninitialized]
  474 |             sg_rd_read(&R, &e, sizeof(e)); _sg_disable_client_state_real(e); break; }
      |                                            ^~~~~~~~~~~~~~~~~~~~~~~~~~~~~~~~
/home/cosmo/Git/softgl/build/diagnostics/cross-triangle-packets-default/source-root/libsoftgl/src/dlist.c:473:45: note: ‘e’ was declared here
  473 |         case SG_OP_DISABLE_CLIENT: { GLenum e;
      |                                             ^
/home/cosmo/Git/softgl/build/diagnostics/cross-triangle-packets-default/source-root/libsoftgl/src/dlist.c:472:44: warning: ‘e’ may be used uninitialized [-Wmaybe-uninitialized]
  472 |             sg_rd_read(&R, &e, sizeof(e)); _sg_enable_client_state_real(e); break; }
      |                                            ^~~~~~~~~~~~~~~~~~~~~~~~~~~~~~~
/home/cosmo/Git/softgl/build/diagnostics/cross-triangle-packets-default/source-root/libsoftgl/src/dlist.c:471:44: note: ‘e’ was declared here
  471 |         case SG_OP_ENABLE_CLIENT: { GLenum e;
      |                                            ^
/home/cosmo/Git/softgl/build/diagnostics/cross-triangle-packets-default/source-root/libsoftgl/src/dlist.c:454:13: warning: ‘t’ may be used uninitialized [-Wmaybe-uninitialized]
  454 |             _sg_tex_env_fv_real(t, p, v); break; }
      |             ^~~~~~~~~~~~~~~~~~~~~~~~~~~~
/home/cosmo/Git/softgl/build/diagnostics/cross-triangle-packets-default/source-root/libsoftgl/src/dlist.c:450:41: note: ‘t’ was declared here
  450 |         case SG_OP_TEX_ENV_FV: { GLenum t, p; float v[4];
      |                                         ^
/home/cosmo/Git/softgl/build/diagnostics/cross-triangle-packets-default/source-root/libsoftgl/src/dlist.c:454:13: warning: ‘p’ may be used uninitialized [-Wmaybe-uninitialized]
  454 |             _sg_tex_env_fv_real(t, p, v); break; }
      |             ^~~~~~~~~~~~~~~~~~~~~~~~~~~~
/home/cosmo/Git/softgl/build/diagnostics/cross-triangle-packets-default/source-root/libsoftgl/src/dlist.c:450:44: note: ‘p’ was declared here
  450 |         case SG_OP_TEX_ENV_FV: { GLenum t, p; float v[4];
      |                                            ^
/home/cosmo/Git/softgl/build/diagnostics/cross-triangle-packets-default/source-root/libsoftgl/src/dlist.c:354:44: warning: ‘e’ may be used uninitialized [-Wmaybe-uninitialized]
  354 |             sg_rd_read(&R, &e, sizeof(e)); _sg_active_texture_real(e); break; }
      |                                            ^~~~~~~~~~~~~~~~~~~~~~~~~~
/home/cosmo/Git/softgl/build/diagnostics/cross-triangle-packets-default/source-root/libsoftgl/src/dlist.c:353:41: note: ‘e’ was declared here
  353 |         case SG_OP_ACTIVE_TEX: { GLenum e;
      |                                         ^
/home/cosmo/Git/softgl/build/diagnostics/cross-triangle-packets-default/source-root/libsoftgl/src/dlist.c:351:13: warning: ‘p’ may be used uninitialized [-Wmaybe-uninitialized]
  351 |             _sg_light_modelfv_real(p, v); break; }
      |             ^~~~~~~~~~~~~~~~~~~~~~~~~~~~
/home/cosmo/Git/softgl/build/diagnostics/cross-triangle-packets-default/source-root/libsoftgl/src/dlist.c:348:44: note: ‘p’ was declared here
  348 |         case SG_OP_LIGHT_MODELFV: { GLenum p; float v[4];
      |                                            ^
/home/cosmo/Git/softgl/build/diagnostics/cross-triangle-packets-default/source-root/libsoftgl/src/dlist.c:347:13: warning: ‘fc’ may be used uninitialized [-Wmaybe-uninitialized]
  347 |             _sg_materialf_real(fc, pn, v); break; }
      |             ^~~~~~~~~~~~~~~~~~~~~~~~~~~~~
/home/cosmo/Git/softgl/build/diagnostics/cross-triangle-packets-default/source-root/libsoftgl/src/dlist.c:343:40: note: ‘fc’ was declared here
  343 |         case SG_OP_MATERIALF: { GLenum fc, pn; float v;
      |                                        ^~
/home/cosmo/Git/softgl/build/diagnostics/cross-triangle-packets-default/source-root/libsoftgl/src/dlist.c:347:13: warning: ‘pn’ may be used uninitialized [-Wmaybe-uninitialized]
  347 |             _sg_materialf_real(fc, pn, v); break; }
      |             ^~~~~~~~~~~~~~~~~~~~~~~~~~~~~
/home/cosmo/Git/softgl/build/diagnostics/cross-triangle-packets-default/source-root/libsoftgl/src/dlist.c:343:44: note: ‘pn’ was declared here
  343 |         case SG_OP_MATERIALF: { GLenum fc, pn; float v;
      |                                            ^~
/home/cosmo/Git/softgl/build/diagnostics/cross-triangle-packets-default/source-root/libsoftgl/src/dlist.c:342:13: warning: ‘fc’ may be used uninitialized [-Wmaybe-uninitialized]
  342 |             _sg_materialfv_real(fc, pn, v); break; }
      |             ^~~~~~~~~~~~~~~~~~~~~~~~~~~~~~
/home/cosmo/Git/softgl/build/diagnostics/cross-triangle-packets-default/source-root/libsoftgl/src/dlist.c:338:41: note: ‘fc’ was declared here
  338 |         case SG_OP_MATERIALFV: { GLenum fc, pn; float v[4];
      |                                         ^~
/home/cosmo/Git/softgl/build/diagnostics/cross-triangle-packets-default/source-root/libsoftgl/src/dlist.c:342:13: warning: ‘pn’ may be used uninitialized [-Wmaybe-uninitialized]
  342 |             _sg_materialfv_real(fc, pn, v); break; }
      |             ^~~~~~~~~~~~~~~~~~~~~~~~~~~~~~
/home/cosmo/Git/softgl/build/diagnostics/cross-triangle-packets-default/source-root/libsoftgl/src/dlist.c:338:45: note: ‘pn’ was declared here
  338 |         case SG_OP_MATERIALFV: { GLenum fc, pn; float v[4];
      |                                             ^~
/home/cosmo/Git/softgl/build/diagnostics/cross-triangle-packets-default/source-root/libsoftgl/src/dlist.c:337:13: warning: ‘li’ may be used uninitialized [-Wmaybe-uninitialized]
  337 |             _sg_lightf_real(li, pn, v); break; }
      |             ^~~~~~~~~~~~~~~~~~~~~~~~~~
/home/cosmo/Git/softgl/build/diagnostics/cross-triangle-packets-default/source-root/libsoftgl/src/dlist.c:333:37: note: ‘li’ was declared here
  333 |         case SG_OP_LIGHTF: { GLenum li, pn; float v;
      |                                     ^~
/home/cosmo/Git/softgl/build/diagnostics/cross-triangle-packets-default/source-root/libsoftgl/src/dlist.c:337:13: warning: ‘pn’ may be used uninitialized [-Wmaybe-uninitialized]
  337 |             _sg_lightf_real(li, pn, v); break; }
      |             ^~~~~~~~~~~~~~~~~~~~~~~~~~
/home/cosmo/Git/softgl/build/diagnostics/cross-triangle-packets-default/source-root/libsoftgl/src/dlist.c:333:41: note: ‘pn’ was declared here
  333 |         case SG_OP_LIGHTF: { GLenum li, pn; float v;
      |                                         ^~
/home/cosmo/Git/softgl/build/diagnostics/cross-triangle-packets-default/source-root/libsoftgl/src/dlist.c:332:13: warning: ‘li’ may be used uninitialized [-Wmaybe-uninitialized]
  332 |             _sg_lightfv_real(li, pn, v); break; }
      |             ^~~~~~~~~~~~~~~~~~~~~~~~~~~
/home/cosmo/Git/softgl/build/diagnostics/cross-triangle-packets-default/source-root/libsoftgl/src/dlist.c:328:38: note: ‘li’ was declared here
  328 |         case SG_OP_LIGHTFV: { GLenum li, pn; float v[4];
      |                                      ^~
/home/cosmo/Git/softgl/build/diagnostics/cross-triangle-packets-default/source-root/libsoftgl/src/dlist.c:332:13: warning: ‘pn’ may be used uninitialized [-Wmaybe-uninitialized]
  332 |             _sg_lightfv_real(li, pn, v); break; }
      |             ^~~~~~~~~~~~~~~~~~~~~~~~~~~
/home/cosmo/Git/softgl/build/diagnostics/cross-triangle-packets-default/source-root/libsoftgl/src/dlist.c:328:42: note: ‘pn’ was declared here
  328 |         case SG_OP_LIGHTFV: { GLenum li, pn; float v[4];
      |                                          ^~
/home/cosmo/Git/softgl/build/diagnostics/cross-triangle-packets-default/source-root/libsoftgl/src/dlist.c:327:43: warning: ‘p’ may be used uninitialized [-Wmaybe-uninitialized]
  327 |             sg_rd_read(&R, v, sizeof(v)); _sg_fogfv_real(p, v); break; }
      |                                           ^~~~~~~~~~~~~~~~~~~~
/home/cosmo/Git/softgl/build/diagnostics/cross-triangle-packets-default/source-root/libsoftgl/src/dlist.c:325:36: note: ‘p’ was declared here
  325 |         case SG_OP_FOGFV: { GLenum p; float v[4];
      |                                    ^
/home/cosmo/Git/softgl/build/diagnostics/cross-triangle-packets-default/source-root/libsoftgl/src/dlist.c:319:44: warning: ‘e’ may be used uninitialized [-Wmaybe-uninitialized]
  319 |             sg_rd_read(&R, &e, sizeof(e)); _sg_shade_model_real(e); break; }
      |                                            ^~~~~~~~~~~~~~~~~~~~~~~
/home/cosmo/Git/softgl/build/diagnostics/cross-triangle-packets-default/source-root/libsoftgl/src/dlist.c:318:42: note: ‘e’ was declared here
  318 |         case SG_OP_SHADE_MODEL: { GLenum e;
      |                                          ^
/home/cosmo/Git/softgl/build/diagnostics/cross-triangle-packets-default/source-root/libsoftgl/src/dlist.c:311:44: warning: ‘e’ may be used uninitialized [-Wmaybe-uninitialized]
  311 |             sg_rd_read(&R, &e, sizeof(e)); _sg_disable_real(e); break; }
      |                                            ^~~~~~~~~~~~~~~~~~~
/home/cosmo/Git/softgl/build/diagnostics/cross-triangle-packets-default/source-root/libsoftgl/src/dlist.c:310:38: note: ‘e’ was declared here
  310 |         case SG_OP_DISABLE: { GLenum e;
      |                                      ^
/home/cosmo/Git/softgl/build/diagnostics/cross-triangle-packets-default/source-root/libsoftgl/src/dlist.c:309:44: warning: ‘e’ may be used uninitialized [-Wmaybe-uninitialized]
  309 |             sg_rd_read(&R, &e, sizeof(e)); _sg_enable_real(e); break; }
      |                                            ^~~~~~~~~~~~~~~~~~
/home/cosmo/Git/softgl/build/diagnostics/cross-triangle-packets-default/source-root/libsoftgl/src/dlist.c:308:37: note: ‘e’ was declared here
  308 |         case SG_OP_ENABLE: { GLenum e;
      |                                     ^
/home/cosmo/Git/softgl/build/diagnostics/cross-triangle-packets-default/source-root/libsoftgl/src/dlist.c:307:44: warning: ‘e’ may be used uninitialized [-Wmaybe-uninitialized]
  307 |             sg_rd_read(&R, &e, sizeof(e)); _sg_front_face_real(e); break; }
      |                                            ^~~~~~~~~~~~~~~~~~~~~~
/home/cosmo/Git/softgl/build/diagnostics/cross-triangle-packets-default/source-root/libsoftgl/src/dlist.c:306:41: note: ‘e’ was declared here
  306 |         case SG_OP_FRONT_FACE: { GLenum e;
      |                                         ^
/home/cosmo/Git/softgl/build/diagnostics/cross-triangle-packets-default/source-root/libsoftgl/src/dlist.c:305:44: warning: ‘e’ may be used uninitialized [-Wmaybe-uninitialized]
  305 |             sg_rd_read(&R, &e, sizeof(e)); _sg_cull_face_real(e); break; }
      |                                            ^~~~~~~~~~~~~~~~~~~~~
/home/cosmo/Git/softgl/build/diagnostics/cross-triangle-packets-default/source-root/libsoftgl/src/dlist.c:304:40: note: ‘e’ was declared here
  304 |         case SG_OP_CULL_FACE: { GLenum e;
      |                                        ^
/home/cosmo/Git/softgl/build/diagnostics/cross-triangle-packets-default/source-root/libsoftgl/src/dlist.c:303:44: warning: ‘v’ may be used uninitialized [-Wmaybe-uninitialized]
  303 |             sg_rd_read(&R, &v, sizeof(v)); _sg_depth_mask_real(v); break; }
      |                                            ^~~~~~~~~~~~~~~~~~~~~~
/home/cosmo/Git/softgl/build/diagnostics/cross-triangle-packets-default/source-root/libsoftgl/src/dlist.c:302:42: note: ‘v’ was declared here
  302 |         case SG_OP_DEPTH_MASK: { uint8_t v;
      |                                          ^
/home/cosmo/Git/softgl/build/diagnostics/cross-triangle-packets-default/source-root/libsoftgl/src/dlist.c:301:44: warning: ‘e’ may be used uninitialized [-Wmaybe-uninitialized]
  301 |             sg_rd_read(&R, &e, sizeof(e)); _sg_depth_func_real(e); break; }
      |                                            ^~~~~~~~~~~~~~~~~~~~~~
/home/cosmo/Git/softgl/build/diagnostics/cross-triangle-packets-default/source-root/libsoftgl/src/dlist.c:300:41: note: ‘e’ was declared here
  300 |         case SG_OP_DEPTH_FUNC: { GLenum e;
      |                                         ^
/home/cosmo/Git/softgl/build/diagnostics/cross-triangle-packets-default/source-root/libsoftgl/src/dlist.c:290:44: warning: ‘m’ may be used uninitialized [-Wmaybe-uninitialized]
  290 |             sg_rd_read(&R, &m, sizeof(m)); _sg_clear_real(m); break; }
      |                                            ^~~~~~~~~~~~~~~~~
/home/cosmo/Git/softgl/build/diagnostics/cross-triangle-packets-default/source-root/libsoftgl/src/dlist.c:289:40: note: ‘m’ was declared here
  289 |         case SG_OP_CLEAR: { GLbitfield m;
      |                                        ^
/home/cosmo/Git/softgl/build/diagnostics/cross-triangle-packets-default/source-root/libsoftgl/src/dlist.c:268:44: warning: ‘m’ may be used uninitialized [-Wmaybe-uninitialized]
  268 |             sg_rd_read(&R, &m, sizeof(m)); _sg_matrix_mode_real(m); break; }
      |                                            ^~~~~~~~~~~~~~~~~~~~~~~
/home/cosmo/Git/softgl/build/diagnostics/cross-triangle-packets-default/source-root/libsoftgl/src/dlist.c:267:42: note: ‘m’ was declared here
  267 |         case SG_OP_MATRIX_MODE: { GLenum m;
      |                                          ^
[  4%] Building C object tests/CMakeFiles/ref_09_matrix_stack.dir/cases/test_09_matrix_stack.c.o
[  4%] Linking C executable ../tests_ref/ref_09_matrix_stack
[  4%] Building C object tests/CMakeFiles/ref_10_ortho_projection.dir/cases/test_10_ortho_projection.c.o
[  4%] Linking C executable ../tests_ref/ref_10_ortho_projection
[  4%] Built target ref_09_matrix_stack
[  5%] Building C object libsoftgl/CMakeFiles/softgl.dir/src/pixels.c.o
[  5%] Built target ref_10_ortho_projection
[  5%] Building C object tests/CMakeFiles/ref_11_triangle_ccw.dir/cases/test_11_triangle_ccw.c.o
[  5%] Linking C executable ../tests_ref/ref_11_triangle_ccw
[  5%] Built target ref_11_triangle_ccw
[  5%] Building C object libsoftgl/CMakeFiles/softgl.dir/src/evaluators.c.o
In function ‘decasteljau1’,
    inlined from ‘decasteljau2’ at /home/cosmo/Git/softgl/build/diagnostics/cross-triangle-packets-default/source-root/libsoftgl/src/evaluators.c:189:5,
    inlined from ‘emit_eval2’ at /home/cosmo/Git/softgl/build/diagnostics/cross-triangle-packets-default/source-root/libsoftgl/src/evaluators.c:239:9:
/home/cosmo/Git/softgl/build/diagnostics/cross-triangle-packets-default/source-root/libsoftgl/src/evaluators.c:177:20: warning: ‘tmp[0][0]’ may be used uninitialized [-Wmaybe-uninitialized]
  177 |     out[0] = tmp[0][0]; out[1] = tmp[0][1];
      |              ~~~~~~^~~
/home/cosmo/Git/softgl/build/diagnostics/cross-triangle-packets-default/source-root/libsoftgl/src/evaluators.c: In function ‘emit_eval2’:
/home/cosmo/Git/softgl/build/diagnostics/cross-triangle-packets-default/source-root/libsoftgl/src/evaluators.c:168:11: note: ‘tmp’ declared here
  168 |     float tmp[SG_MAX_EVAL_ORDER][4];
      |           ^~~
In function ‘decasteljau1’,
    inlined from ‘decasteljau2’ at /home/cosmo/Git/softgl/build/diagnostics/cross-triangle-packets-default/source-root/libsoftgl/src/evaluators.c:189:5,
    inlined from ‘emit_eval2’ at /home/cosmo/Git/softgl/build/diagnostics/cross-triangle-packets-default/source-root/libsoftgl/src/evaluators.c:239:9:
/home/cosmo/Git/softgl/build/diagnostics/cross-triangle-packets-default/source-root/libsoftgl/src/evaluators.c:177:40: warning: ‘tmp[0][1]’ may be used uninitialized [-Wmaybe-uninitialized]
  177 |     out[0] = tmp[0][0]; out[1] = tmp[0][1];
      |                                  ~~~~~~^~~
/home/cosmo/Git/softgl/build/diagnostics/cross-triangle-packets-default/source-root/libsoftgl/src/evaluators.c: In function ‘emit_eval2’:
/home/cosmo/Git/softgl/build/diagnostics/cross-triangle-packets-default/source-root/libsoftgl/src/evaluators.c:168:11: note: ‘tmp’ declared here
  168 |     float tmp[SG_MAX_EVAL_ORDER][4];
      |           ^~~
In function ‘decasteljau1’,
    inlined from ‘decasteljau2’ at /home/cosmo/Git/softgl/build/diagnostics/cross-triangle-packets-default/source-root/libsoftgl/src/evaluators.c:189:5,
    inlined from ‘emit_eval2’ at /home/cosmo/Git/softgl/build/diagnostics/cross-triangle-packets-default/source-root/libsoftgl/src/evaluators.c:239:9:
/home/cosmo/Git/softgl/build/diagnostics/cross-triangle-packets-default/source-root/libsoftgl/src/evaluators.c:178:20: warning: ‘tmp[0][2]’ may be used uninitialized [-Wmaybe-uninitialized]
  178 |     out[2] = tmp[0][2]; out[3] = tmp[0][3];
      |              ~~~~~~^~~
/home/cosmo/Git/softgl/build/diagnostics/cross-triangle-packets-default/source-root/libsoftgl/src/evaluators.c: In function ‘emit_eval2’:
/home/cosmo/Git/softgl/build/diagnostics/cross-triangle-packets-default/source-root/libsoftgl/src/evaluators.c:168:11: note: ‘tmp’ declared here
  168 |     float tmp[SG_MAX_EVAL_ORDER][4];
      |           ^~~
In function ‘decasteljau1’,
    inlined from ‘decasteljau2’ at /home/cosmo/Git/softgl/build/diagnostics/cross-triangle-packets-default/source-root/libsoftgl/src/evaluators.c:189:5,
    inlined from ‘emit_eval2’ at /home/cosmo/Git/softgl/build/diagnostics/cross-triangle-packets-default/source-root/libsoftgl/src/evaluators.c:239:9:
/home/cosmo/Git/softgl/build/diagnostics/cross-triangle-packets-default/source-root/libsoftgl/src/evaluators.c:177:20: warning: ‘tmp[0][0]’ may be used uninitialized [-Wmaybe-uninitialized]
  177 |     out[0] = tmp[0][0]; out[1] = tmp[0][1];
      |              ~~~~~~^~~
/home/cosmo/Git/softgl/build/diagnostics/cross-triangle-packets-default/source-root/libsoftgl/src/evaluators.c: In function ‘emit_eval2’:
/home/cosmo/Git/softgl/build/diagnostics/cross-triangle-packets-default/source-root/libsoftgl/src/evaluators.c:168:11: note: ‘tmp’ declared here
  168 |     float tmp[SG_MAX_EVAL_ORDER][4];
      |           ^~~
In function ‘decasteljau1’,
    inlined from ‘decasteljau2’ at /home/cosmo/Git/softgl/build/diagnostics/cross-triangle-packets-default/source-root/libsoftgl/src/evaluators.c:189:5,
    inlined from ‘emit_eval2’ at /home/cosmo/Git/softgl/build/diagnostics/cross-triangle-packets-default/source-root/libsoftgl/src/evaluators.c:239:9:
/home/cosmo/Git/softgl/build/diagnostics/cross-triangle-packets-default/source-root/libsoftgl/src/evaluators.c:177:20: warning: ‘tmp[0][0]’ may be used uninitialized [-Wmaybe-uninitialized]
  177 |     out[0] = tmp[0][0]; out[1] = tmp[0][1];
      |              ~~~~~~^~~
/home/cosmo/Git/softgl/build/diagnostics/cross-triangle-packets-default/source-root/libsoftgl/src/evaluators.c: In function ‘emit_eval2’:
/home/cosmo/Git/softgl/build/diagnostics/cross-triangle-packets-default/source-root/libsoftgl/src/evaluators.c:168:11: note: ‘tmp’ declared here
  168 |     float tmp[SG_MAX_EVAL_ORDER][4];
      |           ^~~
In function ‘decasteljau1’,
    inlined from ‘decasteljau2’ at /home/cosmo/Git/softgl/build/diagnostics/cross-triangle-packets-default/source-root/libsoftgl/src/evaluators.c:189:5,
    inlined from ‘emit_eval2’ at /home/cosmo/Git/softgl/build/diagnostics/cross-triangle-packets-default/source-root/libsoftgl/src/evaluators.c:239:9:
/home/cosmo/Git/softgl/build/diagnostics/cross-triangle-packets-default/source-root/libsoftgl/src/evaluators.c:177:40: warning: ‘tmp[0][1]’ may be used uninitialized [-Wmaybe-uninitialized]
  177 |     out[0] = tmp[0][0]; out[1] = tmp[0][1];
      |                                  ~~~~~~^~~
/home/cosmo/Git/softgl/build/diagnostics/cross-triangle-packets-default/source-root/libsoftgl/src/evaluators.c: In function ‘emit_eval2’:
/home/cosmo/Git/softgl/build/diagnostics/cross-triangle-packets-default/source-root/libsoftgl/src/evaluators.c:168:11: note: ‘tmp’ declared here
  168 |     float tmp[SG_MAX_EVAL_ORDER][4];
      |           ^~~
In function ‘decasteljau1’,
    inlined from ‘decasteljau2’ at /home/cosmo/Git/softgl/build/diagnostics/cross-triangle-packets-default/source-root/libsoftgl/src/evaluators.c:189:5,
    inlined from ‘emit_eval2’ at /home/cosmo/Git/softgl/build/diagnostics/cross-triangle-packets-default/source-root/libsoftgl/src/evaluators.c:239:9:
/home/cosmo/Git/softgl/build/diagnostics/cross-triangle-packets-default/source-root/libsoftgl/src/evaluators.c:177:20: warning: ‘tmp[0][0]’ may be used uninitialized [-Wmaybe-uninitialized]
  177 |     out[0] = tmp[0][0]; out[1] = tmp[0][1];
      |              ~~~~~~^~~
/home/cosmo/Git/softgl/build/diagnostics/cross-triangle-packets-default/source-root/libsoftgl/src/evaluators.c: In function ‘emit_eval2’:
/home/cosmo/Git/softgl/build/diagnostics/cross-triangle-packets-default/source-root/libsoftgl/src/evaluators.c:168:11: note: ‘tmp’ declared here
  168 |     float tmp[SG_MAX_EVAL_ORDER][4];
      |           ^~~
In function ‘decasteljau1’,
    inlined from ‘decasteljau2’ at /home/cosmo/Git/softgl/build/diagnostics/cross-triangle-packets-default/source-root/libsoftgl/src/evaluators.c:189:5,
    inlined from ‘emit_eval2’ at /home/cosmo/Git/softgl/build/diagnostics/cross-triangle-packets-default/source-root/libsoftgl/src/evaluators.c:239:9:
/home/cosmo/Git/softgl/build/diagnostics/cross-triangle-packets-default/source-root/libsoftgl/src/evaluators.c:177:40: warning: ‘tmp[0][1]’ may be used uninitialized [-Wmaybe-uninitialized]
  177 |     out[0] = tmp[0][0]; out[1] = tmp[0][1];
      |                                  ~~~~~~^~~
/home/cosmo/Git/softgl/build/diagnostics/cross-triangle-packets-default/source-root/libsoftgl/src/evaluators.c: In function ‘emit_eval2’:
/home/cosmo/Git/softgl/build/diagnostics/cross-triangle-packets-default/source-root/libsoftgl/src/evaluators.c:168:11: note: ‘tmp’ declared here
  168 |     float tmp[SG_MAX_EVAL_ORDER][4];
      |           ^~~
In function ‘decasteljau1’,
    inlined from ‘decasteljau2’ at /home/cosmo/Git/softgl/build/diagnostics/cross-triangle-packets-default/source-root/libsoftgl/src/evaluators.c:189:5,
    inlined from ‘emit_eval2’ at /home/cosmo/Git/softgl/build/diagnostics/cross-triangle-packets-default/source-root/libsoftgl/src/evaluators.c:239:9:
/home/cosmo/Git/softgl/build/diagnostics/cross-triangle-packets-default/source-root/libsoftgl/src/evaluators.c:178:20: warning: ‘tmp[0][2]’ may be used uninitialized [-Wmaybe-uninitialized]
  178 |     out[2] = tmp[0][2]; out[3] = tmp[0][3];
      |              ~~~~~~^~~
/home/cosmo/Git/softgl/build/diagnostics/cross-triangle-packets-default/source-root/libsoftgl/src/evaluators.c: In function ‘emit_eval2’:
/home/cosmo/Git/softgl/build/diagnostics/cross-triangle-packets-default/source-root/libsoftgl/src/evaluators.c:168:11: note: ‘tmp’ declared here
  168 |     float tmp[SG_MAX_EVAL_ORDER][4];
      |           ^~~
In function ‘decasteljau1’,
    inlined from ‘decasteljau2’ at /home/cosmo/Git/softgl/build/diagnostics/cross-triangle-packets-default/source-root/libsoftgl/src/evaluators.c:189:5,
    inlined from ‘emit_eval2’ at /home/cosmo/Git/softgl/build/diagnostics/cross-triangle-packets-default/source-root/libsoftgl/src/evaluators.c:239:9:
/home/cosmo/Git/softgl/build/diagnostics/cross-triangle-packets-default/source-root/libsoftgl/src/evaluators.c:178:40: warning: ‘tmp[0][3]’ may be used uninitialized [-Wmaybe-uninitialized]
  178 |     out[2] = tmp[0][2]; out[3] = tmp[0][3];
      |                                  ~~~~~~^~~
/home/cosmo/Git/softgl/build/diagnostics/cross-triangle-packets-default/source-root/libsoftgl/src/evaluators.c: In function ‘emit_eval2’:
/home/cosmo/Git/softgl/build/diagnostics/cross-triangle-packets-default/source-root/libsoftgl/src/evaluators.c:168:11: note: ‘tmp’ declared here
  168 |     float tmp[SG_MAX_EVAL_ORDER][4];
      |           ^~~
In function ‘decasteljau1’,
    inlined from ‘decasteljau2’ at /home/cosmo/Git/softgl/build/diagnostics/cross-triangle-packets-default/source-root/libsoftgl/src/evaluators.c:189:5,
    inlined from ‘emit_eval2’ at /home/cosmo/Git/softgl/build/diagnostics/cross-triangle-packets-default/source-root/libsoftgl/src/evaluators.c:269:9:
/home/cosmo/Git/softgl/build/diagnostics/cross-triangle-packets-default/source-root/libsoftgl/src/evaluators.c:177:20: warning: ‘tmp’ may be used uninitialized [-Wmaybe-uninitialized]
  177 |     out[0] = tmp[0][0]; out[1] = tmp[0][1];
      |              ~~~~~~^~~
/home/cosmo/Git/softgl/build/diagnostics/cross-triangle-packets-default/source-root/libsoftgl/src/evaluators.c: In function ‘emit_eval2’:
/home/cosmo/Git/softgl/build/diagnostics/cross-triangle-packets-default/source-root/libsoftgl/src/evaluators.c:168:11: note: ‘tmp’ declared here
  168 |     float tmp[SG_MAX_EVAL_ORDER][4];
      |           ^~~
In function ‘decasteljau1’,
    inlined from ‘decasteljau2’ at /home/cosmo/Git/softgl/build/diagnostics/cross-triangle-packets-default/source-root/libsoftgl/src/evaluators.c:189:5,
    inlined from ‘emit_eval2’ at /home/cosmo/Git/softgl/build/diagnostics/cross-triangle-packets-default/source-root/libsoftgl/src/evaluators.c:269:9:
/home/cosmo/Git/softgl/build/diagnostics/cross-triangle-packets-default/source-root/libsoftgl/src/evaluators.c:177:40: warning: ‘tmp’ may be used uninitialized [-Wmaybe-uninitialized]
  177 |     out[0] = tmp[0][0]; out[1] = tmp[0][1];
      |                                  ~~~~~~^~~
/home/cosmo/Git/softgl/build/diagnostics/cross-triangle-packets-default/source-root/libsoftgl/src/evaluators.c: In function ‘emit_eval2’:
/home/cosmo/Git/softgl/build/diagnostics/cross-triangle-packets-default/source-root/libsoftgl/src/evaluators.c:168:11: note: ‘tmp’ declared here
  168 |     float tmp[SG_MAX_EVAL_ORDER][4];
      |           ^~~
In function ‘decasteljau1’,
    inlined from ‘decasteljau2’ at /home/cosmo/Git/softgl/build/diagnostics/cross-triangle-packets-default/source-root/libsoftgl/src/evaluators.c:189:5,
    inlined from ‘emit_eval2’ at /home/cosmo/Git/softgl/build/diagnostics/cross-triangle-packets-default/source-root/libsoftgl/src/evaluators.c:269:9:
/home/cosmo/Git/softgl/build/diagnostics/cross-triangle-packets-default/source-root/libsoftgl/src/evaluators.c:178:20: warning: ‘tmp’ may be used uninitialized [-Wmaybe-uninitialized]
  178 |     out[2] = tmp[0][2]; out[3] = tmp[0][3];
      |              ~~~~~~^~~
/home/cosmo/Git/softgl/build/diagnostics/cross-triangle-packets-default/source-root/libsoftgl/src/evaluators.c: In function ‘emit_eval2’:
/home/cosmo/Git/softgl/build/diagnostics/cross-triangle-packets-default/source-root/libsoftgl/src/evaluators.c:168:11: note: ‘tmp’ declared here
  168 |     float tmp[SG_MAX_EVAL_ORDER][4];
      |           ^~~
In function ‘decasteljau1’,
    inlined from ‘decasteljau2’ at /home/cosmo/Git/softgl/build/diagnostics/cross-triangle-packets-default/source-root/libsoftgl/src/evaluators.c:189:5,
    inlined from ‘emit_eval2’ at /home/cosmo/Git/softgl/build/diagnostics/cross-triangle-packets-default/source-root/libsoftgl/src/evaluators.c:272:9:
/home/cosmo/Git/softgl/build/diagnostics/cross-triangle-packets-default/source-root/libsoftgl/src/evaluators.c:177:20: warning: ‘tmp’ may be used uninitialized [-Wmaybe-uninitialized]
  177 |     out[0] = tmp[0][0]; out[1] = tmp[0][1];
      |              ~~~~~~^~~
/home/cosmo/Git/softgl/build/diagnostics/cross-triangle-packets-default/source-root/libsoftgl/src/evaluators.c: In function ‘emit_eval2’:
/home/cosmo/Git/softgl/build/diagnostics/cross-triangle-packets-default/source-root/libsoftgl/src/evaluators.c:168:11: note: ‘tmp’ declared here
  168 |     float tmp[SG_MAX_EVAL_ORDER][4];
      |           ^~~
In function ‘decasteljau1’,
    inlined from ‘decasteljau2’ at /home/cosmo/Git/softgl/build/diagnostics/cross-triangle-packets-default/source-root/libsoftgl/src/evaluators.c:189:5,
    inlined from ‘emit_eval2’ at /home/cosmo/Git/softgl/build/diagnostics/cross-triangle-packets-default/source-root/libsoftgl/src/evaluators.c:272:9:
/home/cosmo/Git/softgl/build/diagnostics/cross-triangle-packets-default/source-root/libsoftgl/src/evaluators.c:177:40: warning: ‘tmp’ may be used uninitialized [-Wmaybe-uninitialized]
  177 |     out[0] = tmp[0][0]; out[1] = tmp[0][1];
      |                                  ~~~~~~^~~
/home/cosmo/Git/softgl/build/diagnostics/cross-triangle-packets-default/source-root/libsoftgl/src/evaluators.c: In function ‘emit_eval2’:
/home/cosmo/Git/softgl/build/diagnostics/cross-triangle-packets-default/source-root/libsoftgl/src/evaluators.c:168:11: note: ‘tmp’ declared here
  168 |     float tmp[SG_MAX_EVAL_ORDER][4];
      |           ^~~
In function ‘decasteljau1’,
    inlined from ‘decasteljau2’ at /home/cosmo/Git/softgl/build/diagnostics/cross-triangle-packets-default/source-root/libsoftgl/src/evaluators.c:189:5,
    inlined from ‘emit_eval2’ at /home/cosmo/Git/softgl/build/diagnostics/cross-triangle-packets-default/source-root/libsoftgl/src/evaluators.c:272:9:
/home/cosmo/Git/softgl/build/diagnostics/cross-triangle-packets-default/source-root/libsoftgl/src/evaluators.c:178:20: warning: ‘tmp’ may be used uninitialized [-Wmaybe-uninitialized]
  178 |     out[2] = tmp[0][2]; out[3] = tmp[0][3];
      |              ~~~~~~^~~
/home/cosmo/Git/softgl/build/diagnostics/cross-triangle-packets-default/source-root/libsoftgl/src/evaluators.c: In function ‘emit_eval2’:
/home/cosmo/Git/softgl/build/diagnostics/cross-triangle-packets-default/source-root/libsoftgl/src/evaluators.c:168:11: note: ‘tmp’ declared here
  168 |     float tmp[SG_MAX_EVAL_ORDER][4];
      |           ^~~
[  5%] Building C object libsoftgl/CMakeFiles/softgl.dir/src/workers.c.o
[  5%] Building C object tests/CMakeFiles/ref_12_triangle_cw_culled.dir/cases/test_12_triangle_cw_culled.c.o
[  5%] Linking C executable ../tests_ref/ref_12_triangle_cw_culled
[  5%] Built target ref_12_triangle_cw_culled
[  5%] Building C object tests/CMakeFiles/ref_13_triangle_depth.dir/cases/test_13_triangle_depth.c.o
[  5%] Linking C executable ../tests_ref/ref_13_triangle_depth
[  5%] Building C object tests/CMakeFiles/ref_14_triangle_frustum.dir/cases/test_14_triangle_frustum.c.o
[  5%] Built target ref_13_triangle_depth
[  5%] Linking C executable ../tests_ref/ref_14_triangle_frustum
[  5%] Building C object tests/CMakeFiles/ref_15_two_tris_depth.dir/cases/test_15_two_tris_depth.c.o
[  5%] Linking C executable ../tests_ref/ref_15_two_tris_depth
[  5%] Built target ref_14_triangle_frustum
[  5%] Building C object tests/CMakeFiles/ref_16_flat_shaded.dir/cases/test_16_flat_shaded.c.o
[  5%] Built target ref_15_two_tris_depth
[  6%] Building C object tests/CMakeFiles/ref_17_gouraud_rgb.dir/cases/test_17_gouraud_rgb.c.o
[  7%] Linking C executable ../tests_ref/ref_16_flat_shaded
[  7%] Linking C executable ../tests_ref/ref_17_gouraud_rgb
[  7%] Built target ref_16_flat_shaded
[  8%] Building C object tests/CMakeFiles/ref_18_fullscreen_quad.dir/cases/test_18_fullscreen_quad.c.o
[  8%] Built target ref_17_gouraud_rgb
[  8%] Building C object tests/CMakeFiles/ref_19_degenerate_triangle.dir/cases/test_19_degenerate_triangle.c.o
[  8%] Linking C executable ../tests_ref/ref_18_fullscreen_quad
[  8%] Linking C executable ../tests_ref/ref_19_degenerate_triangle
[  8%] Built target ref_18_fullscreen_quad
[  8%] Building C object tests/CMakeFiles/ref_20_triangle_at_edges.dir/cases/test_20_triangle_at_edges.c.o
[  8%] Built target ref_19_degenerate_triangle
[  8%] Linking C executable ../tests_ref/ref_20_triangle_at_edges
[  8%] Building C object tests/CMakeFiles/ref_21_clip_left.dir/cases/test_21_clip_left.c.o
[  8%] Linking C executable ../tests_ref/ref_21_clip_left
[  8%] Built target ref_20_triangle_at_edges
[  8%] Building C object tests/CMakeFiles/ref_22_clip_right.dir/cases/test_22_clip_right.c.o
[  8%] Built target ref_21_clip_left
[  8%] Building C object tests/CMakeFiles/ref_23_clip_top.dir/cases/test_23_clip_top.c.o
[  8%] Linking C executable ../tests_ref/ref_22_clip_right
[  8%] Linking C executable ../tests_ref/ref_23_clip_top
[  8%] Built target msaa_edge_instrumented
[  8%] Building C object tests/CMakeFiles/ref_24_clip_bottom.dir/cases/test_24_clip_bottom.c.o
[  8%] Linking C executable ../tests_ref/ref_24_clip_bottom
[  8%] Built target ref_22_clip_right
[  8%] Building C object tests/CMakeFiles/ref_25_clip_near.dir/cases/test_25_clip_near.c.o
[  8%] Built target ref_23_clip_top
[  9%] Building C object tests/CMakeFiles/ref_26_clip_far.dir/cases/test_26_clip_far.c.o
[  9%] Linking C executable ../tests_ref/ref_25_clip_near
[  9%] Linking C executable ../tests_ref/ref_26_clip_far
[  9%] Built target ref_24_clip_bottom
[  9%] Building C object tests/CMakeFiles/ref_27_clip_all_planes.dir/cases/test_27_clip_all_planes.c.o
[  9%] Linking C executable ../tests_ref/ref_27_clip_all_planes
[  9%] Built target ref_26_clip_far
[  9%] Building C object tests/CMakeFiles/ref_28_clip_offscreen_but_visible.dir/cases/test_28_clip_offscreen_but_visible.c.o
[  9%] Built target ref_25_clip_near
[  9%] Building C object tests/CMakeFiles/ref_29_clip_quad_seam.dir/cases/test_29_clip_quad_seam.c.o
[  9%] Linking C executable ../tests_ref/ref_28_clip_offscreen_but_visible
[  9%] Linking C executable ../tests_ref/ref_29_clip_quad_seam
[  9%] Built target ref_27_clip_all_planes
[  9%] Building C object tests/CMakeFiles/ref_30_clip_many_triangles.dir/cases/test_30_clip_many_triangles.c.o
[  9%] Linking C executable ../tests_ref/ref_30_clip_many_triangles
[  9%] Built target ref_28_clip_offscreen_but_visible
[  9%] Building C object tests/CMakeFiles/ref_31_translate.dir/cases/test_31_translate.c.o
[ 10%] Linking C executable ../tests_ref/ref_31_translate
[ 10%] Built target ref_29_clip_quad_seam
[ 10%] Building C object tests/CMakeFiles/ref_32_rotate_x.dir/cases/test_32_rotate_x.c.o
[ 10%] Linking C executable ../tests_ref/ref_32_rotate_x
[ 10%] Built target ref_30_clip_many_triangles
[ 10%] Building C object tests/CMakeFiles/ref_33_rotate_y.dir/cases/test_33_rotate_y.c.o
[ 10%] Linking C executable ../tests_ref/ref_33_rotate_y
[ 10%] Built target ref_31_translate
[ 10%] Building C object tests/CMakeFiles/ref_34_rotate_z.dir/cases/test_34_rotate_z.c.o
[ 10%] Built target ref_32_rotate_x
[ 10%] Building C object tests/CMakeFiles/ref_35_scale_nonuniform.dir/cases/test_35_scale_nonuniform.c.o
[ 10%] Linking C executable ../tests_ref/ref_34_rotate_z
[ 10%] Linking C executable ../tests_ref/ref_35_scale_nonuniform
[ 10%] Built target ref_33_rotate_y
[ 10%] Building C object tests/CMakeFiles/ref_36_rotate_translate.dir/cases/test_36_rotate_translate.c.o
[ 10%] Linking C executable ../tests_ref/ref_36_rotate_translate
[ 10%] Built target ref_34_rotate_z
[ 11%] Building C object tests/CMakeFiles/ref_37_orbit.dir/cases/test_37_orbit.c.o
[ 11%] Linking C executable ../tests_ref/ref_37_orbit
[ 11%] Built target ref_35_scale_nonuniform
[ 11%] Building C object tests/CMakeFiles/ref_38_perspective_60fov.dir/cases/test_38_perspective_60fov.c.o
[ 11%] Built target ref_36_rotate_translate
[ 11%] Linking C executable ../tests_ref/ref_38_perspective_60fov
[ 11%] Building C object tests/CMakeFiles/ref_39_aspect_correction.dir/cases/test_39_aspect_correction.c.o
[ 11%] Linking C executable ../tests_ref/ref_39_aspect_correction
[ 11%] Built target ref_37_orbit
[ 11%] Building C object tests/CMakeFiles/ref_40_hierarchical_transform.dir/cases/test_40_hierarchical_transform.c.o
[ 11%] Built target ref_38_perspective_60fov
[ 11%] Linking C executable ../tests_ref/ref_40_hierarchical_transform
[ 11%] Building C object tests/CMakeFiles/ref_41_tex_checkerboard.dir/cases/test_41_tex_checkerboard.c.o
[ 11%] Linking C executable ../tests_ref/ref_41_tex_checkerboard
[ 11%] Built target ref_39_aspect_correction
[ 12%] Building C object tests/CMakeFiles/ref_42_tex_gradient_bilinear.dir/cases/test_42_tex_gradient_bilinear.c.o
[ 12%] Linking C executable ../tests_ref/ref_42_tex_gradient_bilinear
[ 12%] Built target ref_40_hierarchical_transform
[ 12%] Building C object tests/CMakeFiles/ref_43_tex_repeat.dir/cases/test_43_tex_repeat.c.o
[ 12%] Linking C executable ../tests_ref/ref_43_tex_repeat
[ 12%] Built target ref_41_tex_checkerboard
[ 12%] Building C object tests/CMakeFiles/ref_44_tex_clamp.dir/cases/test_44_tex_clamp.c.o
[ 12%] Linking C static library libsoftgl.a
[ 12%] Linking C executable ../tests_ref/ref_44_tex_clamp
[ 12%] Built target softgl
[ 12%] Building C object tests/CMakeFiles/ref_45_tex_many_repeats.dir/cases/test_45_tex_many_repeats.c.o
[ 12%] Built target ref_42_tex_gradient_bilinear
[ 12%] Building C object tests/CMakeFiles/ref_46_tex_alpha_cutout.dir/cases/test_46_tex_alpha_cutout.c.o
[ 12%] Linking C executable ../tests_ref/ref_45_tex_many_repeats
[ 12%] Built target ref_43_tex_repeat
[ 12%] Building C object tests/CMakeFiles/ref_47_tex_modulate.dir/cases/test_47_tex_modulate.c.o
[ 12%] Linking C executable ../tests_ref/ref_46_tex_alpha_cutout
[ 13%] Linking C executable ../tests_ref/ref_47_tex_modulate
[ 13%] Built target ref_44_tex_clamp
[ 13%] Building C object tests/CMakeFiles/ref_48_tex_replace.dir/cases/test_48_tex_replace.c.o
[ 13%] Linking C executable ../tests_ref/ref_48_tex_replace
[ 13%] Built target ref_45_tex_many_repeats
[ 13%] Building C object tests/CMakeFiles/ref_49_tex_decal.dir/cases/test_49_tex_decal.c.o
[ 13%] Built target ref_46_tex_alpha_cutout
[ 13%] Building C object tests/CMakeFiles/ref_50_multitexture.dir/cases/test_50_multitexture.c.o
[ 13%] Built target ref_47_tex_modulate
[ 13%] Building C object tests/CMakeFiles/ref_51_directional_light.dir/cases/test_51_directional_light.c.o
[ 13%] Linking C executable ../tests_ref/ref_49_tex_decal
[ 13%] Linking C executable ../tests_ref/ref_51_directional_light
[ 13%] Linking C executable ../tests_ref/ref_50_multitexture
[ 13%] Built target ref_48_tex_replace
[ 13%] Building C object tests/CMakeFiles/ref_52_ambient_only.dir/cases/test_52_ambient_only.c.o
[ 13%] Linking C executable ../tests_ref/ref_52_ambient_only
[ 13%] Built target ref_49_tex_decal
[ 14%] Building C object tests/CMakeFiles/ref_53_diffuse_lambert.dir/cases/test_53_diffuse_lambert.c.o
[ 14%] Built target ref_51_directional_light
[ 14%] Built target ref_50_multitexture
[ 14%] Building C object tests/CMakeFiles/ref_54_specular_blinn.dir/cases/test_54_specular_blinn.c.o
[ 14%] Building C object tests/CMakeFiles/ref_55_point_light_attenuation.dir/cases/test_55_point_light_attenuation.c.o
[ 14%] Linking C executable ../tests_ref/ref_53_diffuse_lambert
[ 14%] Linking C executable ../tests_ref/ref_55_point_light_attenuation
[ 14%] Linking C executable ../tests_ref/ref_54_specular_blinn
[ 14%] Built target ref_52_ambient_only
[ 14%] Building C object tests/CMakeFiles/ref_56_multi_lights.dir/cases/test_56_multi_lights.c.o
[ 14%] Linking C executable ../tests_ref/ref_56_multi_lights
[ 14%] Built target ref_53_diffuse_lambert
[ 14%] Building C object tests/CMakeFiles/ref_57_icosphere_lit.dir/cases/test_57_icosphere_lit.c.o
[ 14%] Built target ref_55_point_light_attenuation
[ 15%] Building C object tests/CMakeFiles/ref_58_colored_material.dir/cases/test_58_colored_material.c.o
[ 15%] Linking C executable ../tests_ref/ref_57_icosphere_lit
[ 15%] Built target ref_54_specular_blinn
[ 15%] Building C object tests/CMakeFiles/ref_59_emission.dir/cases/test_59_emission.c.o
[ 15%] Linking C executable ../tests_ref/ref_58_colored_material
[ 15%] Linking C executable ../tests_ref/ref_59_emission
[ 15%] Built target ref_56_multi_lights
[ 15%] Building C object tests/CMakeFiles/ref_60_normalize.dir/cases/test_60_normalize.c.o
[ 15%] Linking C executable ../tests_ref/ref_60_normalize
[ 15%] Built target ref_57_icosphere_lit
[ 15%] Built target ref_58_colored_material
[ 15%] Building C object tests/CMakeFiles/ref_61_tessellated_grid.dir/cases/test_61_tessellated_grid.c.o
[ 15%] Building C object tests/CMakeFiles/ref_62_icosphere_subdiv.dir/cases/test_62_icosphere_subdiv.c.o
[ 15%] Built target ref_59_emission
[ 15%] Building C object tests/CMakeFiles/ref_63_uv_sphere.dir/cases/test_63_uv_sphere.c.o
[ 15%] Linking C executable ../tests_ref/ref_61_tessellated_grid
[ 15%] Linking C executable ../tests_ref/ref_62_icosphere_subdiv
[ 15%] Built target ref_60_normalize
[ 15%] Building C object tests/CMakeFiles/ref_64_cylinder.dir/cases/test_64_cylinder.c.o
[ 16%] Linking C executable ../tests_ref/ref_63_uv_sphere
[ 16%] Linking C executable ../tests_ref/ref_64_cylinder
[ 16%] Built target ref_61_tessellated_grid
[ 16%] Building C object tests/CMakeFiles/ref_65_torus.dir/cases/test_65_torus.c.o
[ 16%] Built target ref_62_icosphere_subdiv
[ 16%] Building C object tests/CMakeFiles/ref_66_bezier_patch.dir/cases/test_66_bezier_patch.c.o
[ 16%] Built target ref_63_uv_sphere
[ 16%] Building C object tests/CMakeFiles/ref_67_extrusion.dir/cases/test_67_extrusion.c.o
[ 16%] Linking C executable ../tests_ref/ref_65_torus
[ 16%] Built target ref_64_cylinder
[ 16%] Building C object tests/CMakeFiles/ref_68_loft.dir/cases/test_68_loft.c.o
[ 16%] Linking C executable ../tests_ref/ref_67_extrusion
[ 16%] Linking C executable ../tests_ref/ref_66_bezier_patch
[ 16%] Linking C executable ../tests_ref/ref_68_loft
[ 16%] Built target ref_65_torus
[ 17%] Building C object tests/CMakeFiles/ref_69_superquadric.dir/cases/test_69_superquadric.c.o
[ 17%] Built target ref_67_extrusion
[ 17%] Building C object tests/CMakeFiles/ref_70_heightfield.dir/cases/test_70_heightfield.c.o
[ 17%] Built target ref_66_bezier_patch
[ 17%] Linking C executable ../tests_ref/ref_69_superquadric
[ 17%] Building C object tests/CMakeFiles/ref_71_fog_exp2.dir/cases/test_71_fog_exp2.c.o
[ 17%] Built target ref_68_loft
In function ‘hash2’,
    inlined from ‘noise’ at /home/cosmo/Git/softgl/build/diagnostics/cross-triangle-packets-default/source-root/tests/cases/test_70_heightfield.c:19:16,
    inlined from ‘build’ at /home/cosmo/Git/softgl/build/diagnostics/cross-triangle-packets-default/source-root/tests/cases/test_70_heightfield.c:29:23:
/home/cosmo/Git/softgl/build/diagnostics/cross-triangle-packets-default/source-root/tests/cases/test_70_heightfield.c:9:31: warning: iteration 30 invokes undefined behavior [-Waggressive-loop-optimizations]
    9 |     unsigned h = (unsigned)(x * 73856093) ^ (unsigned)(y * 19349663);
      |                            ~~~^~~~~~~~~~~
/home/cosmo/Git/softgl/build/diagnostics/cross-triangle-packets-default/source-root/tests/cases/test_70_heightfield.c: In function ‘build’:
/home/cosmo/Git/softgl/build/diagnostics/cross-triangle-packets-default/source-root/tests/cases/test_70_heightfield.c:28:27: note: within this loop
   28 |         for (int i = 0; i < HN; i++)
      |                           ^
[ 17%] Building C object tests/CMakeFiles/ref_72_fog_linear.dir/cases/test_72_fog_linear.c.o
[ 17%] Linking C executable ../tests_ref/ref_70_heightfield
[ 17%] Linking C executable ../tests_ref/ref_71_fog_exp2
[ 17%] Linking C executable ../tests_ref/ref_72_fog_linear
[ 17%] Built target ref_69_superquadric
[ 17%] Built target ref_70_heightfield
[ 17%] Building C object tests/CMakeFiles/ref_73_fog_exp.dir/cases/test_73_fog_exp.c.o
[ 18%] Building C object tests/CMakeFiles/ref_74_fog_colored.dir/cases/test_74_fog_colored.c.o
[ 18%] Built target ref_71_fog_exp2
[ 18%] Building C object tests/CMakeFiles/ref_75_alpha_blend.dir/cases/test_75_alpha_blend.c.o
[ 18%] Built target ref_72_fog_linear
[ 18%] Linking C executable ../tests_ref/ref_73_fog_exp
[ 18%] Building C object tests/CMakeFiles/ref_76_additive_blend.dir/cases/test_76_additive_blend.c.o
[ 18%] Linking C executable ../tests_ref/ref_74_fog_colored
[ 18%] Linking C executable ../tests_ref/ref_75_alpha_blend
[ 18%] Linking C executable ../tests_ref/ref_76_additive_blend
[ 18%] Built target ref_74_fog_colored
[ 18%] Built target ref_73_fog_exp
[ 18%] Building C object tests/CMakeFiles/ref_77_alpha_test_edge.dir/cases/test_77_alpha_test_edge.c.o
[ 18%] Building C object tests/CMakeFiles/ref_78_transparent_stack.dir/cases/test_78_transparent_stack.c.o
[ 18%] Built target ref_75_alpha_blend
[ 18%] Built target ref_76_additive_blend
[ 18%] Building C object tests/CMakeFiles/ref_79_premult_alpha.dir/cases/test_79_premult_alpha.c.o
[ 18%] Building C object tests/CMakeFiles/ref_80_blend_depth.dir/cases/test_80_blend_depth.c.o
[ 18%] Linking C executable ../tests_ref/ref_77_alpha_test_edge
[ 18%] Linking C executable ../tests_ref/ref_78_transparent_stack
[ 19%] Linking C executable ../tests_ref/ref_79_premult_alpha
[ 19%] Linking C executable ../tests_ref/ref_80_blend_depth
[ 19%] Built target ref_77_alpha_test_edge
[ 19%] Building C object tests/CMakeFiles/ref_81_vbo_simple.dir/cases/test_81_vbo_simple.c.o
[ 19%] Built target ref_78_transparent_stack
[ 19%] Building C object tests/CMakeFiles/ref_82_vbo_interleaved_pc.dir/cases/test_82_vbo_interleaved_pc.c.o
[ 19%] Built target ref_80_blend_depth
[ 19%] Linking C executable ../tests_ref/ref_81_vbo_simple
[ 19%] Built target ref_79_premult_alpha
[ 19%] Linking C executable ../tests_ref/ref_82_vbo_interleaved_pc
[ 19%] Building C object tests/CMakeFiles/ref_83_vbo_interleaved_pnct.dir/cases/test_83_vbo_interleaved_pnct.c.o
[ 19%] Building C object tests/CMakeFiles/ref_84_indexed_draw.dir/cases/test_84_indexed_draw.c.o
[ 19%] Linking C executable ../tests_ref/ref_83_vbo_interleaved_pnct
[ 19%] Linking C executable ../tests_ref/ref_84_indexed_draw
[ 19%] Built target ref_82_vbo_interleaved_pc
[ 20%] Building C object tests/CMakeFiles/ref_85_multi_vbos.dir/cases/test_85_multi_vbos.c.o
[ 20%] Built target ref_81_vbo_simple
[ 20%] Built target ref_83_vbo_interleaved_pnct
[ 20%] Built target ref_84_indexed_draw
[ 20%] Building C object tests/CMakeFiles/ref_86_buffer_subdata.dir/cases/test_86_buffer_subdata.c.o
[ 20%] Building C object tests/CMakeFiles/ref_87_large_mesh.dir/cases/test_87_large_mesh.c.o
[ 20%] Building C object tests/CMakeFiles/ref_88_instanced_manual.dir/cases/test_88_instanced_manual.c.o
[ 20%] Linking C executable ../tests_ref/ref_85_multi_vbos
[ 20%] Linking C executable ../tests_ref/ref_86_buffer_subdata
[ 20%] Linking C executable ../tests_ref/ref_88_instanced_manual
[ 20%] Linking C executable ../tests_ref/ref_87_large_mesh
[ 20%] Built target ref_85_multi_vbos
[ 20%] Building C object tests/CMakeFiles/ref_89_dynamic_vbo.dir/cases/test_89_dynamic_vbo.c.o
[ 20%] Built target ref_86_buffer_subdata
[ 20%] Built target ref_88_instanced_manual
[ 21%] Building C object tests/CMakeFiles/ref_90_multi_drawarrays.dir/cases/test_90_multi_drawarrays.c.o
[ 21%] Building C object tests/CMakeFiles/ref_91_dot3_baseline.dir/cases/test_91_dot3_baseline.c.o
[ 21%] Linking C executable ../tests_ref/ref_89_dynamic_vbo
[ 21%] Built target ref_87_large_mesh
[ 21%] Building C object tests/CMakeFiles/ref_92_normalmap_pattern.dir/cases/test_92_normalmap_pattern.c.o
[ 21%] Linking C executable ../tests_ref/ref_90_multi_drawarrays
[ 21%] Linking C executable ../tests_ref/ref_91_dot3_baseline
[ 21%] Linking C executable ../tests_ref/ref_92_normalmap_pattern
[ 21%] Built target ref_89_dynamic_vbo
[ 21%] Building C object tests/CMakeFiles/ref_93_normalmap_depth.dir/cases/test_93_normalmap_depth.c.o
[ 21%] Built target ref_90_multi_drawarrays
[ 21%] Building C object tests/CMakeFiles/ref_94_lit_textured_sphere.dir/cases/test_94_lit_textured_sphere.c.o
[ 21%] Linking C executable ../tests_ref/ref_93_normalmap_depth
[ 21%] Built target ref_91_dot3_baseline
[ 21%] Building C object tests/CMakeFiles/ref_95_scene_sphere_ground.dir/cases/test_95_scene_sphere_ground.c.o
[ 21%] Linking C executable ../tests_ref/ref_94_lit_textured_sphere
[ 22%] Linking C executable ../tests_ref/ref_95_scene_sphere_ground
[ 22%] Built target ref_92_normalmap_pattern
[ 22%] Building C object tests/CMakeFiles/ref_96_building_cube.dir/cases/test_96_building_cube.c.o
[ 22%] Linking C executable ../tests_ref/ref_96_building_cube
[ 22%] Built target ref_93_normalmap_depth
[ 22%] Building C object tests/CMakeFiles/ref_97_multiple_buildings.dir/cases/test_97_multiple_buildings.c.o
[ 22%] Built target ref_94_lit_textured_sphere
[ 22%] Building C object tests/CMakeFiles/ref_98_city_block.dir/cases/test_98_city_block.c.o
[ 22%] Linking C executable ../tests_ref/ref_97_multiple_buildings
[ 22%] Built target ref_95_scene_sphere_ground
[ 22%] Building C object tests/CMakeFiles/ref_99_moving_camera.dir/cases/test_99_moving_camera.c.o
[ 22%] Linking C executable ../tests_ref/ref_98_city_block
[ 22%] Built target ref_96_building_cube
[ 22%] Building C object tests/CMakeFiles/ref_100_showcase.dir/cases/test_100_showcase.c.o
[ 22%] Linking C executable ../tests_ref/ref_99_moving_camera
[ 22%] Built target ref_97_multiple_buildings
[ 22%] Building C object tests/CMakeFiles/ref_101_begin_triangles.dir/cases/test_101_begin_triangles.c.o
[ 22%] Linking C executable ../tests_ref/ref_100_showcase
[ 22%] Linking C executable ../tests_ref/ref_101_begin_triangles
[ 22%] Built target ref_98_city_block
[ 23%] Building C object tests/CMakeFiles/ref_102_vertex_variants.dir/cases/test_102_vertex_variants.c.o
[ 23%] Built target ref_99_moving_camera
[ 23%] Building C object tests/CMakeFiles/ref_103_triangle_strip.dir/cases/test_103_triangle_strip.c.o
[ 23%] Linking C executable ../tests_ref/ref_102_vertex_variants
[ 23%] Linking C executable ../tests_ref/ref_103_triangle_strip
[ 23%] Built target ref_101_begin_triangles
[ 23%] Building C object tests/CMakeFiles/ref_104_triangle_fan.dir/cases/test_104_triangle_fan.c.o
[ 23%] Built target ref_100_showcase
[ 23%] Building C object tests/CMakeFiles/ref_105_quads_one.dir/cases/test_105_quads_one.c.o
[ 23%] Linking C executable ../tests_ref/ref_104_triangle_fan
[ 23%] Linking C executable ../tests_ref/ref_105_quads_one
[ 23%] Built target ref_102_vertex_variants
[ 23%] Built target ref_103_triangle_strip
[ 23%] Building C object tests/CMakeFiles/ref_106_quads_two.dir/cases/test_106_quads_two.c.o
[ 24%] Building C object tests/CMakeFiles/ref_107_quad_strip.dir/cases/test_107_quad_strip.c.o
[ 24%] Linking C executable ../tests_ref/ref_106_quads_two
[ 24%] Linking C executable ../tests_ref/ref_107_quad_strip
[ 24%] Built target ref_104_triangle_fan
[ 24%] Building C object tests/CMakeFiles/ref_108_polygon_hexagon.dir/cases/test_108_polygon_hexagon.c.o
[ 24%] Built target ref_105_quads_one
[ 24%] Building C object tests/CMakeFiles/ref_109_lit_triangle.dir/cases/test_109_lit_triangle.c.o
[ 24%] Linking C executable ../tests_ref/ref_108_polygon_hexagon
[ 24%] Built target ref_106_quads_two
[ 24%] Linking C executable ../tests_ref/ref_109_lit_triangle
[ 24%] Building C object tests/CMakeFiles/ref_110_textured_quad.dir/cases/test_110_textured_quad.c.o
[ 24%] Built target ref_107_quad_strip
[ 24%] Building C object tests/CMakeFiles/ref_111_multitexture_imm.dir/cases/test_111_multitexture_imm.c.o
[ 24%] Linking C executable ../tests_ref/ref_110_textured_quad
[ 24%] Built target ref_108_polygon_hexagon
[ 25%] Linking C executable ../tests_ref/ref_111_multitexture_imm
[ 25%] Building C object tests/CMakeFiles/ref_112_rectf.dir/cases/test_112_rectf.c.o
[ 25%] Linking C executable ../tests_ref/ref_112_rectf
[ 25%] Built target ref_109_lit_triangle
[ 25%] Building C object tests/CMakeFiles/ref_113_type_conversion.dir/cases/test_113_type_conversion.c.o
[ 25%] Built target ref_110_textured_quad
[ 25%] Building C object tests/CMakeFiles/ref_114_array_element.dir/cases/test_114_array_element.c.o
[ 25%] Linking C executable ../tests_ref/ref_113_type_conversion
[ 25%] Linking C executable ../tests_ref/ref_114_array_element
[ 25%] Built target ref_111_multitexture_imm
[ 25%] Building C object tests/CMakeFiles/ref_115_lit_polygon.dir/cases/test_115_lit_polygon.c.o
[ 25%] Linking C executable ../tests_ref/ref_115_lit_polygon
[ 25%] Built target ref_112_rectf
[ 25%] Building C object tests/CMakeFiles/ref_116_dlist_empty.dir/cases/test_116_dlist_empty.c.o
[ 25%] Linking C executable ../tests_ref/ref_116_dlist_empty
[ 25%] Built target ref_113_type_conversion
[ 26%] Building C object tests/CMakeFiles/ref_117_dlist_triangle.dir/cases/test_117_dlist_triangle.c.o
[ 26%] Built target ref_114_array_element
[ 26%] Building C object tests/CMakeFiles/ref_118_dlist_transform.dir/cases/test_118_dlist_transform.c.o
[ 26%] Linking C executable ../tests_ref/ref_117_dlist_triangle
[ 26%] Linking C executable ../tests_ref/ref_118_dlist_transform
[ 26%] Built target ref_115_lit_polygon
[ 26%] Building C object tests/CMakeFiles/ref_119_dlist_compile_and_execute.dir/cases/test_119_dlist_compile_and_execute.c.o
[ 26%] Built target ref_116_dlist_empty
[ 26%] Linking C executable ../tests_ref/ref_119_dlist_compile_and_execute
[ 26%] Building C object tests/CMakeFiles/ref_120_call_lists_byte.dir/cases/test_120_call_lists_byte.c.o
[ 26%] Linking C executable ../tests_ref/ref_120_call_lists_byte
[ 26%] Built target ref_117_dlist_triangle
[ 27%] Building C object tests/CMakeFiles/ref_121_nested_lists.dir/cases/test_121_nested_lists.c.o
[ 27%] Built target ref_118_dlist_transform
[ 27%] Building C object tests/CMakeFiles/ref_122_dlist_lit.dir/cases/test_122_dlist_lit.c.o
[ 27%] Linking C executable ../tests_ref/ref_121_nested_lists
[ 27%] Linking C executable ../tests_ref/ref_122_dlist_lit
[ 27%] Built target ref_119_dlist_compile_and_execute
[ 27%] Building C object tests/CMakeFiles/ref_123_dlist_texture.dir/cases/test_123_dlist_texture.c.o
[ 27%] Built target ref_120_call_lists_byte
[ 27%] Building C object tests/CMakeFiles/ref_124_dlist_vbo_draw.dir/cases/test_124_dlist_vbo_draw.c.o
[ 27%] Linking C executable ../tests_ref/ref_123_dlist_texture
[ 27%] Linking C executable ../tests_ref/ref_124_dlist_vbo_draw
[ 27%] Built target ref_122_dlist_lit
[ 27%] Built target ref_121_nested_lists
[ 27%] Building C object tests/CMakeFiles/ref_126_dlist_color_order.dir/cases/test_126_dlist_color_order.c.o
[ 27%] Building C object tests/CMakeFiles/ref_125_dlist_vbo_alloc.dir/cases/test_125_dlist_vbo_alloc.c.o
[ 28%] Linking C executable ../tests_ref/ref_126_dlist_color_order
[ 28%] Linking C executable ../tests_ref/ref_125_dlist_vbo_alloc
[ 28%] Built target ref_124_dlist_vbo_draw
[ 28%] Built target ref_123_dlist_texture
[ 28%] Building C object tests/CMakeFiles/ref_127_dlist_matrix_stack.dir/cases/test_127_dlist_matrix_stack.c.o
[ 28%] Building C object tests/CMakeFiles/ref_128_dlist_repeat_outer_mv.dir/cases/test_128_dlist_repeat_outer_mv.c.o
[ 28%] Linking C executable ../tests_ref/ref_128_dlist_repeat_outer_mv
[ 28%] Linking C executable ../tests_ref/ref_127_dlist_matrix_stack
[ 28%] Built target ref_125_dlist_vbo_alloc
[ 28%] Built target ref_126_dlist_color_order
[ 28%] Building C object tests/CMakeFiles/ref_129_dlist_id_recycle.dir/cases/test_129_dlist_id_recycle.c.o
[ 28%] Building C object tests/CMakeFiles/ref_130_call_lists_2bytes.dir/cases/test_130_call_lists_2bytes.c.o
[ 28%] Linking C executable ../tests_ref/ref_129_dlist_id_recycle
[ 28%] Linking C executable ../tests_ref/ref_130_call_lists_2bytes
[ 28%] Built target ref_128_dlist_repeat_outer_mv
[ 29%] Building C object tests/CMakeFiles/ref_131_lines_basic.dir/cases/test_131_lines_basic.c.o
[ 29%] Built target ref_127_dlist_matrix_stack
[ 29%] Linking C executable ../tests_ref/ref_131_lines_basic
[ 29%] Building C object tests/CMakeFiles/ref_132_line_strip.dir/cases/test_132_line_strip.c.o
[ 29%] Linking C executable ../tests_ref/ref_132_line_strip
[ 29%] Built target ref_129_dlist_id_recycle
[ 29%] Building C object tests/CMakeFiles/ref_133_line_loop.dir/cases/test_133_line_loop.c.o
[ 29%] Built target ref_130_call_lists_2bytes
[ 29%] Building C object tests/CMakeFiles/ref_134_line_width.dir/cases/test_134_line_width.c.o
[ 29%] Linking C executable ../tests_ref/ref_133_line_loop
[ 29%] Linking C executable ../tests_ref/ref_134_line_width
[ 29%] Built target ref_131_lines_basic
[ 29%] Building C object tests/CMakeFiles/ref_135_points_grid.dir/cases/test_135_points_grid.c.o
[ 29%] Built target ref_132_line_strip
[ 29%] Linking C executable ../tests_ref/ref_135_points_grid
[ 30%] Building C object tests/CMakeFiles/ref_136_point_size.dir/cases/test_136_point_size.c.o
[ 30%] Linking C executable ../tests_ref/ref_136_point_size
[ 30%] Built target ref_133_line_loop
[ 30%] Building C object tests/CMakeFiles/ref_137_polygon_mode_line.dir/cases/test_137_polygon_mode_line.c.o
[ 30%] Built target ref_134_line_width
[ 30%] Building C object tests/CMakeFiles/ref_138_polygon_mode_point.dir/cases/test_138_polygon_mode_point.c.o
[ 30%] Linking C executable ../tests_ref/ref_137_polygon_mode_line
[ 30%] Linking C executable ../tests_ref/ref_138_polygon_mode_point
[ 30%] Built target ref_135_points_grid
[ 30%] Building C object tests/CMakeFiles/ref_139_polygon_mode_two_faces.dir/cases/test_139_polygon_mode_two_faces.c.o
[ 30%] Built target ref_136_point_size
[ 30%] Linking C executable ../tests_ref/ref_139_polygon_mode_two_faces
[ 30%] Building C object tests/CMakeFiles/ref_140_polygon_offset.dir/cases/test_140_polygon_offset.c.o
[ 31%] Linking C executable ../tests_ref/ref_140_polygon_offset
[ 31%] Built target ref_137_polygon_mode_line
[ 31%] Building C object tests/CMakeFiles/ref_141_line_color_gradient.dir/cases/test_141_line_color_gradient.c.o
[ 31%] Built target ref_138_polygon_mode_point
[ 31%] Building C object tests/CMakeFiles/ref_142_line_perspective_depth.dir/cases/test_142_line_perspective_depth.c.o
[ 31%] Linking C executable ../tests_ref/ref_141_line_color_gradient
[ 31%] Built target ref_139_polygon_mode_two_faces
[ 31%] Linking C executable ../tests_ref/ref_142_line_perspective_depth
[ 31%] Building C object tests/CMakeFiles/ref_143_line_clip.dir/cases/test_143_line_clip.c.o
[ 31%] Built target ref_140_polygon_offset
[ 31%] Linking C executable ../tests_ref/ref_143_line_clip
[ 31%] Building C object tests/CMakeFiles/ref_144_edge_flag_polygon.dir/cases/test_144_edge_flag_polygon.c.o
[ 31%] Linking C executable ../tests_ref/ref_144_edge_flag_polygon
[ 31%] Built target ref_141_line_color_gradient
[ 31%] Building C object tests/CMakeFiles/ref_145_mixed_primitives.dir/cases/test_145_mixed_primitives.c.o
[ 31%] Built target ref_142_line_perspective_depth
[ 32%] Building C object tests/CMakeFiles/ref_146_stencil_clear.dir/cases/test_146_stencil_clear.c.o
[ 32%] Linking C executable ../tests_ref/ref_145_mixed_primitives
[ 32%] Built target ref_143_line_clip
[ 32%] Building C object tests/CMakeFiles/ref_147_stencil_mask_basic.dir/cases/test_147_stencil_mask_basic.c.o
[ 32%] Linking C executable ../tests_ref/ref_146_stencil_clear
[ 32%] Built target ref_144_edge_flag_polygon
[ 32%] Building C object tests/CMakeFiles/ref_148_stencil_incr_overlap.dir/cases/test_148_stencil_incr_overlap.c.o
[ 32%] Linking C executable ../tests_ref/ref_147_stencil_mask_basic
[ 32%] Linking C executable ../tests_ref/ref_148_stencil_incr_overlap
[ 32%] Built target ref_145_mixed_primitives
[ 32%] Building C object tests/CMakeFiles/ref_149_stencil_invert_xor.dir/cases/test_149_stencil_invert_xor.c.o
[ 32%] Built target ref_146_stencil_clear
[ 32%] Linking C executable ../tests_ref/ref_149_stencil_invert_xor
[ 33%] Building C object tests/CMakeFiles/ref_150_stencil_zfail_shadow.dir/cases/test_150_stencil_zfail_shadow.c.o
[ 33%] Built target ref_147_stencil_mask_basic
[ 33%] Building C object tests/CMakeFiles/ref_151_stencil_write_mask.dir/cases/test_151_stencil_write_mask.c.o
[ 33%] Linking C executable ../tests_ref/ref_150_stencil_zfail_shadow
[ 33%] Linking C executable ../tests_ref/ref_151_stencil_write_mask
[ 33%] Built target ref_148_stencil_incr_overlap
[ 33%] Building C object tests/CMakeFiles/ref_152_stencil_value_mask.dir/cases/test_152_stencil_value_mask.c.o
[ 33%] Linking C executable ../tests_ref/ref_152_stencil_value_mask
[ 33%] Built target ref_149_stencil_invert_xor
[ 33%] Building C object tests/CMakeFiles/ref_153_stencil_dpfail_incr.dir/cases/test_153_stencil_dpfail_incr.c.o
[ 33%] Linking C executable ../tests_ref/ref_153_stencil_dpfail_incr
[ 33%] Built target ref_150_stencil_zfail_shadow
[ 33%] Building C object tests/CMakeFiles/ref_154_stencil_portal.dir/cases/test_154_stencil_portal.c.o
[ 33%] Built target ref_151_stencil_write_mask
[ 33%] Building C object tests/CMakeFiles/ref_155_stencil_mirror.dir/cases/test_155_stencil_mirror.c.o
[ 33%] Linking C executable ../tests_ref/ref_154_stencil_portal
[ 34%] Linking C executable ../tests_ref/ref_155_stencil_mirror
[ 34%] Built target ref_152_stencil_value_mask
[ 34%] Building C object tests/CMakeFiles/ref_156_tex1d_gradient.dir/cases/test_156_tex1d_gradient.c.o
[ 34%] Linking C executable ../tests_ref/ref_156_tex1d_gradient
[ 34%] Built target ref_153_stencil_dpfail_incr
[ 34%] Building C object tests/CMakeFiles/ref_157_tex1d_lookup.dir/cases/test_157_tex1d_lookup.c.o
[ 34%] Linking C executable ../tests_ref/ref_157_tex1d_lookup
[ 34%] Built target ref_154_stencil_portal
[ 34%] Building C object tests/CMakeFiles/ref_158_tex3d_corners.dir/cases/test_158_tex3d_corners.c.o
[ 34%] Built target ref_155_stencil_mirror
[ 34%] Building C object tests/CMakeFiles/ref_159_tex3d_slices.dir/cases/test_159_tex3d_slices.c.o
[ 34%] Built target ref_156_tex1d_gradient
[ 35%] Building C object tests/CMakeFiles/ref_160_cubemap_skybox.dir/cases/test_160_cubemap_skybox.c.o
[ 35%] Linking C executable ../tests_ref/ref_158_tex3d_corners
[ 35%] Linking C executable ../tests_ref/ref_159_tex3d_slices
[ 35%] Linking C executable ../tests_ref/ref_160_cubemap_skybox
[ 35%] Built target ref_157_tex1d_lookup
[ 35%] Building C object tests/CMakeFiles/ref_161_cubemap_reflect.dir/cases/test_161_cubemap_reflect.c.o
[ 35%] Built target ref_158_tex3d_corners
[ 35%] Built target ref_160_cubemap_skybox
[ 35%] Building C object tests/CMakeFiles/ref_162_cubemap_faces.dir/cases/test_162_cubemap_faces.c.o
[ 35%] Built target ref_159_tex3d_slices
[ 35%] Building C object tests/CMakeFiles/ref_163_copy_tex_image_2d.dir/cases/test_163_copy_tex_image_2d.c.o
[ 35%] Building C object tests/CMakeFiles/ref_164_copy_tex_sub_image_2d.dir/cases/test_164_copy_tex_sub_image_2d.c.o
[ 35%] Linking C executable ../tests_ref/ref_163_copy_tex_image_2d
[ 35%] Linking C executable ../tests_ref/ref_164_copy_tex_sub_image_2d
[ 35%] Linking C executable ../tests_ref/ref_162_cubemap_faces
[ 35%] Built target ref_164_copy_tex_sub_image_2d
[ 35%] Built target ref_163_copy_tex_image_2d
[ 35%] Linking C executable ../tests_ref/ref_161_cubemap_reflect
[ 35%] Building C object tests/CMakeFiles/ref_166_tex_sub_image_3d.dir/cases/test_166_tex_sub_image_3d.c.o
[ 36%] Building C object tests/CMakeFiles/ref_165_tex_sub_image_2d.dir/cases/test_165_tex_sub_image_2d.c.o
[ 36%] Linking C executable ../tests_ref/ref_166_tex_sub_image_3d
[ 36%] Linking C executable ../tests_ref/ref_165_tex_sub_image_2d
[ 36%] Built target ref_162_cubemap_faces
[ 36%] Building C object tests/CMakeFiles/ref_167_cubemap_lit.dir/cases/test_167_cubemap_lit.c.o
[ 36%] Linking C executable ../tests_ref/ref_167_cubemap_lit
[ 36%] Built target ref_161_cubemap_reflect
[ 36%] Built target ref_166_tex_sub_image_3d
[ 36%] Building C object tests/CMakeFiles/ref_168_tex3d_trilinear.dir/cases/test_168_tex3d_trilinear.c.o
[ 36%] Building C object tests/CMakeFiles/ref_169_cube_and_2d.dir/cases/test_169_cube_and_2d.c.o
[ 36%] Built target ref_165_tex_sub_image_2d
[ 36%] Building C object tests/CMakeFiles/ref_170_all_targets.dir/cases/test_170_all_targets.c.o
[ 36%] Linking C executable ../tests_ref/ref_168_tex3d_trilinear
[ 36%] Linking C executable ../tests_ref/ref_169_cube_and_2d
[ 36%] Built target ref_167_cubemap_lit
[ 36%] Linking C executable ../tests_ref/ref_170_all_targets
[ 36%] Building C object tests/CMakeFiles/ref_171_clip_plane_y.dir/cases/test_171_clip_plane_y.c.o
[ 36%] Linking C executable ../tests_ref/ref_171_clip_plane_y
[ 36%] Built target ref_168_tex3d_trilinear
[ 36%] Building C object tests/CMakeFiles/ref_172_clip_plane_diagonal.dir/cases/test_172_clip_plane_diagonal.c.o
[ 36%] Built target ref_169_cube_and_2d
[ 36%] Building C object tests/CMakeFiles/ref_173_clip_plane_two.dir/cases/test_173_clip_plane_two.c.o
[ 36%] Linking C executable ../tests_ref/ref_172_clip_plane_diagonal
[ 36%] Linking C executable ../tests_ref/ref_173_clip_plane_two
[ 36%] Built target ref_170_all_targets
[ 36%] Building C object tests/CMakeFiles/ref_174_color_material_diffuse.dir/cases/test_174_color_material_diffuse.c.o
[ 36%] Linking C executable ../tests_ref/ref_174_color_material_diffuse
[ 36%] Built target ref_171_clip_plane_y
[ 37%] Building C object tests/CMakeFiles/ref_175_light_model_local_viewer.dir/cases/test_175_light_model_local_viewer.c.o
[ 37%] Linking C executable ../tests_ref/ref_175_light_model_local_viewer
[ 37%] Built target ref_173_clip_plane_two
[ 37%] Built target ref_172_clip_plane_diagonal
[ 37%] Building C object tests/CMakeFiles/ref_176_light_model_two_side.dir/cases/test_176_light_model_two_side.c.o
[ 37%] Building C object tests/CMakeFiles/ref_177_color_mask.dir/cases/test_177_color_mask.c.o
[ 37%] Linking C executable ../tests_ref/ref_176_light_model_two_side
[ 37%] Linking C executable ../tests_ref/ref_177_color_mask
[ 37%] Built target ref_174_color_material_diffuse
[ 37%] Building C object tests/CMakeFiles/ref_178_logic_op_xor.dir/cases/test_178_logic_op_xor.c.o
[ 37%] Linking C executable ../tests_ref/ref_178_logic_op_xor
[ 37%] Built target ref_175_light_model_local_viewer
[ 37%] Building C object tests/CMakeFiles/ref_179_logic_op_invert.dir/cases/test_179_logic_op_invert.c.o
[ 37%] Linking C executable ../tests_ref/ref_179_logic_op_invert
[ 37%] Built target ref_176_light_model_two_side
[ 37%] Built target ref_177_color_mask
[ 37%] Building C object tests/CMakeFiles/ref_180_hint_and_index_mask.dir/cases/test_180_hint_and_index_mask.c.o
[ 37%] Building C object tests/CMakeFiles/ref_181_drawpixels_rgba.dir/cases/test_181_drawpixels_rgba.c.o
[ 37%] Linking C executable ../tests_ref/ref_180_hint_and_index_mask
[ 37%] Linking C executable ../tests_ref/ref_181_drawpixels_rgba
[ 37%] Built target ref_178_logic_op_xor
[ 37%] Building C object tests/CMakeFiles/ref_182_drawpixels_luminance.dir/cases/test_182_drawpixels_luminance.c.o
[ 37%] Linking C executable ../tests_ref/ref_182_drawpixels_luminance
[ 37%] Built target ref_179_logic_op_invert
[ 37%] Building C object tests/CMakeFiles/ref_183_drawpixels_rgb_float.dir/cases/test_183_drawpixels_rgb_float.c.o
[ 37%] Built target ref_181_drawpixels_rgba
[ 37%] Building C object tests/CMakeFiles/ref_184_readpixels_echo.dir/cases/test_184_readpixels_echo.c.o
[ 37%] Linking C executable ../tests_ref/ref_183_drawpixels_rgb_float
[ 37%] Built target ref_180_hint_and_index_mask
[ 38%] Linking C executable ../tests_ref/ref_184_readpixels_echo
[ 38%] Building C object tests/CMakeFiles/ref_185_copypixels.dir/cases/test_185_copypixels.c.o
[ 38%] Built target ref_182_drawpixels_luminance
[ 38%] Linking C executable ../tests_ref/ref_185_copypixels
[ 38%] Building C object tests/CMakeFiles/ref_186_pixelzoom_2x.dir/cases/test_186_pixelzoom_2x.c.o
[ 38%] Linking C executable ../tests_ref/ref_186_pixelzoom_2x
[ 38%] Built target ref_183_drawpixels_rgb_float
[ 38%] Building C object tests/CMakeFiles/ref_187_pixelzoom_flip.dir/cases/test_187_pixelzoom_flip.c.o
[ 38%] Built target ref_184_readpixels_echo
[ 38%] Building C object tests/CMakeFiles/ref_188_unpack_alignment.dir/cases/test_188_unpack_alignment.c.o
[ 38%] Built target ref_185_copypixels
[ 38%] Linking C executable ../tests_ref/ref_187_pixelzoom_flip
[ 38%] Building C object tests/CMakeFiles/ref_189_unpack_rowlength_skip.dir/cases/test_189_unpack_rowlength_skip.c.o
[ 38%] Linking C executable ../tests_ref/ref_188_unpack_alignment
[ 38%] Linking C executable ../tests_ref/ref_189_unpack_rowlength_skip
[ 38%] Built target ref_186_pixelzoom_2x
[ 38%] Building C object tests/CMakeFiles/ref_190_rasterpos_clipped.dir/cases/test_190_rasterpos_clipped.c.o
[ 38%] Linking C executable ../tests_ref/ref_190_rasterpos_clipped
[ 38%] Built target ref_188_unpack_alignment
[ 38%] Built target ref_187_pixelzoom_flip
[ 38%] Building C object tests/CMakeFiles/ref_191_combine_interpolate.dir/cases/test_191_combine_interpolate.c.o
[ 38%] Building C object tests/CMakeFiles/ref_192_combine_subtract.dir/cases/test_192_combine_subtract.c.o
[ 38%] Linking C executable ../tests_ref/ref_191_combine_interpolate
[ 38%] Built target ref_189_unpack_rowlength_skip
[ 38%] Linking C executable ../tests_ref/ref_192_combine_subtract
[ 38%] Building C object tests/CMakeFiles/ref_193_combine_add_signed_scale.dir/cases/test_193_combine_add_signed_scale.c.o
[ 38%] Linking C executable ../tests_ref/ref_193_combine_add_signed_scale
[ 38%] Built target ref_190_rasterpos_clipped
[ 39%] Building C object tests/CMakeFiles/ref_194_combine_split_alpha.dir/cases/test_194_combine_split_alpha.c.o
[ 39%] Built target ref_192_combine_subtract
[ 39%] Built target ref_191_combine_interpolate
[ 39%] Building C object tests/CMakeFiles/ref_195_combine_dot3_rgba.dir/cases/test_195_combine_dot3_rgba.c.o
[ 39%] Building C object tests/CMakeFiles/ref_196_occlusion_samples.dir/cases/test_196_occlusion_samples.c.o
[ 39%] Linking C executable ../tests_ref/ref_194_combine_split_alpha
[ 39%] Linking C executable ../tests_ref/ref_196_occlusion_samples
[ 39%] Linking C executable ../tests_ref/ref_195_combine_dot3_rgba
[ 39%] Built target ref_193_combine_add_signed_scale
[ 39%] Building C object tests/CMakeFiles/ref_197_occlusion_any.dir/cases/test_197_occlusion_any.c.o
[ 39%] Linking C executable ../tests_ref/ref_197_occlusion_any
[ 39%] Built target ref_194_combine_split_alpha
[ 39%] Building C object tests/CMakeFiles/ref_198_map_buffer.dir/cases/test_198_map_buffer.c.o
[ 39%] Built target ref_196_occlusion_samples
[ 39%] Building C object tests/CMakeFiles/ref_199_evaluators_patch.dir/cases/test_199_evaluators_patch.c.o
[ 39%] Linking C executable ../tests_ref/ref_198_map_buffer
[ 39%] Built target ref_195_combine_dot3_rgba
[ 39%] Building C object tests/CMakeFiles/ref_200_accum_jitter.dir/cases/test_200_accum_jitter.c.o
[ 40%] Linking C executable ../tests_ref/ref_199_evaluators_patch
[ 40%] Built target ref_197_occlusion_any
[ 40%] Building C object tests/CMakeFiles/ref_201_stipple.dir/cases/test_201_stipple.c.o
[ 40%] Linking C executable ../tests_ref/ref_200_accum_jitter
[ 40%] Linking C executable ../tests_ref/ref_201_stipple
[ 40%] Built target ref_198_map_buffer
[ 40%] Building C object tests/CMakeFiles/ref_202_shadow_volume.dir/cases/test_202_shadow_volume.c.o
[ 40%] Built target ref_199_evaluators_patch
[ 40%] Building C object tests/CMakeFiles/ref_203_bump_brick.dir/cases/test_203_bump_brick.c.o
[ 40%] Built target ref_200_accum_jitter
[ 41%] Building C object tests/CMakeFiles/ref_204_lightmap_corridor.dir/cases/test_204_lightmap_corridor.c.o
[ 41%] Built target ref_201_stipple
[ 41%] Linking C executable ../tests_ref/ref_202_shadow_volume
[ 41%] Building C object tests/CMakeFiles/ref_205_chrome_sphere.dir/cases/test_205_chrome_sphere.c.o
[ 41%] Linking C executable ../tests_ref/ref_203_bump_brick
[ 41%] Linking C executable ../tests_ref/ref_204_lightmap_corridor
[ 41%] Linking C executable ../tests_ref/ref_205_chrome_sphere
[ 41%] Built target ref_202_shadow_volume
[ 41%] Building C object tests/CMakeFiles/ref_206_spot_projector.dir/cases/test_206_spot_projector.c.o
[ 41%] Built target ref_204_lightmap_corridor
[ 41%] Building C object tests/CMakeFiles/ref_207_glass_window.dir/cases/test_207_glass_window.c.o
[ 41%] Built target ref_203_bump_brick
[ 41%] Built target ref_205_chrome_sphere
[ 41%] Building C object tests/CMakeFiles/ref_208_terrain_blend.dir/cases/test_208_terrain_blend.c.o
[ 42%] Building C object tests/CMakeFiles/ref_209_particles_additive.dir/cases/test_209_particles_additive.c.o
[ 42%] Linking C executable ../tests_ref/ref_206_spot_projector
[ 42%] Linking C executable ../tests_ref/ref_207_glass_window
/home/cosmo/Git/softgl/build/diagnostics/cross-triangle-packets-default/source-root/tests/cases/test_208_terrain_blend.c: In function ‘run_test’:
/home/cosmo/Git/softgl/build/diagnostics/cross-triangle-packets-default/source-root/tests/cases/test_208_terrain_blend.c:89:13: warning: this ‘if’ clause does not guard... [-Wmisleading-indentation]
   89 |             if (a0 < 0.f) a0 = 0.f; if (a0 > 1.f) a0 = 1.f;
      |             ^~
/home/cosmo/Git/softgl/build/diagnostics/cross-triangle-packets-default/source-root/tests/cases/test_208_terrain_blend.c:89:37: note: ...this statement, but the latter is misleadingly indented as if it were guarded by the ‘if’
   89 |             if (a0 < 0.f) a0 = 0.f; if (a0 > 1.f) a0 = 1.f;
      |                                     ^~
/home/cosmo/Git/softgl/build/diagnostics/cross-triangle-packets-default/source-root/tests/cases/test_208_terrain_blend.c:90:13: warning: this ‘if’ clause does not guard... [-Wmisleading-indentation]
   90 |             if (a1 < 0.f) a1 = 0.f; if (a1 > 1.f) a1 = 1.f;
      |             ^~
/home/cosmo/Git/softgl/build/diagnostics/cross-triangle-packets-default/source-root/tests/cases/test_208_terrain_blend.c:90:37: note: ...this statement, but the latter is misleadingly indented as if it were guarded by the ‘if’
   90 |             if (a1 < 0.f) a1 = 0.f; if (a1 > 1.f) a1 = 1.f;
      |                                     ^~
[ 42%] Linking C executable ../tests_ref/ref_208_terrain_blend
[ 42%] Linking C executable ../tests_ref/ref_209_particles_additive
[ 42%] Built target ref_206_spot_projector
[ 42%] Building C object tests/CMakeFiles/ref_210_portal_rooms.dir/cases/test_210_portal_rooms.c.o
[ 42%] Built target ref_207_glass_window
[ 42%] Building C object tests/CMakeFiles/ref_211_billboard_trees.dir/cases/test_211_billboard_trees.c.o
[ 42%] Built target ref_209_particles_additive
[ 42%] Building C object tests/CMakeFiles/ref_212_skybox_sun.dir/cases/test_212_skybox_sun.c.o
[ 42%] Built target ref_208_terrain_blend
[ 42%] Linking C executable ../tests_ref/ref_210_portal_rooms
[ 42%] Building C object tests/CMakeFiles/ref_213_lens_flare.dir/cases/test_213_lens_flare.c.o
[ 42%] Linking C executable ../tests_ref/ref_212_skybox_sun
[ 42%] Linking C executable ../tests_ref/ref_211_billboard_trees
[ 43%] Linking C executable ../tests_ref/ref_213_lens_flare
[ 43%] Built target ref_210_portal_rooms
[ 43%] Building C object tests/CMakeFiles/ref_214_decal_stencil.dir/cases/test_214_decal_stencil.c.o
[ 43%] Built target ref_211_billboard_trees
[ 43%] Built target ref_213_lens_flare
[ 43%] Building C object tests/CMakeFiles/ref_215_crt_emissive.dir/cases/test_215_crt_emissive.c.o
[ 43%] Built target ref_212_skybox_sun
[ 43%] Building C object tests/CMakeFiles/ref_216_water_surface.dir/cases/test_216_water_surface.c.o
[ 43%] Building C object tests/CMakeFiles/ref_217_dot3_multipass_fog.dir/cases/test_217_dot3_multipass_fog.c.o
[ 43%] Linking C executable ../tests_ref/ref_214_decal_stencil
[ 43%] Linking C executable ../tests_ref/ref_216_water_surface
[ 43%] Linking C executable ../tests_ref/ref_215_crt_emissive
[ 43%] Linking C executable ../tests_ref/ref_217_dot3_multipass_fog
[ 43%] Built target ref_214_decal_stencil
[ 43%] Building C object tests/CMakeFiles/ref_218_worker_single_triangle.dir/cases/test_218_worker_single_triangle.c.o
[ 43%] Built target ref_215_crt_emissive
[ 43%] Built target ref_216_water_surface
[ 44%] Building C object tests/CMakeFiles/ref_219_normal_matrix_batches.dir/cases/test_219_normal_matrix_batches.c.o
[ 44%] Building C object tests/CMakeFiles/ref_220_texture_linear_fog.dir/cases/test_220_texture_linear_fog.c.o
[ 44%] Linking C executable ../tests_ref/ref_218_worker_single_triangle
[ 44%] Linking C executable ../tests_ref/ref_219_normal_matrix_batches
[ 44%] Linking C executable ../tests_ref/ref_220_texture_linear_fog
[ 44%] Built target ref_217_dot3_multipass_fog
[ 44%] Building C object tests/CMakeFiles/ref_221_texture_state_batches.dir/cases/test_221_texture_state_batches.c.o
[ 44%] Linking C executable ../tests_ref/ref_221_texture_state_batches
[ 44%] Built target ref_218_worker_single_triangle
[ 44%] Building C object tests/CMakeFiles/ref_222_worker_quad_boundaries.dir/cases/test_222_worker_quad_boundaries.c.o
[ 44%] Built target ref_220_texture_linear_fog
[ 45%] Building C object tests/CMakeFiles/ref_223_parallel_vertex_projection.dir/cases/test_223_parallel_vertex_projection.c.o
[ 45%] Built target ref_219_normal_matrix_batches
[ 45%] Building C object tests/CMakeFiles/ref_224_parallel_occlusion_queries.dir/cases/test_224_parallel_occlusion_queries.c.o
[ 45%] Linking C executable ../tests_ref/ref_222_worker_quad_boundaries
[ 45%] Linking C executable ../tests_ref/ref_223_parallel_vertex_projection
[ 45%] Linking C executable ../tests_ref/ref_224_parallel_occlusion_queries
[ 45%] Built target ref_221_texture_state_batches
[ 45%] Building C object tests/CMakeFiles/ref_225_transformed_bin_lifetime.dir/cases/test_225_transformed_bin_lifetime.c.o
[ 45%] Built target ref_222_worker_quad_boundaries
[ 45%] Building C object tests/CMakeFiles/ref_226_parallel_pool_queries.dir/cases/test_226_parallel_pool_queries.c.o
[ 45%] Built target ref_223_parallel_vertex_projection
[ 45%] Linking C executable ../tests_ref/ref_225_transformed_bin_lifetime
[ 45%] Building C object tests/CMakeFiles/ref_227_simd_color_rounding.dir/cases/test_227_simd_color_rounding.c.o
[ 45%] Built target ref_224_parallel_occlusion_queries
[ 45%] Building C object tests/CMakeFiles/ref_228_texture_repeat_coordinates.dir/cases/test_228_texture_repeat_coordinates.c.o
[ 45%] Linking C executable ../tests_ref/ref_227_simd_color_rounding
[ 45%] Linking C executable ../tests_ref/ref_226_parallel_pool_queries
[ 46%] Linking C executable ../tests_ref/ref_228_texture_repeat_coordinates
[ 46%] Built target ref_225_transformed_bin_lifetime
[ 46%] Building C object tests/CMakeFiles/ref_229_scalar_early_depth.dir/cases/test_229_scalar_early_depth.c.o
[ 46%] Built target ref_227_simd_color_rounding
[ 46%] Building C object tests/CMakeFiles/ref_230_combiner_sampling_dependencies.dir/cases/test_230_combiner_sampling_dependencies.c.o
[ 46%] Linking C executable ../tests_ref/ref_229_scalar_early_depth
[ 46%] Built target ref_226_parallel_pool_queries
[ 46%] Building C object tests/CMakeFiles/ref_231_order_sensitive_sorting.dir/cases/test_231_order_sensitive_sorting.c.o
[ 46%] Linking C executable ../tests_ref/ref_231_order_sensitive_sorting
[ 46%] Built target ref_228_texture_repeat_coordinates
[ 46%] Linking C executable ../tests_ref/ref_230_combiner_sampling_dependencies
[ 46%] Building C object tests/CMakeFiles/ref_232_combiner_operand_channels.dir/cases/test_232_combiner_operand_channels.c.o
[ 46%] Linking C executable ../tests_ref/ref_232_combiner_operand_channels
[ 46%] Built target ref_229_scalar_early_depth
[ 47%] Building C object tests/CMakeFiles/ref_233_large_query_handoffs.dir/cases/test_233_large_query_handoffs.c.o
[ 47%] Built target ref_231_order_sensitive_sorting
[ 47%] Building C object tests/CMakeFiles/ref_234_multisample_state.dir/cases/test_234_multisample_state.c.o
[ 47%] Built target ref_230_combiner_sampling_dependencies
[ 47%] Building C object tests/CMakeFiles/ref_tank_view_0.dir/bench/tank_image.c.o
[ 47%] Linking C executable ../tests_ref/ref_233_large_query_handoffs
[ 47%] Linking C executable ../tests_ref/ref_234_multisample_state
[ 47%] Linking C executable ref_tank_view_0
[ 47%] Built target ref_232_combiner_operand_channels
[ 47%] Building C object tests/CMakeFiles/ref_tank_view_120.dir/bench/tank_image.c.o
[ 47%] Linking C executable ref_tank_view_120
[ 47%] Built target ref_234_multisample_state
[ 47%] Building C object tests/CMakeFiles/ref_tank_view_240.dir/bench/tank_image.c.o
[ 47%] Built target ref_233_large_query_handoffs
[ 47%] Building C object tests/CMakeFiles/ref_bmw_view_0.dir/bench/model_image.c.o
[ 47%] Linking C executable ref_tank_view_240
[ 47%] Built target ref_tank_view_0
[ 47%] Linking C executable ref_bmw_view_0
[ 48%] Building C object tests/CMakeFiles/ref_bmw_view_120.dir/bench/model_image.c.o
[ 48%] Built target ref_tank_view_120
[ 48%] Building C object tests/CMakeFiles/ref_bmw_view_240.dir/bench/model_image.c.o
[ 48%] Linking C executable ref_bmw_view_120
[ 48%] Linking C executable ref_bmw_view_240
[ 48%] Built target ref_tank_view_240
[ 48%] Building C object tests/CMakeFiles/index_range_contract.dir/index_range.c.o
[ 48%] Built target ref_bmw_view_0
[ 48%] Building C object tests/CMakeFiles/cross_triangle_packets_contract.dir/cross_triangle_packets.c.o
[ 48%] Built target ref_bmw_view_120
[ 48%] Building C object tests/CMakeFiles/cross_triangle_packets_contract.dir/__/libsoftgl/src/rasterizer.c.o
[ 48%] Built target ref_bmw_view_240
[ 48%] Linking C executable index_range_contract
[ 48%] Building C object tests/CMakeFiles/cross_triangle_packets_contract.dir/__/libsoftgl/src/fragment.c.o
[ 48%] Built target index_range_contract
[ 48%] Building C object tests/CMakeFiles/cross_triangle_packets_contract.dir/__/libsoftgl/src/fragment_combine.c.o
[ 48%] Building C object tests/CMakeFiles/cross_triangle_packets_production_contract.dir/cross_triangle_packets.c.o
[ 48%] Building C object tests/CMakeFiles/worker_pool.dir/worker_pool.c.o
[ 48%] Linking C executable cross_triangle_packets_production_contract
[ 48%] Built target cross_triangle_packets_production_contract
[ 48%] Building C object tests/CMakeFiles/multisample_contract.dir/multisample.c.o
[ 49%] Linking C executable worker_pool
[ 49%] Built target worker_pool
[ 49%] Building C object tests/CMakeFiles/msaa_store_contract.dir/msaa_store.c.o
[ 49%] Building C object tests/CMakeFiles/hierarchical_depth_contract.dir/hierarchical_depth.c.o
[ 49%] Linking C executable multisample_contract
[ 49%] Built target multisample_contract
[ 49%] Building C object tests/CMakeFiles/msaa_edge_contract.dir/msaa_edges.c.o
[ 50%] Linking C executable msaa_edge_contract
/usr/bin/ld: ../libsoftgl/libsoftgl.a(rasterizer.c.o): in function `sg_raster_line_impl':
rasterizer.c:(.text+0xcc0): multiple definition of `sg_raster_line_impl'; CMakeFiles/msaa_edge_instrumented.dir/__/libsoftgl/src/rasterizer.c.o:rasterizer.c:(.text+0xca0): first defined here
/usr/bin/ld: ../libsoftgl/libsoftgl.a(rasterizer.c.o): in function `sg_raster_point_impl':
rasterizer.c:(.text+0x1810): multiple definition of `sg_raster_point_impl'; CMakeFiles/msaa_edge_instrumented.dir/__/libsoftgl/src/rasterizer.c.o:rasterizer.c:(.text+0x17f0): first defined here
/usr/bin/ld: ../libsoftgl/libsoftgl.a(rasterizer.c.o): in function `sg_packet_sample_cube_coherent':
rasterizer.c:(.text+0x2020): multiple definition of `sg_packet_sample_cube_coherent'; CMakeFiles/msaa_edge_instrumented.dir/__/libsoftgl/src/rasterizer.c.o:rasterizer.c:(.text+0x2000): first defined here
/usr/bin/ld: ../libsoftgl/libsoftgl.a(rasterizer.c.o): in function `sg_packet_sample_cube_target':
rasterizer.c:(.text+0x3270): multiple definition of `sg_packet_sample_cube_target'; CMakeFiles/msaa_edge_instrumented.dir/__/libsoftgl/src/rasterizer.c.o:rasterizer.c:(.text+0x3250): first defined here
/usr/bin/ld: ../libsoftgl/libsoftgl.a(rasterizer.c.o): in function `sg_raster_triangle_tile_prepared':
rasterizer.c:(.text+0x32680): multiple definition of `sg_raster_triangle_tile_prepared'; CMakeFiles/msaa_edge_instrumented.dir/__/libsoftgl/src/rasterizer.c.o:rasterizer.c:(.text+0x2d230): first defined here
/usr/bin/ld: ../libsoftgl/libsoftgl.a(rasterizer.c.o): in function `sg_raster_triangle_tile':
rasterizer.c:(.text+0x3cb80): multiple definition of `sg_raster_triangle_tile'; CMakeFiles/msaa_edge_instrumented.dir/__/libsoftgl/src/rasterizer.c.o:rasterizer.c:(.text+0x37750): first defined here
/usr/bin/ld: ../libsoftgl/libsoftgl.a(rasterizer.c.o): in function `sg_raster_triangle':
rasterizer.c:(.text+0x3cbf0): multiple definition of `sg_raster_triangle'; CMakeFiles/msaa_edge_instrumented.dir/__/libsoftgl/src/rasterizer.c.o:rasterizer.c:(.text+0x377c0): first defined here
[ 50%] Linking C executable msaa_store_contract
collect2: error: ld returned 1 exit status
gmake[2]: *** [tests/CMakeFiles/msaa_edge_contract.dir/build.make:104: tests/msaa_edge_contract] Error 1
gmake[1]: *** [CMakeFiles/Makefile2:1879: tests/CMakeFiles/msaa_edge_contract.dir/all] Error 2
gmake[1]: *** Waiting for unfinished jobs....
[ 50%] Built target msaa_store_contract
[ 50%] Linking C executable hierarchical_depth_contract
[ 50%] Built target hierarchical_depth_contract
[ 51%] Linking C executable cross_triangle_packets_contract
[ 51%] Built target cross_triangle_packets_contract
gmake: *** [Makefile:101: all] Error 2
