Quiet-host audit passed: /home/cosmo/Git/softgl/build/diagnostics/raster-mode-entry/timings/raster-mode-entry-ms0-audit-1-pair-1.json attempt 1
raster-mode-entry-ms0: audit 1, pair 1 verified
Quiet-host audit passed: /home/cosmo/Git/softgl/build/diagnostics/raster-mode-entry/timings/raster-mode-entry-ms0-audit-1-pair-2.json attempt 1
raster-mode-entry-ms0: audit 1, pair 2 verified
Quiet-host audit passed: /home/cosmo/Git/softgl/build/diagnostics/raster-mode-entry/timings/raster-mode-entry-ms0-audit-1-pair-3.json attempt 1
raster-mode-entry-ms0: audit 1, pair 3 verified
Quiet-host audit passed: /home/cosmo/Git/softgl/build/diagnostics/raster-mode-entry/timings/raster-mode-entry-ms0-audit-2-pair-1.json attempt 1
raster-mode-entry-ms0: audit 2, pair 1 verified
Quiet-host audit passed: /home/cosmo/Git/softgl/build/diagnostics/raster-mode-entry/timings/raster-mode-entry-ms0-audit-2-pair-2.json attempt 1
raster-mode-entry-ms0: audit 2, pair 2 verified
Quiet-host audit passed: /home/cosmo/Git/softgl/build/diagnostics/raster-mode-entry/timings/raster-mode-entry-ms0-audit-2-pair-3.json attempt 1
raster-mode-entry-ms0: audit 2, pair 3 verified
Quiet-host audit passed: /home/cosmo/Git/softgl/build/diagnostics/raster-mode-entry/timings/raster-mode-entry-ms2-audit-1-pair-1.json attempt 1
raster-mode-entry-ms2: audit 1, pair 1 verified
Quiet-host audit passed: /home/cosmo/Git/softgl/build/diagnostics/raster-mode-entry/timings/raster-mode-entry-ms2-audit-1-pair-2.json attempt 1
raster-mode-entry-ms2: audit 1, pair 2 verified
Quiet-host audit passed: /home/cosmo/Git/softgl/build/diagnostics/raster-mode-entry/timings/raster-mode-entry-ms2-audit-1-pair-3.json attempt 1
raster-mode-entry-ms2: audit 1, pair 3 verified
Quiet-host audit passed: /home/cosmo/Git/softgl/build/diagnostics/raster-mode-entry/timings/raster-mode-entry-ms2-audit-2-pair-1.json attempt 1
raster-mode-entry-ms2: audit 2, pair 1 verified
Quiet-host audit passed: /home/cosmo/Git/softgl/build/diagnostics/raster-mode-entry/timings/raster-mode-entry-ms2-audit-2-pair-2.json attempt 1
raster-mode-entry-ms2: audit 2, pair 2 verified
Quiet-host audit passed: /home/cosmo/Git/softgl/build/diagnostics/raster-mode-entry/timings/raster-mode-entry-ms2-audit-2-pair-3.json attempt 1
raster-mode-entry-ms2: audit 2, pair 3 verified
Quiet-host audit passed: /home/cosmo/Git/softgl/build/diagnostics/raster-mode-entry/timings/raster-mode-entry-audit-1-pair-1.json attempt 1
raster-mode-entry: audit 1, pair 1 verified
Quiet-host audit passed: /home/cosmo/Git/softgl/build/diagnostics/raster-mode-entry/timings/raster-mode-entry-audit-1-pair-2.json attempt 1
raster-mode-entry: audit 1, pair 2 verified
Quiet-host audit passed: /home/cosmo/Git/softgl/build/diagnostics/raster-mode-entry/timings/raster-mode-entry-audit-1-pair-3.json attempt 1
raster-mode-entry: audit 1, pair 3 verified
Quiet-host audit passed: /home/cosmo/Git/softgl/build/diagnostics/raster-mode-entry/timings/raster-mode-entry-audit-2-pair-1.json attempt 1
raster-mode-entry: audit 2, pair 1 verified
Quiet-host audit passed: /home/cosmo/Git/softgl/build/diagnostics/raster-mode-entry/timings/raster-mode-entry-audit-2-pair-2.json attempt 1
raster-mode-entry: audit 2, pair 2 verified
Quiet-host audit passed: /home/cosmo/Git/softgl/build/diagnostics/raster-mode-entry/timings/raster-mode-entry-audit-2-pair-3.json attempt 1
raster-mode-entry: audit 2, pair 3 verified
/home/cosmo/Git/softgl/build/diagnostics/raster-mode-entry/timings/raster-mode-entry-results.json
All eighteen predeclared paired comparisons complete
