[100%] Built target softgl
[100%] Building C object tests/CMakeFiles/cross_triangle_packets_production_contract.dir/cross_triangle_packets.c.o
In file included from /home/cosmo/Git/softgl/build/diagnostics/cross-triangle-packets/source-root/tests/cross_triangle_packets.c:2:
/home/cosmo/Git/softgl/build/diagnostics/cross-triangle-packets/source-root/libsoftgl/src/simd.h:214:6: error: #error "softgl requires SSE4.1 (native) or wasm_simd128 (Emscripten)."
  214 |     #error "softgl requires SSE4.1 (native) or wasm_simd128 (Emscripten)."
      |      ^~~~~
In file included from /home/cosmo/Git/softgl/build/diagnostics/cross-triangle-packets/source-root/tests/cross_triangle_packets.c:4:
/home/cosmo/Git/softgl/build/diagnostics/cross-triangle-packets/source-root/libsoftgl/src/frag_combine_hot.h:39:11: error: unknown type name ‘sg_f32x4’
   39 | SG_INLINE sg_f32x4 sg_chain_clamp(sg_f32x4 v) {
      |           ^~~~~~~~
/home/cosmo/Git/softgl/build/diagnostics/cross-triangle-packets/source-root/libsoftgl/src/frag_combine_hot.h:39:35: error: unknown type name ‘sg_f32x4’
   39 | SG_INLINE sg_f32x4 sg_chain_clamp(sg_f32x4 v) {
      |                                   ^~~~~~~~
/home/cosmo/Git/softgl/build/diagnostics/cross-triangle-packets/source-root/libsoftgl/src/frag_combine_hot.h: In function ‘sg_dot3_chain_shade’:
/home/cosmo/Git/softgl/build/diagnostics/cross-triangle-packets/source-root/libsoftgl/src/frag_combine_hot.h:60:5: error: unknown type name ‘sg_f32x4’
   60 |     sg_f32x4 color = sg_f32x4_splat(sg_clampf(d, 0.f, 1.f));
      |     ^~~~~~~~
/home/cosmo/Git/softgl/build/diagnostics/cross-triangle-packets/source-root/libsoftgl/src/frag_combine_hot.h:60:22: error: implicit declaration of function ‘sg_f32x4_splat’ [-Wimplicit-function-declaration]
   60 |     sg_f32x4 color = sg_f32x4_splat(sg_clampf(d, 0.f, 1.f));
      |                      ^~~~~~~~~~~~~~
/home/cosmo/Git/softgl/build/diagnostics/cross-triangle-packets/source-root/libsoftgl/src/frag_combine_hot.h:62:28: error: implicit declaration of function ‘sg_f32x4_add’ [-Wimplicit-function-declaration]
   62 |     if (kind == 1) color = sg_f32x4_add(color, sg_f32x4_load(env[1].env_color));
      |                            ^~~~~~~~~~~~
/home/cosmo/Git/softgl/build/diagnostics/cross-triangle-packets/source-root/libsoftgl/src/frag_combine_hot.h:62:48: error: implicit declaration of function ‘sg_f32x4_load’ [-Wimplicit-function-declaration]
   62 |     if (kind == 1) color = sg_f32x4_add(color, sg_f32x4_load(env[1].env_color));
      |                                                ^~~~~~~~~~~~~
/home/cosmo/Git/softgl/build/diagnostics/cross-triangle-packets/source-root/libsoftgl/src/frag_combine_hot.h:63:18: error: implicit declaration of function ‘sg_f32x4_mul’; did you mean ‘sg_mat4_mul’? [-Wimplicit-function-declaration]
   63 |     else color = sg_f32x4_mul(color, color);
      |                  ^~~~~~~~~~~~
      |                  sg_mat4_mul
/home/cosmo/Git/softgl/build/diagnostics/cross-triangle-packets/source-root/libsoftgl/src/frag_combine_hot.h:64:13: error: implicit declaration of function ‘sg_chain_clamp’ [-Wimplicit-function-declaration]
   64 |     color = sg_chain_clamp(color);
      |             ^~~~~~~~~~~~~~
/home/cosmo/Git/softgl/build/diagnostics/cross-triangle-packets/source-root/libsoftgl/src/frag_combine_hot.h:74:5: error: implicit declaration of function ‘sg_f32x4_store’ [-Wimplicit-function-declaration]
   74 |     sg_f32x4_store(out, sg_chain_clamp(color));
      |     ^~~~~~~~~~~~~~
In file included from /home/cosmo/Git/softgl/build/diagnostics/cross-triangle-packets/source-root/tests/cross_triangle_packets.c:5:
/home/cosmo/Git/softgl/build/diagnostics/cross-triangle-packets/source-root/libsoftgl/src/frag_packet.h: At top level:
/home/cosmo/Git/softgl/build/diagnostics/cross-triangle-packets/source-root/libsoftgl/src/frag_packet.h:8:20: error: unknown type name ‘sg_f32x4’
    8 |     unsigned live, sg_f32x4 out[4]);
      |                    ^~~~~~~~
/home/cosmo/Git/softgl/build/diagnostics/cross-triangle-packets/source-root/libsoftgl/src/frag_packet.h:11:5: error: unknown type name ‘sg_f32x4’
   11 |     sg_f32x4 x, sg_f32x4 y, sg_f32x4 z, unsigned live, sg_f32x4 out[4]);
      |     ^~~~~~~~
/home/cosmo/Git/softgl/build/diagnostics/cross-triangle-packets/source-root/libsoftgl/src/frag_packet.h:11:17: error: unknown type name ‘sg_f32x4’
   11 |     sg_f32x4 x, sg_f32x4 y, sg_f32x4 z, unsigned live, sg_f32x4 out[4]);
      |                 ^~~~~~~~
/home/cosmo/Git/softgl/build/diagnostics/cross-triangle-packets/source-root/libsoftgl/src/frag_packet.h:11:29: error: unknown type name ‘sg_f32x4’
   11 |     sg_f32x4 x, sg_f32x4 y, sg_f32x4 z, unsigned live, sg_f32x4 out[4]);
      |                             ^~~~~~~~
/home/cosmo/Git/softgl/build/diagnostics/cross-triangle-packets/source-root/libsoftgl/src/frag_packet.h:11:56: error: unknown type name ‘sg_f32x4’
   11 |     sg_f32x4 x, sg_f32x4 y, sg_f32x4 z, unsigned live, sg_f32x4 out[4]);
      |                                                        ^~~~~~~~
/home/cosmo/Git/softgl/build/diagnostics/cross-triangle-packets/source-root/libsoftgl/src/frag_packet.h:13:11: error: unknown type name ‘sg_f32x4’
   13 | SG_INLINE sg_f32x4 sg_packet_lerp(float a, float b, float d,
      |           ^~~~~~~~
/home/cosmo/Git/softgl/build/diagnostics/cross-triangle-packets/source-root/libsoftgl/src/frag_packet.h:14:35: error: unknown type name ‘sg_f32x4’
   14 |                                   sg_f32x4 w0, sg_f32x4 w1, sg_f32x4 w2,
      |                                   ^~~~~~~~
/home/cosmo/Git/softgl/build/diagnostics/cross-triangle-packets/source-root/libsoftgl/src/frag_packet.h:14:48: error: unknown type name ‘sg_f32x4’
   14 |                                   sg_f32x4 w0, sg_f32x4 w1, sg_f32x4 w2,
      |                                                ^~~~~~~~
/home/cosmo/Git/softgl/build/diagnostics/cross-triangle-packets/source-root/libsoftgl/src/frag_packet.h:14:61: error: unknown type name ‘sg_f32x4’
   14 |                                   sg_f32x4 w0, sg_f32x4 w1, sg_f32x4 w2,
      |                                                             ^~~~~~~~
/home/cosmo/Git/softgl/build/diagnostics/cross-triangle-packets/source-root/libsoftgl/src/frag_packet.h:15:35: error: unknown type name ‘sg_f32x4’
   15 |                                   sg_f32x4 inverse) {
      |                                   ^~~~~~~~
/home/cosmo/Git/softgl/build/diagnostics/cross-triangle-packets/source-root/libsoftgl/src/frag_packet.h:22:11: error: unknown type name ‘sg_f32x4’
   22 | SG_INLINE sg_f32x4 sg_packet_wrap(sg_f32x4 v, GLenum wrap) {
      |           ^~~~~~~~
/home/cosmo/Git/softgl/build/diagnostics/cross-triangle-packets/source-root/libsoftgl/src/frag_packet.h:22:35: error: unknown type name ‘sg_f32x4’
   22 | SG_INLINE sg_f32x4 sg_packet_wrap(sg_f32x4 v, GLenum wrap) {
      |                                   ^~~~~~~~
/home/cosmo/Git/softgl/build/diagnostics/cross-triangle-packets/source-root/libsoftgl/src/frag_packet.h:39:11: error: unknown type name ‘sg_i32x4’
   39 | SG_INLINE sg_i32x4 sg_packet_address4(sg_i32x4 x, int size, GLenum wrap, int pot_mask) {
      |           ^~~~~~~~
/home/cosmo/Git/softgl/build/diagnostics/cross-triangle-packets/source-root/libsoftgl/src/frag_packet.h:39:39: error: unknown type name ‘sg_i32x4’
   39 | SG_INLINE sg_i32x4 sg_packet_address4(sg_i32x4 x, int size, GLenum wrap, int pot_mask) {
      |                                       ^~~~~~~~
/home/cosmo/Git/softgl/build/diagnostics/cross-triangle-packets/source-root/libsoftgl/src/frag_packet.h:51:11: error: unknown type name ‘sg_i32x4’
   51 | SG_INLINE sg_i32x4 sg_packet_gather(const uint8_t *data, const int address[4],
      |           ^~~~~~~~
/home/cosmo/Git/softgl/build/diagnostics/cross-triangle-packets/source-root/libsoftgl/src/frag_packet.h: In function ‘sg_packet_gather’:
/home/cosmo/Git/softgl/build/diagnostics/cross-triangle-packets/source-root/libsoftgl/src/frag_packet.h:59:16: error: implicit declaration of function ‘sg_i32x4_set’ [-Wimplicit-function-declaration]
   59 |         return sg_i32x4_set((int32_t)rgba[0], (int32_t)rgba[1],
      |                ^~~~~~~~~~~~
/home/cosmo/Git/softgl/build/diagnostics/cross-triangle-packets/source-root/libsoftgl/src/frag_packet.h: At top level:
/home/cosmo/Git/softgl/build/diagnostics/cross-triangle-packets/source-root/libsoftgl/src/frag_packet.h:72:40: error: unknown type name ‘sg_i32x4’
   72 |                                        sg_i32x4 *left, sg_i32x4 *right) {
      |                                        ^~~~~~~~
/home/cosmo/Git/softgl/build/diagnostics/cross-triangle-packets/source-root/libsoftgl/src/frag_packet.h:72:56: error: unknown type name ‘sg_i32x4’
   72 |                                        sg_i32x4 *left, sg_i32x4 *right) {
      |                                                        ^~~~~~~~
/home/cosmo/Git/softgl/build/diagnostics/cross-triangle-packets/source-root/libsoftgl/src/frag_packet.h:84:11: error: unknown type name ‘sg_i32x4’
   84 | SG_INLINE sg_i32x4 sg_packet_pairs(sg_i32x4 a, sg_i32x4 b) {
      |           ^~~~~~~~
/home/cosmo/Git/softgl/build/diagnostics/cross-triangle-packets/source-root/libsoftgl/src/frag_packet.h:84:36: error: unknown type name ‘sg_i32x4’
   84 | SG_INLINE sg_i32x4 sg_packet_pairs(sg_i32x4 a, sg_i32x4 b) {
      |                                    ^~~~~~~~
/home/cosmo/Git/softgl/build/diagnostics/cross-triangle-packets/source-root/libsoftgl/src/frag_packet.h:84:48: error: unknown type name ‘sg_i32x4’
   84 | SG_INLINE sg_i32x4 sg_packet_pairs(sg_i32x4 a, sg_i32x4 b) {
      |                                                ^~~~~~~~
/home/cosmo/Git/softgl/build/diagnostics/cross-triangle-packets/source-root/libsoftgl/src/frag_packet.h:90:37: error: unknown type name ‘sg_f32x4’
   90 |                                     sg_f32x4 x, sg_f32x4 y,
      |                                     ^~~~~~~~
/home/cosmo/Git/softgl/build/diagnostics/cross-triangle-packets/source-root/libsoftgl/src/frag_packet.h:90:49: error: unknown type name ‘sg_f32x4’
   90 |                                     sg_f32x4 x, sg_f32x4 y,
      |                                                 ^~~~~~~~
/home/cosmo/Git/softgl/build/diagnostics/cross-triangle-packets/source-root/libsoftgl/src/frag_packet.h:92:37: error: unknown type name ‘sg_f32x4’
   92 |                                     sg_f32x4 out[4]) {
      |                                     ^~~~~~~~
/home/cosmo/Git/softgl/build/diagnostics/cross-triangle-packets/source-root/libsoftgl/src/frag_packet.h:172:39: error: unknown type name ‘sg_f32x4’
  172 |                                       sg_f32x4 w0, sg_f32x4 w1, sg_f32x4 w2,
      |                                       ^~~~~~~~
/home/cosmo/Git/softgl/build/diagnostics/cross-triangle-packets/source-root/libsoftgl/src/frag_packet.h:172:52: error: unknown type name ‘sg_f32x4’
  172 |                                       sg_f32x4 w0, sg_f32x4 w1, sg_f32x4 w2,
      |                                                    ^~~~~~~~
/home/cosmo/Git/softgl/build/diagnostics/cross-triangle-packets/source-root/libsoftgl/src/frag_packet.h:172:65: error: unknown type name ‘sg_f32x4’
  172 |                                       sg_f32x4 w0, sg_f32x4 w1, sg_f32x4 w2,
      |                                                                 ^~~~~~~~
/home/cosmo/Git/softgl/build/diagnostics/cross-triangle-packets/source-root/libsoftgl/src/frag_packet.h:173:39: error: unknown type name ‘sg_f32x4’
  173 |                                       sg_f32x4 inverse, unsigned live, int integer_filter,
      |                                       ^~~~~~~~
/home/cosmo/Git/softgl/build/diagnostics/cross-triangle-packets/source-root/libsoftgl/src/frag_packet.h:174:39: error: unknown type name ‘sg_f32x4’
  174 |                                       sg_f32x4 out[4]) {
      |                                       ^~~~~~~~
/home/cosmo/Git/softgl/build/diagnostics/cross-triangle-packets/source-root/libsoftgl/src/frag_packet.h: In function ‘sg_shade_packet’:
/home/cosmo/Git/softgl/build/diagnostics/cross-triangle-packets/source-root/libsoftgl/src/frag_packet.h:221:5: error: unknown type name ‘sg_f32x4’
  221 |     sg_f32x4 b0 = sg_f32x4_mul(sg_f32x4_set((float)edge0[0], (float)edge0[1],
      |     ^~~~~~~~
/home/cosmo/Git/softgl/build/diagnostics/cross-triangle-packets/source-root/libsoftgl/src/frag_packet.h:221:32: error: implicit declaration of function ‘sg_f32x4_set’ [-Wimplicit-function-declaration]
  221 |     sg_f32x4 b0 = sg_f32x4_mul(sg_f32x4_set((float)edge0[0], (float)edge0[1],
      |                                ^~~~~~~~~~~~
/home/cosmo/Git/softgl/build/diagnostics/cross-triangle-packets/source-root/libsoftgl/src/frag_packet.h:223:5: error: unknown type name ‘sg_f32x4’
  223 |     sg_f32x4 b1 = sg_f32x4_mul(sg_f32x4_set((float)edge1[0], (float)edge1[1],
      |     ^~~~~~~~
/home/cosmo/Git/softgl/build/diagnostics/cross-triangle-packets/source-root/libsoftgl/src/frag_packet.h:225:5: error: unknown type name ‘sg_f32x4’
  225 |     sg_f32x4 b2 = sg_f32x4_sub(sg_f32x4_sub(sg_f32x4_splat(1.f), b0), b1);
      |     ^~~~~~~~
/home/cosmo/Git/softgl/build/diagnostics/cross-triangle-packets/source-root/libsoftgl/src/frag_packet.h:225:19: error: implicit declaration of function ‘sg_f32x4_sub’ [-Wimplicit-function-declaration]
  225 |     sg_f32x4 b2 = sg_f32x4_sub(sg_f32x4_sub(sg_f32x4_splat(1.f), b0), b1);
      |                   ^~~~~~~~~~~~
/home/cosmo/Git/softgl/build/diagnostics/cross-triangle-packets/source-root/libsoftgl/src/frag_packet.h:226:5: error: unknown type name ‘sg_f32x4’
  226 |     sg_f32x4 w0 = sg_f32x4_mul(b0, sg_f32x4_splat(v0->ndc.w));
      |     ^~~~~~~~
/home/cosmo/Git/softgl/build/diagnostics/cross-triangle-packets/source-root/libsoftgl/src/frag_packet.h:227:5: error: unknown type name ‘sg_f32x4’
  227 |     sg_f32x4 w1 = sg_f32x4_mul(b1, sg_f32x4_splat(v1->ndc.w));
      |     ^~~~~~~~
/home/cosmo/Git/softgl/build/diagnostics/cross-triangle-packets/source-root/libsoftgl/src/frag_packet.h:228:5: error: unknown type name ‘sg_f32x4’
  228 |     sg_f32x4 w2 = sg_f32x4_mul(b2, sg_f32x4_splat(v2->ndc.w));
      |     ^~~~~~~~
/home/cosmo/Git/softgl/build/diagnostics/cross-triangle-packets/source-root/libsoftgl/src/frag_packet.h:229:5: error: unknown type name ‘sg_f32x4’
  229 |     sg_f32x4 sum = sg_f32x4_add(sg_f32x4_add(w0, w1), w2);
      |     ^~~~~~~~
/home/cosmo/Git/softgl/build/diagnostics/cross-triangle-packets/source-root/libsoftgl/src/frag_packet.h:230:14: error: implicit declaration of function ‘sg_mask4_live’ [-Wimplicit-function-declaration]
  230 |     live &= ~sg_mask4_live(sg_f32x4_le(sum, sg_f32x4_splat(0.f)));
      |              ^~~~~~~~~~~~~
/home/cosmo/Git/softgl/build/diagnostics/cross-triangle-packets/source-root/libsoftgl/src/frag_packet.h:230:28: error: implicit declaration of function ‘sg_f32x4_le’ [-Wimplicit-function-declaration]
  230 |     live &= ~sg_mask4_live(sg_f32x4_le(sum, sg_f32x4_splat(0.f)));
      |                            ^~~~~~~~~~~
/home/cosmo/Git/softgl/build/diagnostics/cross-triangle-packets/source-root/libsoftgl/src/frag_packet.h:232:5: error: unknown type name ‘sg_f32x4’
  232 |     sg_f32x4 inverse = sg_f32x4_div(sg_f32x4_splat(1.f), sum);
      |     ^~~~~~~~
/home/cosmo/Git/softgl/build/diagnostics/cross-triangle-packets/source-root/libsoftgl/src/frag_packet.h:232:24: error: implicit declaration of function ‘sg_f32x4_div’ [-Wimplicit-function-declaration]
  232 |     sg_f32x4 inverse = sg_f32x4_div(sg_f32x4_splat(1.f), sum);
      |                        ^~~~~~~~~~~~
/home/cosmo/Git/softgl/build/diagnostics/cross-triangle-packets/source-root/libsoftgl/src/frag_packet.h:233:5: error: unknown type name ‘sg_f32x4’
  233 |     sg_f32x4 color[4];
      |     ^~~~~~~~
/home/cosmo/Git/softgl/build/diagnostics/cross-triangle-packets/source-root/libsoftgl/src/frag_packet.h:234:16: error: implicit declaration of function ‘sg_packet_lerp’; did you mean ‘sg_packet_gather’? [-Wimplicit-function-declaration]
  234 |     color[0] = sg_packet_lerp(v0->color.x, v1->color.x, v2->color.x, w0, w1, w2, inverse);
      |                ^~~~~~~~~~~~~~
      |                sg_packet_gather
/home/cosmo/Git/softgl/build/diagnostics/cross-triangle-packets/source-root/libsoftgl/src/frag_packet.h:239:9: error: unknown type name ‘sg_f32x4’
  239 |         sg_f32x4 tex[4];
      |         ^~~~~~~~
/home/cosmo/Git/softgl/build/diagnostics/cross-triangle-packets/source-root/libsoftgl/src/frag_packet.h:240:9: error: implicit declaration of function ‘sg_packet_sample_unit’; did you mean ‘sg_tex_tri_sample_units’? [-Wimplicit-function-declaration]
  240 |         sg_packet_sample_unit(&t->unit[0], 0, v0, v1, v2, w0, w1, w2, inverse, live, 1, tex);
      |         ^~~~~~~~~~~~~~~~~~~~~
      |         sg_tex_tri_sample_units
/home/cosmo/Git/softgl/build/diagnostics/cross-triangle-packets/source-root/libsoftgl/src/frag_packet.h:243:9: error: unknown type name ‘sg_f32x4’
  243 |         sg_f32x4 tex[4][4];
      |         ^~~~~~~~
/home/cosmo/Git/softgl/build/diagnostics/cross-triangle-packets/source-root/libsoftgl/src/frag_packet.h:249:9: error: unknown type name ‘sg_f32x4’
  249 |         sg_f32x4 dot[3], half = sg_f32x4_splat(.5f);
      |         ^~~~~~~~
/home/cosmo/Git/softgl/build/diagnostics/cross-triangle-packets/source-root/libsoftgl/src/frag_packet.h:252:9: error: unknown type name ‘sg_f32x4’
  252 |         sg_f32x4 d = sg_chain_clamp(sg_f32x4_mul(sg_f32x4_splat(4.f),
      |         ^~~~~~~~
/home/cosmo/Git/softgl/build/diagnostics/cross-triangle-packets/source-root/libsoftgl/src/frag_packet.h:256:13: error: unknown type name ‘sg_f32x4’
  256 |             sg_f32x4 s = t->combine_kind == 1
      |             ^~~~~~~~
/home/cosmo/Git/softgl/build/diagnostics/cross-triangle-packets/source-root/libsoftgl/src/frag_packet.h:266:5: error: implicit declaration of function ‘_MM_TRANSPOSE4_PS’ [-Wimplicit-function-declaration]
  266 |     _MM_TRANSPOSE4_PS(color[0], color[1], color[2], color[3]);
      |     ^~~~~~~~~~~~~~~~~
In file included from /home/cosmo/Git/softgl/build/diagnostics/cross-triangle-packets/source-root/tests/cross_triangle_packets.c:6:
/home/cosmo/Git/softgl/build/diagnostics/cross-triangle-packets/source-root/libsoftgl/src/frag_varying_packet.h: At top level:
/home/cosmo/Git/softgl/build/diagnostics/cross-triangle-packets/source-root/libsoftgl/src/frag_varying_packet.h:12:11: error: unknown type name ‘sg_f32x4’
   12 | SG_INLINE sg_f32x4 sg_varying_lerp(const float a[4], const float b[4], const float d[4],
      |           ^~~~~~~~
/home/cosmo/Git/softgl/build/diagnostics/cross-triangle-packets/source-root/libsoftgl/src/frag_varying_packet.h:13:35: error: unknown type name ‘sg_f32x4’
   13 |                                   sg_f32x4 w0, sg_f32x4 w1, sg_f32x4 w2,
      |                                   ^~~~~~~~
/home/cosmo/Git/softgl/build/diagnostics/cross-triangle-packets/source-root/libsoftgl/src/frag_varying_packet.h:13:48: error: unknown type name ‘sg_f32x4’
   13 |                                   sg_f32x4 w0, sg_f32x4 w1, sg_f32x4 w2,
      |                                                ^~~~~~~~
/home/cosmo/Git/softgl/build/diagnostics/cross-triangle-packets/source-root/libsoftgl/src/frag_varying_packet.h:13:61: error: unknown type name ‘sg_f32x4’
   13 |                                   sg_f32x4 w0, sg_f32x4 w1, sg_f32x4 w2,
      |                                                             ^~~~~~~~
/home/cosmo/Git/softgl/build/diagnostics/cross-triangle-packets/source-root/libsoftgl/src/frag_varying_packet.h:14:35: error: unknown type name ‘sg_f32x4’
   14 |                                   sg_f32x4 inverse) {
      |                                   ^~~~~~~~
/home/cosmo/Git/softgl/build/diagnostics/cross-triangle-packets/source-root/libsoftgl/src/frag_varying_packet.h:23:39: error: unknown type name ‘sg_f32x4’
   23 |                                       sg_f32x4 w0, sg_f32x4 w1, sg_f32x4 w2,
      |                                       ^~~~~~~~
/home/cosmo/Git/softgl/build/diagnostics/cross-triangle-packets/source-root/libsoftgl/src/frag_varying_packet.h:23:52: error: unknown type name ‘sg_f32x4’
   23 |                                       sg_f32x4 w0, sg_f32x4 w1, sg_f32x4 w2,
      |                                                    ^~~~~~~~
/home/cosmo/Git/softgl/build/diagnostics/cross-triangle-packets/source-root/libsoftgl/src/frag_varying_packet.h:23:65: error: unknown type name ‘sg_f32x4’
   23 |                                       sg_f32x4 w0, sg_f32x4 w1, sg_f32x4 w2,
      |                                                                 ^~~~~~~~
/home/cosmo/Git/softgl/build/diagnostics/cross-triangle-packets/source-root/libsoftgl/src/frag_varying_packet.h:24:39: error: unknown type name ‘sg_f32x4’
   24 |                                       sg_f32x4 inverse, unsigned live, int integer_filter,
      |                                       ^~~~~~~~
/home/cosmo/Git/softgl/build/diagnostics/cross-triangle-packets/source-root/libsoftgl/src/frag_varying_packet.h:25:39: error: unknown type name ‘sg_f32x4’
   25 |                                       sg_f32x4 out[4]) {
      |                                       ^~~~~~~~
/home/cosmo/Git/softgl/build/diagnostics/cross-triangle-packets/source-root/libsoftgl/src/frag_varying_packet.h: In function ‘sg_shade_varying_packet’:
/home/cosmo/Git/softgl/build/diagnostics/cross-triangle-packets/source-root/libsoftgl/src/frag_varying_packet.h:66:5: error: unknown type name ‘sg_f32x4’
   66 |     sg_f32x4 b0 = sg_f32x4_mul(sg_f32x4_set((float)p->edge0[0], (float)p->edge0[1],
      |     ^~~~~~~~
/home/cosmo/Git/softgl/build/diagnostics/cross-triangle-packets/source-root/libsoftgl/src/frag_varying_packet.h:68:5: error: unknown type name ‘sg_f32x4’
   68 |     sg_f32x4 b1 = sg_f32x4_mul(sg_f32x4_set((float)p->edge1[0], (float)p->edge1[1],
      |     ^~~~~~~~
/home/cosmo/Git/softgl/build/diagnostics/cross-triangle-packets/source-root/libsoftgl/src/frag_varying_packet.h:70:5: error: unknown type name ‘sg_f32x4’
   70 |     sg_f32x4 b2 = sg_f32x4_sub(sg_f32x4_sub(sg_f32x4_splat(1.f), b0), b1);
      |     ^~~~~~~~
/home/cosmo/Git/softgl/build/diagnostics/cross-triangle-packets/source-root/libsoftgl/src/frag_varying_packet.h:71:5: error: unknown type name ‘sg_f32x4’
   71 |     sg_f32x4 w0 = sg_f32x4_mul(b0, sg_f32x4_load(p->inv_w[0]));
      |     ^~~~~~~~
/home/cosmo/Git/softgl/build/diagnostics/cross-triangle-packets/source-root/libsoftgl/src/frag_varying_packet.h:72:5: error: unknown type name ‘sg_f32x4’
   72 |     sg_f32x4 w1 = sg_f32x4_mul(b1, sg_f32x4_load(p->inv_w[1]));
      |     ^~~~~~~~
/home/cosmo/Git/softgl/build/diagnostics/cross-triangle-packets/source-root/libsoftgl/src/frag_varying_packet.h:73:5: error: unknown type name ‘sg_f32x4’
   73 |     sg_f32x4 w2 = sg_f32x4_mul(b2, sg_f32x4_load(p->inv_w[2]));
      |     ^~~~~~~~
/home/cosmo/Git/softgl/build/diagnostics/cross-triangle-packets/source-root/libsoftgl/src/frag_varying_packet.h:74:5: error: unknown type name ‘sg_f32x4’
   74 |     sg_f32x4 sum = sg_f32x4_add(sg_f32x4_add(w0, w1), w2);
      |     ^~~~~~~~
/home/cosmo/Git/softgl/build/diagnostics/cross-triangle-packets/source-root/libsoftgl/src/frag_varying_packet.h:77:5: error: unknown type name ‘sg_f32x4’
   77 |     sg_f32x4 inverse = sg_f32x4_div(sg_f32x4_splat(1.f), sum);
      |     ^~~~~~~~
/home/cosmo/Git/softgl/build/diagnostics/cross-triangle-packets/source-root/libsoftgl/src/frag_varying_packet.h:78:5: error: unknown type name ‘sg_f32x4’
   78 |     sg_f32x4 color[4];
      |     ^~~~~~~~
/home/cosmo/Git/softgl/build/diagnostics/cross-triangle-packets/source-root/libsoftgl/src/frag_varying_packet.h:79:16: error: implicit declaration of function ‘sg_varying_lerp’ [-Wimplicit-function-declaration]
   79 |     color[0] = sg_varying_lerp(p->color[0][0], p->color[1][0], p->color[2][0], w0, w1, w2, inverse);
      |                ^~~~~~~~~~~~~~~
/home/cosmo/Git/softgl/build/diagnostics/cross-triangle-packets/source-root/libsoftgl/src/frag_varying_packet.h:84:9: error: unknown type name ‘sg_f32x4’
   84 |         sg_f32x4 tex[4];
      |         ^~~~~~~~
/home/cosmo/Git/softgl/build/diagnostics/cross-triangle-packets/source-root/libsoftgl/src/frag_varying_packet.h:85:9: error: implicit declaration of function ‘sg_varying_sample_unit’ [-Wimplicit-function-declaration]
   85 |         sg_varying_sample_unit(&t->unit[0], 0, p, w0, w1, w2, inverse, live, 1, tex);
      |         ^~~~~~~~~~~~~~~~~~~~~~
/home/cosmo/Git/softgl/build/diagnostics/cross-triangle-packets/source-root/libsoftgl/src/frag_varying_packet.h:88:9: error: unknown type name ‘sg_f32x4’
   88 |         sg_f32x4 tex[4][4];
      |         ^~~~~~~~
/home/cosmo/Git/softgl/build/diagnostics/cross-triangle-packets/source-root/libsoftgl/src/frag_varying_packet.h:94:9: error: unknown type name ‘sg_f32x4’
   94 |         sg_f32x4 dot[3], half = sg_f32x4_splat(.5f);
      |         ^~~~~~~~
/home/cosmo/Git/softgl/build/diagnostics/cross-triangle-packets/source-root/libsoftgl/src/frag_varying_packet.h:97:9: error: unknown type name ‘sg_f32x4’
   97 |         sg_f32x4 d = sg_chain_clamp(sg_f32x4_mul(sg_f32x4_splat(4.f),
      |         ^~~~~~~~
/home/cosmo/Git/softgl/build/diagnostics/cross-triangle-packets/source-root/libsoftgl/src/frag_varying_packet.h:101:13: error: unknown type name ‘sg_f32x4’
  101 |             sg_f32x4 s = t->combine_kind == 1
      |             ^~~~~~~~
gmake[3]: *** [tests/CMakeFiles/cross_triangle_packets_production_contract.dir/build.make:79: tests/CMakeFiles/cross_triangle_packets_production_contract.dir/cross_triangle_packets.c.o] Error 1
gmake[2]: *** [CMakeFiles/Makefile2:18330: tests/CMakeFiles/cross_triangle_packets_production_contract.dir/all] Error 2
gmake[1]: *** [CMakeFiles/Makefile2:18337: tests/CMakeFiles/cross_triangle_packets_production_contract.dir/rule] Error 2
gmake: *** [Makefile:6803: cross_triangle_packets_production_contract] Error 2
