Close block present: 0
ing ${options['profile-scene']}: main thread and ${targets.length} workers`);
            await candidatePage.evaluate(() => window.perfProfileRun());
            const profiles = [];
            for (const session of sessions) {
                profiles.push({label: session.label, url: session.url, ...(await session.send('Profiler.stop'))});
            }
            const profilePath = output.replace(/\.json$/, '') + '.profiles.json';
            fs.mkdirSync(path.dirname(profilePath), {recursive: true});
            fs.writeFileSync(profilePath, JSON.stringify({scene: options['profile-scene'], profiles}) + '\n');
            result.profile = {scene: options['profile-scene'], path: profilePath, targets: sessions.length,
                intervalUs: 1000, preparation,
                note: 'Separate warmed diagnostic run; context/model loading, hierarchy preparation and warm-up excluded. Not benchmark acceptance evidence.'};
            await candidatePage.evaluate(() => window.perfProfileFinish());
            await mainSession.detach();
            await targetSession.detach();
        }
        saveResult(result);
        for (const scene of result.benchmarks.scenes) console.log(`${scene.name}: ${scene.medianMs.toFixed(3)} ms median${scene.changePercent === undefined ? "" : ` (${scene.changePercent.toFixed(1)}% paired change)`}`);
        console.log(`Results: ${output}`);
    } finally {
        if (browser) await browser.close();
        await new Promise(resolve => server.close(resolve));
    }
}
main().catch(error => { console.error(error); process.exitCode = 1; });

Traceback (most recent call last):
  File "/home/cosmo/Git/softgl/build/diagnostics/current-v8-raster-code/prepare-capture.py", line 34, in <module>
    if s.count(old)!=1:print(s[-1600:]);raise AssertionError('Inspect exact original finally block before creating observer')
                                        ^^^^^^^^^^^^^^^^^^^^^^^^^^^^^^^^^^^^^^^^^^^^^^^^^^^^^^^^^^^^^^^^^^^^^^^^^^^^^^^^^^^^^
AssertionError: Inspect exact original finally block before creating observer
